WARNING: TbFailure<1>: substituting chp model (requested prs, not found)
WARNING: CounterDriver<>: substituting chp model (requested prs, not found)
TB_RANDOM_CHOICE off
TB_WARNING_POLICY resume-on-warn
TB_STRESS_BEGIN 10000
[             7387570] <dut.logic>  WARNING: unstable transition on `fd_k__Sb_t_6'   [by dut.logic.k <- 1]
[             8098167] <dut.logic>  WARNING: unstable transition on `fd_k__Sb_f_1'   [by dut.logic.k <- 1]
[             8098167] <dut.logic>  WARNING: unstable transition on `fd_k__Sb_f_2'   [by dut.logic.k <- 1]
[             8098167] <dut.logic>  WARNING: unstable transition on `fd_k__Sb_f_5'   [by dut.logic.k <- 1]
[             8098167] <dut.logic>  WARNING: unstable transition on `fd_k__Sb_t_7'   [by dut.logic.k <- 1]
[            18210201] <dut.logic>  WARNING: unstable transition on `fd_k__Sb_f_4'   [by dut.logic.k <- 1]
[            18210201] <dut.logic>  WARNING: unstable transition on `fd_k__Sb_f_7'   [by dut.logic.k <- 1]
[            18210201] <dut.logic>  WARNING: unstable transition on `fd_k__Sb_t_1'   [by dut.logic.k <- 1]
[            24644053] <dut.logic>  WARNING: unstable transition on `fd_k__Sb_t_6'   [by dut.logic.k <- 1]
[            26316309] <dut.logic>  WARNING: unstable transition on `fd_k__Sb_f_4'   [by dut.logic.k <- 1]
[            28971152] <dut.logic>  WARNING: unstable transition on `fd_k__Sb_f_4'   [by dut.logic.k <- 1]
[            28971152] <dut.logic>  WARNING: unstable transition on `fd_k__Sb_f_5'   [by dut.logic.k <- 1]
[            32196552] <dut.logic>  WARNING: unstable transition on `fd_k__Sb_f_0'   [by dut.logic.k <- 1]
[            32196552] <dut.logic>  WARNING: unstable transition on `fd_k__Sb_f_2'   [by dut.logic.k <- 1]
[            32196552] <dut.logic>  WARNING: unstable transition on `fd_k__Sb_t_0'   [by dut.logic.k <- 1]
[            32196552] <dut.logic>  WARNING: unstable transition on `fd_k__Sb_t_4'   [by dut.logic.k <- 1]
[            32196552] <dut.logic>  WARNING: unstable transition on `fd_k__Sb_t_5'   [by dut.logic.k <- 1]
[            32196552] <dut.logic>  WARNING: unstable transition on `fd_k__Sb_t_7'   [by dut.logic.k <- 1]
[            37674736] <dut.logic>  WARNING: unstable transition on `fd_k__Sb_t_0'   [by dut.logic.k <- 1]
[            38221584] <dut.logic>  WARNING: unstable transition on `fd_k__Sb_f_7'   [by dut.logic.k <- 1]
[            38221584] <dut.logic>  WARNING: unstable transition on `fd_k__Sb_t_2'   [by dut.logic.k <- 1]
[            38221584] <dut.logic>  WARNING: unstable transition on `fd_k__Sb_t_7'   [by dut.logic.k <- 1]
[            38474790] <dut.logic>  WARNING: unstable transition on `fd_k__Sb_t_3'   [by dut.logic.k <- 1]
[            42509017] <dut.logic>  WARNING: unstable transition on `fd_k__Sb_t_1'   [by dut.logic.k <- 1]
[            42509017] <dut.logic>  WARNING: unstable transition on `fd_k__Sb_t_2'   [by dut.logic.k <- 1]
[            42509017] <dut.logic>  WARNING: unstable transition on `fd_k__Sb_t_3'   [by dut.logic.k <- 1]
[            42509017] <dut.logic>  WARNING: unstable transition on `fd_k__Sb_t_4'   [by dut.logic.k <- 1]
[            42509017] <dut.logic>  WARNING: unstable transition on `fd_k__Sb_t_5'   [by dut.logic.k <- 1]
[            42509017] <dut.logic>  WARNING: unstable transition on `fd_k__Sb_t_6'   [by dut.logic.k <- 1]
[            46776414] <dut.logic>  WARNING: unstable transition on `fd_k__Sb_f_4'   [by dut.logic.k <- 1]
[            48366637] <dut.logic>  WARNING: unstable transition on `fd_k__Sb_f_0'   [by dut.logic.k <- 1]
[            48366637] <dut.logic>  WARNING: unstable transition on `fd_k__Sb_f_2'   [by dut.logic.k <- 1]
[            54421871] <dut.logic>  WARNING: unstable transition on `fd_k__Sb_f_4'   [by dut.logic.k <- 1]
[            64589893] <dut.logic>  WARNING: unstable transition on `fd_k__Sb_t_7'   [by dut.logic.k <- 1]
[            66400455] <dut.logic>  WARNING: unstable transition on `fd_k__Sb_f_5'   [by dut.logic.k <- 1]
[            66400455] <dut.logic>  WARNING: unstable transition on `fd_k__Sb_f_6'   [by dut.logic.k <- 1]
[            66400455] <dut.logic>  WARNING: unstable transition on `fd_k__Sb_t_5'   [by dut.logic.k <- 1]
[            66400455] <dut.logic>  WARNING: unstable transition on `fd_k__Sb_t_6'   [by dut.logic.k <- 1]
[            71984733] <dut.logic>  WARNING: unstable transition on `fd_k__Sb_f_1'   [by dut.logic.k <- 1]
[            71984733] <dut.logic>  WARNING: unstable transition on `fd_k__Sb_f_4'   [by dut.logic.k <- 1]
[            71984733] <dut.logic>  WARNING: unstable transition on `fd_k__Sb_t_3'   [by dut.logic.k <- 1]
[            74701162] <dut.logic>  WARNING: unstable transition on `fd_k__Sb_f_0'   [by dut.logic.k <- 1]
[            74701162] <dut.logic>  WARNING: unstable transition on `fd_k__Sb_f_4'   [by dut.logic.k <- 1]
[            74701162] <dut.logic>  WARNING: unstable transition on `fd_k__Sb_f_6'   [by dut.logic.k <- 1]
[            74701162] <dut.logic>  WARNING: unstable transition on `fd_k__Sb_f_7'   [by dut.logic.k <- 1]
[            74701162] <dut.logic>  WARNING: unstable transition on `fd_k__Sb_t_2'   [by dut.logic.k <- 1]
[            74701162] <dut.logic>  WARNING: unstable transition on `fd_k__Sb_t_4'   [by dut.logic.k <- 1]
[            74701162] <dut.logic>  WARNING: unstable transition on `fd_k__Sb_t_5'   [by dut.logic.k <- 1]
[            76969387] <dut.logic>  WARNING: unstable transition on `fd_k__Sb_t_0'   [by dut.logic.k <- 1]
[            81570428] <dut.logic>  WARNING: unstable transition on `fd_k__Sb_f_4'   [by dut.logic.k <- 1]
[            81570428] <dut.logic>  WARNING: unstable transition on `fd_k__Sb_f_5'   [by dut.logic.k <- 1]
[            81570428] <dut.logic>  WARNING: unstable transition on `fd_k__Sb_t_1'   [by dut.logic.k <- 1]
[            81570428] <dut.logic>  WARNING: unstable transition on `fd_k__Sb_t_2'   [by dut.logic.k <- 1]
[            81570428] <dut.logic>  WARNING: unstable transition on `fd_k__Sb_t_7'   [by dut.logic.k <- 1]
[            87153557] <dut.logic>  WARNING: unstable transition on `fd_k__Sb_f_0'   [by dut.logic.k <- 1]
[            87153557] <dut.logic>  WARNING: unstable transition on `fd_k__Sb_t_0'   [by dut.logic.k <- 1]
[            87153557] <dut.logic>  WARNING: unstable transition on `fd_k__Sb_t_2'   [by dut.logic.k <- 1]
[            98712960] <dut.logic>  WARNING: unstable transition on `fd_k__Sb_t_5'   [by dut.logic.k <- 1]
[           100108409] <dut.logic>  WARNING: unstable transition on `fd_k__Sb_t_6'   [by dut.logic.k <- 1]
[           100108409] <dut.logic>  WARNING: unstable transition on `fd_k__Sb_t_7'   [by dut.logic.k <- 1]
[           104123731] <dut.logic>  WARNING: unstable transition on `fd_k__Sb_t_4'   [by dut.logic.k <- 1]
[           105777798] <dut.logic>  WARNING: unstable transition on `fd_k__Sb_f_4'   [by dut.logic.k <- 1]
[           105777798] <dut.logic>  WARNING: unstable transition on `fd_k__Sb_t_2'   [by dut.logic.k <- 1]
[           105777798] <dut.logic>  WARNING: unstable transition on `fd_k__Sb_t_3'   [by dut.logic.k <- 1]
[           105777798] <dut.logic>  WARNING: unstable transition on `fd_k__Sb_t_5'   [by dut.logic.k <- 1]
[           105777798] <dut.logic>  WARNING: unstable transition on `fd_k__Sb_t_6'   [by dut.logic.k <- 1]
[           105777798] <dut.logic>  WARNING: unstable transition on `fd_k__Sb_t_7'   [by dut.logic.k <- 1]
[           110383658] <dut.logic>  WARNING: unstable transition on `fd_k__Sb_f_2'   [by dut.logic.k <- 1]
[           110383658] <dut.logic>  WARNING: unstable transition on `fd_k__Sb_f_4'   [by dut.logic.k <- 1]
[           110383658] <dut.logic>  WARNING: unstable transition on `fd_k__Sb_t_3'   [by dut.logic.k <- 1]
[           114538504] <dut.logic>  WARNING: unstable transition on `fd_k__Sb_t_2'   [by dut.logic.k <- 1]
[           118926488] <dut.logic>  WARNING: unstable transition on `fd_k__Sb_f_2'   [by dut.logic.k <- 1]
[           120140891] <dut.logic>  WARNING: unstable transition on `fd_k__Sb_t_2'   [by dut.logic.k <- 1]
[           120666935] <dut.logic>  WARNING: unstable transition on `fd_k__Sb_t_5'   [by dut.logic.k <- 1]
[           134167332] <dut.logic>  WARNING: unstable transition on `fd_k__Sb_f_4'   [by dut.logic.k <- 1]
[           134167332] <dut.logic>  WARNING: unstable transition on `fd_k__Sb_t_1'   [by dut.logic.k <- 1]
[           134167332] <dut.logic>  WARNING: unstable transition on `fd_k__Sb_t_2'   [by dut.logic.k <- 1]
[           134167332] <dut.logic>  WARNING: unstable transition on `fd_k__Sb_t_5'   [by dut.logic.k <- 1]
[           134167332] <dut.logic>  WARNING: unstable transition on `fd_k__Sb_t_6'   [by dut.logic.k <- 1]
[           143530420] <dut.logic>  WARNING: unstable transition on `fd_k__Sb_t_3'   [by dut.logic.k <- 1]
[           156146254] <dut.logic>  WARNING: unstable transition on `fd_k__Sb_f_0'   [by dut.logic.k <- 1]
[           156146254] <dut.logic>  WARNING: unstable transition on `fd_k__Sb_t_3'   [by dut.logic.k <- 1]
[           156146254] <dut.logic>  WARNING: unstable transition on `fd_k__Sb_t_6'   [by dut.logic.k <- 1]
[           157230851] <dut.logic>  WARNING: unstable transition on `fd_k__Sb_f_2'   [by dut.logic.k <- 1]
[           157230851] <dut.logic>  WARNING: unstable transition on `fd_k__Sb_t_0'   [by dut.logic.k <- 1]
[           157550198] <dut.logic>  WARNING: unstable transition on `fd_k__Sb_f_2'   [by dut.logic.k <- 1]
[           157550198] <dut.logic>  WARNING: unstable transition on `fd_k__Sb_f_6'   [by dut.logic.k <- 1]
[           157550198] <dut.logic>  WARNING: unstable transition on `fd_k__Sb_f_7'   [by dut.logic.k <- 1]
[           157550198] <dut.logic>  WARNING: unstable transition on `fd_k__Sb_t_2'   [by dut.logic.k <- 1]
[           157550198] <dut.logic>  WARNING: unstable transition on `fd_k__Sb_t_3'   [by dut.logic.k <- 1]
[           171737505] <dut.logic>  WARNING: unstable transition on `fd_k__Sb_f_0'   [by dut.logic.k <- 1]
[           171737505] <dut.logic>  WARNING: unstable transition on `fd_k__Sb_f_2'   [by dut.logic.k <- 1]
[           171737505] <dut.logic>  WARNING: unstable transition on `fd_k__Sb_f_5'   [by dut.logic.k <- 1]
[           171737505] <dut.logic>  WARNING: unstable transition on `fd_k__Sb_f_6'   [by dut.logic.k <- 1]
[           171737505] <dut.logic>  WARNING: unstable transition on `fd_k__Sb_f_7'   [by dut.logic.k <- 1]
[           171737505] <dut.logic>  WARNING: unstable transition on `fd_k__Sb_t_0'   [by dut.logic.k <- 1]
[           171737505] <dut.logic>  WARNING: unstable transition on `fd_k__Sb_t_3'   [by dut.logic.k <- 1]
[           171737505] <dut.logic>  WARNING: unstable transition on `fd_k__Sb_t_4'   [by dut.logic.k <- 1]
[           174782740] <dut.logic>  WARNING: unstable transition on `fd_k__Sb_f_1'   [by dut.logic.k <- 1]
[           174782740] <dut.logic>  WARNING: unstable transition on `fd_k__Sb_f_5'   [by dut.logic.k <- 1]
[           174782740] <dut.logic>  WARNING: unstable transition on `fd_k__Sb_t_0'   [by dut.logic.k <- 1]
[           174782740] <dut.logic>  WARNING: unstable transition on `fd_k__Sb_t_3'   [by dut.logic.k <- 1]
[           174782740] <dut.logic>  WARNING: unstable transition on `fd_k__Sb_t_4'   [by dut.logic.k <- 1]
[           174782740] <dut.logic>  WARNING: unstable transition on `fd_k__Sb_t_7'   [by dut.logic.k <- 1]
[           175697548] <dut.logic>  WARNING: unstable transition on `fd_k__Sb_f_0'   [by dut.logic.k <- 1]
[           175697548] <dut.logic>  WARNING: unstable transition on `fd_k__Sb_f_7'   [by dut.logic.k <- 1]
[           175697548] <dut.logic>  WARNING: unstable transition on `fd_k__Sb_t_0'   [by dut.logic.k <- 1]
[           184921137] <dut.logic>  WARNING: unstable transition on `fd_k__Sb_f_3'   [by dut.logic.k <- 1]
[           184921137] <dut.logic>  WARNING: unstable transition on `fd_k__Sb_f_7'   [by dut.logic.k <- 1]
[           184921137] <dut.logic>  WARNING: unstable transition on `fd_k__Sb_t_7'   [by dut.logic.k <- 1]
[           189750244] <dut.logic>  WARNING: unstable transition on `fd_k__Sb_f_3'   [by dut.logic.k <- 1]
[           197566853] <dut.logic>  WARNING: unstable transition on `fd_k__Sb_f_1'   [by dut.logic.k <- 1]
[           198663231] <dut.logic>  WARNING: unstable transition on `fd_k__Sb_f_1'   [by dut.logic.k <- 1]
[           198663231] <dut.logic>  WARNING: unstable transition on `fd_k__Sb_f_2'   [by dut.logic.k <- 1]
[           198663231] <dut.logic>  WARNING: unstable transition on `fd_k__Sb_t_1'   [by dut.logic.k <- 1]
[           198663231] <dut.logic>  WARNING: unstable transition on `fd_k__Sb_t_4'   [by dut.logic.k <- 1]
[           202235991] <dut.logic>  WARNING: unstable transition on `fd_k__Sb_f_1'   [by dut.logic.k <- 1]
[           202235991] <dut.logic>  WARNING: unstable transition on `fd_k__Sb_f_2'   [by dut.logic.k <- 1]
[           202235991] <dut.logic>  WARNING: unstable transition on `fd_k__Sb_f_7'   [by dut.logic.k <- 1]
[           202235991] <dut.logic>  WARNING: unstable transition on `fd_k__Sb_t_3'   [by dut.logic.k <- 1]
[           212622082] <dut.logic>  WARNING: unstable transition on `fd_k__Sb_f_0'   [by dut.logic.k <- 1]
[           212622082] <dut.logic>  WARNING: unstable transition on `fd_k__Sb_f_2'   [by dut.logic.k <- 1]
[           212622082] <dut.logic>  WARNING: unstable transition on `fd_k__Sb_t_7'   [by dut.logic.k <- 1]
[           214770104] <dut.logic>  WARNING: unstable transition on `fd_k__Sb_t_5'   [by dut.logic.k <- 1]
[           216680760] <dut.logic>  WARNING: unstable transition on `fd_k__Sb_f_3'   [by dut.logic.k <- 1]
[           216680760] <dut.logic>  WARNING: unstable transition on `fd_k__Sb_t_2'   [by dut.logic.k <- 1]
[           216680760] <dut.logic>  WARNING: unstable transition on `fd_k__Sb_t_3'   [by dut.logic.k <- 1]
[           216680760] <dut.logic>  WARNING: unstable transition on `fd_k__Sb_t_4'   [by dut.logic.k <- 1]
[           223547230] <dut.logic>  WARNING: unstable transition on `fd_k__Sb_f_2'   [by dut.logic.k <- 1]
[           223547230] <dut.logic>  WARNING: unstable transition on `fd_k__Sb_f_6'   [by dut.logic.k <- 1]
[           223547230] <dut.logic>  WARNING: unstable transition on `fd_k__Sb_t_3'   [by dut.logic.k <- 1]
[           223547230] <dut.logic>  WARNING: unstable transition on `fd_k__Sb_t_5'   [by dut.logic.k <- 1]
[           223547230] <dut.logic>  WARNING: unstable transition on `fd_k__Sb_t_6'   [by dut.logic.k <- 1]
[           223547230] <dut.logic>  WARNING: unstable transition on `fd_k__Sb_t_7'   [by dut.logic.k <- 1]
[           241933779] <dut.logic>  WARNING: unstable transition on `fd_k__Sb_f_2'   [by dut.logic.k <- 1]
[           241933779] <dut.logic>  WARNING: unstable transition on `fd_k__Sb_f_3'   [by dut.logic.k <- 1]
[           241933779] <dut.logic>  WARNING: unstable transition on `fd_k__Sb_f_5'   [by dut.logic.k <- 1]
[           241933779] <dut.logic>  WARNING: unstable transition on `fd_k__Sb_t_2'   [by dut.logic.k <- 1]
[           241933779] <dut.logic>  WARNING: unstable transition on `fd_k__Sb_t_5'   [by dut.logic.k <- 1]
[           241933779] <dut.logic>  WARNING: unstable transition on `fd_k__Sb_t_7'   [by dut.logic.k <- 1]
[           248871740] <dut.logic>  WARNING: unstable transition on `fd_k__Sb_f_6'   [by dut.logic.k <- 1]
[           248871740] <dut.logic>  WARNING: unstable transition on `fd_k__Sb_t_0'   [by dut.logic.k <- 1]
[           248871740] <dut.logic>  WARNING: unstable transition on `fd_k__Sb_t_2'   [by dut.logic.k <- 1]
[           248871740] <dut.logic>  WARNING: unstable transition on `fd_k__Sb_t_4'   [by dut.logic.k <- 1]
[           248871740] <dut.logic>  WARNING: unstable transition on `fd_k__Sb_t_7'   [by dut.logic.k <- 1]
[           253842014] <dut.logic>  WARNING: unstable transition on `fd_k__Sb_f_2'   [by dut.logic.k <- 1]
[           253842014] <dut.logic>  WARNING: unstable transition on `fd_k__Sb_f_5'   [by dut.logic.k <- 1]
[           253842014] <dut.logic>  WARNING: unstable transition on `fd_k__Sb_t_2'   [by dut.logic.k <- 1]
[           259778855] <dut.logic>  WARNING: unstable transition on `fd_k__Sb_f_1'   [by dut.logic.k <- 1]
[           259778855] <dut.logic>  WARNING: unstable transition on `fd_k__Sb_f_2'   [by dut.logic.k <- 1]
[           259778855] <dut.logic>  WARNING: unstable transition on `fd_k__Sb_f_3'   [by dut.logic.k <- 1]
[           259778855] <dut.logic>  WARNING: unstable transition on `fd_k__Sb_f_7'   [by dut.logic.k <- 1]
[           276427346] <dut.logic>  WARNING: unstable transition on `fd_k__Sb_t_2'   [by dut.logic.k <- 1]
[           276427346] <dut.logic>  WARNING: unstable transition on `fd_k__Sb_t_7'   [by dut.logic.k <- 1]
[           280719903] <dut.logic>  WARNING: unstable transition on `fd_k__Sb_f_3'   [by dut.logic.k <- 1]
[           280719903] <dut.logic>  WARNING: unstable transition on `fd_k__Sb_f_6'   [by dut.logic.k <- 1]
[           280719903] <dut.logic>  WARNING: unstable transition on `fd_k__Sb_f_7'   [by dut.logic.k <- 1]
[           280719903] <dut.logic>  WARNING: unstable transition on `fd_k__Sb_t_2'   [by dut.logic.k <- 1]
[           283975736] <dut.logic>  WARNING: unstable transition on `fd_k__Sb_f_0'   [by dut.logic.k <- 1]
[           287009029] <dut.logic>  WARNING: unstable transition on `fd_k__Sb_f_1'   [by dut.logic.k <- 1]
[           287009029] <dut.logic>  WARNING: unstable transition on `fd_k__Sb_t_5'   [by dut.logic.k <- 1]
[           287566558] <dut.logic>  WARNING: unstable transition on `fd_k__Sb_f_0'   [by dut.logic.k <- 1]
[           287566558] <dut.logic>  WARNING: unstable transition on `fd_k__Sb_f_6'   [by dut.logic.k <- 1]
[           287566558] <dut.logic>  WARNING: unstable transition on `fd_k__Sb_t_0'   [by dut.logic.k <- 1]
[           287566558] <dut.logic>  WARNING: unstable transition on `fd_k__Sb_t_3'   [by dut.logic.k <- 1]
[           287566558] <dut.logic>  WARNING: unstable transition on `fd_k__Sb_t_5'   [by dut.logic.k <- 1]
[           287566558] <dut.logic>  WARNING: unstable transition on `fd_k__Sb_t_6'   [by dut.logic.k <- 1]
[           287566558] <dut.logic>  WARNING: unstable transition on `fd_k__Sb_t_7'   [by dut.logic.k <- 1]
[           295063327] <dut.logic>  WARNING: unstable transition on `fd_k__Sb_f_4'   [by dut.logic.k <- 1]
[           295063327] <dut.logic>  WARNING: unstable transition on `fd_k__Sb_f_6'   [by dut.logic.k <- 1]
[           295063327] <dut.logic>  WARNING: unstable transition on `fd_k__Sb_t_1'   [by dut.logic.k <- 1]
[           295063327] <dut.logic>  WARNING: unstable transition on `fd_k__Sb_t_6'   [by dut.logic.k <- 1]
[           296489570] <dut.logic>  WARNING: unstable transition on `fd_k__Sb_f_2'   [by dut.logic.k <- 1]
[           296489570] <dut.logic>  WARNING: unstable transition on `fd_k__Sb_f_7'   [by dut.logic.k <- 1]
[           296489570] <dut.logic>  WARNING: unstable transition on `fd_k__Sb_t_3'   [by dut.logic.k <- 1]
[           296489570] <dut.logic>  WARNING: unstable transition on `fd_k__Sb_t_4'   [by dut.logic.k <- 1]
[           299936642] <dut.logic>  WARNING: unstable transition on `fd_k__Sb_t_7'   [by dut.logic.k <- 1]
[           300472887] <dut.logic>  WARNING: unstable transition on `fd_k__Sb_f_0'   [by dut.logic.k <- 1]
[           300472887] <dut.logic>  WARNING: unstable transition on `fd_k__Sb_f_1'   [by dut.logic.k <- 1]
[           300472887] <dut.logic>  WARNING: unstable transition on `fd_k__Sb_f_2'   [by dut.logic.k <- 1]
[           300472887] <dut.logic>  WARNING: unstable transition on `fd_k__Sb_f_5'   [by dut.logic.k <- 1]
[           300472887] <dut.logic>  WARNING: unstable transition on `fd_k__Sb_t_0'   [by dut.logic.k <- 1]
[           300472887] <dut.logic>  WARNING: unstable transition on `fd_k__Sb_t_7'   [by dut.logic.k <- 1]
[           303885175] <dut.logic>  WARNING: unstable transition on `fd_k__Sb_t_5'   [by dut.logic.k <- 1]
[           308217373] <dut.logic>  WARNING: unstable transition on `fd_k__Sb_t_0'   [by dut.logic.k <- 1]
[           308217373] <dut.logic>  WARNING: unstable transition on `fd_k__Sb_t_6'   [by dut.logic.k <- 1]
[           311638169] <dut.logic>  WARNING: unstable transition on `fd_k__Sb_t_7'   [by dut.logic.k <- 1]
[           319574438] <dut.logic>  WARNING: unstable transition on `fd_k__Sb_f_0'   [by dut.logic.k <- 1]
[           319574438] <dut.logic>  WARNING: unstable transition on `fd_k__Sb_f_5'   [by dut.logic.k <- 1]
[           319574438] <dut.logic>  WARNING: unstable transition on `fd_k__Sb_f_6'   [by dut.logic.k <- 1]
[           319574438] <dut.logic>  WARNING: unstable transition on `fd_k__Sb_t_0'   [by dut.logic.k <- 1]
[           319574438] <dut.logic>  WARNING: unstable transition on `fd_k__Sb_t_1'   [by dut.logic.k <- 1]
[           319574438] <dut.logic>  WARNING: unstable transition on `fd_k__Sb_t_2'   [by dut.logic.k <- 1]
[           319574438] <dut.logic>  WARNING: unstable transition on `fd_k__Sb_t_3'   [by dut.logic.k <- 1]
[           319574438] <dut.logic>  WARNING: unstable transition on `fd_k__Sb_t_4'   [by dut.logic.k <- 1]
[           319574438] <dut.logic>  WARNING: unstable transition on `fd_k__Sb_t_5'   [by dut.logic.k <- 1]
[           319574438] <dut.logic>  WARNING: unstable transition on `fd_k__Sb_t_6'   [by dut.logic.k <- 1]
[           319574438] <dut.logic>  WARNING: unstable transition on `fd_k__Sb_t_7'   [by dut.logic.k <- 1]
[           321796234] <dut.logic>  WARNING: unstable transition on `fd_k__Sb_f_3'   [by dut.logic.k <- 1]
[           321796234] <dut.logic>  WARNING: unstable transition on `fd_k__Sb_f_4'   [by dut.logic.k <- 1]
[           321796234] <dut.logic>  WARNING: unstable transition on `fd_k__Sb_t_0'   [by dut.logic.k <- 1]
[           321796234] <dut.logic>  WARNING: unstable transition on `fd_k__Sb_t_7'   [by dut.logic.k <- 1]
[           324871829] <dut.logic>  WARNING: unstable transition on `fd_k__Sb_f_3'   [by dut.logic.k <- 1]
[           324871829] <dut.logic>  WARNING: unstable transition on `fd_k__Sb_f_7'   [by dut.logic.k <- 1]
[           324871829] <dut.logic>  WARNING: unstable transition on `fd_k__Sb_t_5'   [by dut.logic.k <- 1]
[           324871829] <dut.logic>  WARNING: unstable transition on `fd_k__Sb_t_6'   [by dut.logic.k <- 1]
[           324871829] <dut.logic>  WARNING: unstable transition on `fd_k__Sb_t_7'   [by dut.logic.k <- 1]
[           337424432] <dut.logic>  WARNING: unstable transition on `fd_k__Sb_f_6'   [by dut.logic.k <- 1]
[           337424432] <dut.logic>  WARNING: unstable transition on `fd_k__Sb_t_0'   [by dut.logic.k <- 1]
[           337424432] <dut.logic>  WARNING: unstable transition on `fd_k__Sb_t_5'   [by dut.logic.k <- 1]
[           341375354] <dut.logic>  WARNING: unstable transition on `fd_k__Sb_f_1'   [by dut.logic.k <- 1]
[           341375354] <dut.logic>  WARNING: unstable transition on `fd_k__Sb_f_3'   [by dut.logic.k <- 1]
[           341375354] <dut.logic>  WARNING: unstable transition on `fd_k__Sb_f_5'   [by dut.logic.k <- 1]
[           341375354] <dut.logic>  WARNING: unstable transition on `fd_k__Sb_t_4'   [by dut.logic.k <- 1]
[           341375354] <dut.logic>  WARNING: unstable transition on `fd_k__Sb_t_5'   [by dut.logic.k <- 1]
[           342070918] <dut.logic>  WARNING: unstable transition on `fd_k__Sb_f_2'   [by dut.logic.k <- 1]
[           342070918] <dut.logic>  WARNING: unstable transition on `fd_k__Sb_t_4'   [by dut.logic.k <- 1]
[           344970787] <dut.logic>  WARNING: unstable transition on `fd_k__Sb_f_0'   [by dut.logic.k <- 1]
[           344970787] <dut.logic>  WARNING: unstable transition on `fd_k__Sb_f_3'   [by dut.logic.k <- 1]
[           344970787] <dut.logic>  WARNING: unstable transition on `fd_k__Sb_f_6'   [by dut.logic.k <- 1]
[           344970787] <dut.logic>  WARNING: unstable transition on `fd_k__Sb_f_7'   [by dut.logic.k <- 1]
[           344970787] <dut.logic>  WARNING: unstable transition on `fd_k__Sb_t_1'   [by dut.logic.k <- 1]
[           344970787] <dut.logic>  WARNING: unstable transition on `fd_k__Sb_t_2'   [by dut.logic.k <- 1]
[           344970787] <dut.logic>  WARNING: unstable transition on `fd_k__Sb_t_3'   [by dut.logic.k <- 1]
[           344970787] <dut.logic>  WARNING: unstable transition on `fd_k__Sb_t_4'   [by dut.logic.k <- 1]
[           344970787] <dut.logic>  WARNING: unstable transition on `fd_k__Sb_t_7'   [by dut.logic.k <- 1]
[           366350449] <dut.logic>  WARNING: unstable transition on `fd_k__Sb_t_5'   [by dut.logic.k <- 1]
[           368374141] <dut.logic>  WARNING: unstable transition on `fd_k__Sb_f_4'   [by dut.logic.k <- 1]
[           368374141] <dut.logic>  WARNING: unstable transition on `fd_k__Sb_t_2'   [by dut.logic.k <- 1]
[           368374141] <dut.logic>  WARNING: unstable transition on `fd_k__Sb_t_3'   [by dut.logic.k <- 1]
[           368374141] <dut.logic>  WARNING: unstable transition on `fd_k__Sb_t_6'   [by dut.logic.k <- 1]
[           368374141] <dut.logic>  WARNING: unstable transition on `fd_k__Sb_t_7'   [by dut.logic.k <- 1]
[           369238563] <dut.logic>  WARNING: unstable transition on `fd_k__Sb_t_3'   [by dut.logic.k <- 1]
[           369238563] <dut.logic>  WARNING: unstable transition on `fd_k__Sb_t_7'   [by dut.logic.k <- 1]
[           375423290] <dut.logic>  WARNING: unstable transition on `fd_k__Sb_f_6'   [by dut.logic.k <- 1]
[           375423290] <dut.logic>  WARNING: unstable transition on `fd_k__Sb_t_5'   [by dut.logic.k <- 1]
[           375423290] <dut.logic>  WARNING: unstable transition on `fd_k__Sb_t_7'   [by dut.logic.k <- 1]
[           384127913] <dut.logic>  WARNING: unstable transition on `fd_k__Sb_f_1'   [by dut.logic.k <- 1]
[           384127913] <dut.logic>  WARNING: unstable transition on `fd_k__Sb_f_2'   [by dut.logic.k <- 1]
[           384127913] <dut.logic>  WARNING: unstable transition on `fd_k__Sb_f_4'   [by dut.logic.k <- 1]
[           384127913] <dut.logic>  WARNING: unstable transition on `fd_k__Sb_f_5'   [by dut.logic.k <- 1]
[           384127913] <dut.logic>  WARNING: unstable transition on `fd_k__Sb_t_0'   [by dut.logic.k <- 1]
[           384127913] <dut.logic>  WARNING: unstable transition on `fd_k__Sb_t_3'   [by dut.logic.k <- 1]
[           384127913] <dut.logic>  WARNING: unstable transition on `fd_k__Sb_t_6'   [by dut.logic.k <- 1]
[           384127913] <dut.logic>  WARNING: unstable transition on `fd_k__Sb_t_7'   [by dut.logic.k <- 1]
[           385894088] <dut.logic>  WARNING: unstable transition on `fd_k__Sb_t_7'   [by dut.logic.k <- 1]
[           388577112] <dut.logic>  WARNING: unstable transition on `fd_k__Sb_f_0'   [by dut.logic.k <- 1]
[           388577112] <dut.logic>  WARNING: unstable transition on `fd_k__Sb_f_4'   [by dut.logic.k <- 1]
[           388577112] <dut.logic>  WARNING: unstable transition on `fd_k__Sb_f_5'   [by dut.logic.k <- 1]
[           388577112] <dut.logic>  WARNING: unstable transition on `fd_k__Sb_f_6'   [by dut.logic.k <- 1]
[           388577112] <dut.logic>  WARNING: unstable transition on `fd_k__Sb_f_7'   [by dut.logic.k <- 1]
[           388577112] <dut.logic>  WARNING: unstable transition on `fd_k__Sb_t_1'   [by dut.logic.k <- 1]
[           388577112] <dut.logic>  WARNING: unstable transition on `fd_k__Sb_t_3'   [by dut.logic.k <- 1]
[           388577112] <dut.logic>  WARNING: unstable transition on `fd_k__Sb_t_5'   [by dut.logic.k <- 1]
[           388577112] <dut.logic>  WARNING: unstable transition on `fd_k__Sb_t_7'   [by dut.logic.k <- 1]
[           391592958] <dut.logic>  WARNING: unstable transition on `fd_k__Sb_f_0'   [by dut.logic.k <- 1]
[           391592958] <dut.logic>  WARNING: unstable transition on `fd_k__Sb_f_1'   [by dut.logic.k <- 1]
[           391592958] <dut.logic>  WARNING: unstable transition on `fd_k__Sb_f_3'   [by dut.logic.k <- 1]
[           391592958] <dut.logic>  WARNING: unstable transition on `fd_k__Sb_f_4'   [by dut.logic.k <- 1]
[           391592958] <dut.logic>  WARNING: unstable transition on `fd_k__Sb_f_5'   [by dut.logic.k <- 1]
[           391592958] <dut.logic>  WARNING: unstable transition on `fd_k__Sb_f_6'   [by dut.logic.k <- 1]
[           391592958] <dut.logic>  WARNING: unstable transition on `fd_k__Sb_f_7'   [by dut.logic.k <- 1]
[           391592958] <dut.logic>  WARNING: unstable transition on `fd_k__Sb_t_0'   [by dut.logic.k <- 1]
[           391592958] <dut.logic>  WARNING: unstable transition on `fd_k__Sb_t_3'   [by dut.logic.k <- 1]
[           391592958] <dut.logic>  WARNING: unstable transition on `fd_k__Sb_t_7'   [by dut.logic.k <- 1]
[           391672931] <dut.logic>  WARNING: unstable transition on `fd_k__Sb_f_2'   [by dut.logic.k <- 1]
[           391672931] <dut.logic>  WARNING: unstable transition on `fd_k__Sb_t_5'   [by dut.logic.k <- 1]
[           394043903] <dut.logic>  WARNING: unstable transition on `fd_k__Sb_f_0'   [by dut.logic.k <- 1]
[           394043903] <dut.logic>  WARNING: unstable transition on `fd_k__Sb_t_5'   [by dut.logic.k <- 1]
[           399591433] <dut.logic>  WARNING: unstable transition on `fd_k__Sb_f_5'   [by dut.logic.k <- 1]
[           399591433] <dut.logic>  WARNING: unstable transition on `fd_k__Sb_t_3'   [by dut.logic.k <- 1]
[           399591433] <dut.logic>  WARNING: unstable transition on `fd_k__Sb_t_7'   [by dut.logic.k <- 1]
[           403670822] <dut.logic>  WARNING: unstable transition on `fd_k__Sb_f_5'   [by dut.logic.k <- 1]
[           404475916] <dut.logic>  WARNING: unstable transition on `fd_k__Sb_t_0'   [by dut.logic.k <- 1]
[           404475916] <dut.logic>  WARNING: unstable transition on `fd_k__Sb_t_1'   [by dut.logic.k <- 1]
[           404475916] <dut.logic>  WARNING: unstable transition on `fd_k__Sb_t_2'   [by dut.logic.k <- 1]
[           404475916] <dut.logic>  WARNING: unstable transition on `fd_k__Sb_t_3'   [by dut.logic.k <- 1]
[           404475916] <dut.logic>  WARNING: unstable transition on `fd_k__Sb_t_4'   [by dut.logic.k <- 1]
[           404475916] <dut.logic>  WARNING: unstable transition on `fd_k__Sb_t_5'   [by dut.logic.k <- 1]
[           404475916] <dut.logic>  WARNING: unstable transition on `fd_k__Sb_t_7'   [by dut.logic.k <- 1]
[           408569438] <dut.logic>  WARNING: unstable transition on `fd_k__Sb_t_0'   [by dut.logic.k <- 1]
[           412963144] <dut.logic>  WARNING: unstable transition on `fd_k__Sb_f_3'   [by dut.logic.k <- 1]
[           412963144] <dut.logic>  WARNING: unstable transition on `fd_k__Sb_t_6'   [by dut.logic.k <- 1]
[           415829029] <dut.logic>  WARNING: unstable transition on `fd_k__Sb_t_0'   [by dut.logic.k <- 1]
[           415829029] <dut.logic>  WARNING: unstable transition on `fd_k__Sb_t_6'   [by dut.logic.k <- 1]
[           421789665] <dut.logic>  WARNING: unstable transition on `fd_k__Sb_f_4'   [by dut.logic.k <- 1]
[           421789665] <dut.logic>  WARNING: unstable transition on `fd_k__Sb_t_4'   [by dut.logic.k <- 1]
[           441028724] <dut.logic>  WARNING: unstable transition on `fd_k__Sb_t_1'   [by dut.logic.k <- 1]
[           441028724] <dut.logic>  WARNING: unstable transition on `fd_k__Sb_t_4'   [by dut.logic.k <- 1]
[           445078657] <dut.logic>  WARNING: unstable transition on `fd_k__Sb_f_3'   [by dut.logic.k <- 1]
[           445078657] <dut.logic>  WARNING: unstable transition on `fd_k__Sb_f_5'   [by dut.logic.k <- 1]
[           447452029] <dut.logic>  WARNING: unstable transition on `fd_k__Sb_f_0'   [by dut.logic.k <- 1]
[           447452029] <dut.logic>  WARNING: unstable transition on `fd_k__Sb_t_0'   [by dut.logic.k <- 1]
[           447452029] <dut.logic>  WARNING: unstable transition on `fd_k__Sb_t_4'   [by dut.logic.k <- 1]
[           447452029] <dut.logic>  WARNING: unstable transition on `fd_k__Sb_t_5'   [by dut.logic.k <- 1]
[           447452029] <dut.logic>  WARNING: unstable transition on `fd_k__Sb_t_6'   [by dut.logic.k <- 1]
[           451527915] <dut.logic>  WARNING: unstable transition on `fd_k__Sb_f_2'   [by dut.logic.k <- 1]
[           451527915] <dut.logic>  WARNING: unstable transition on `fd_k__Sb_f_7'   [by dut.logic.k <- 1]
[           451527915] <dut.logic>  WARNING: unstable transition on `fd_k__Sb_t_0'   [by dut.logic.k <- 1]
[           452027792] <dut.logic>  WARNING: unstable transition on `fd_k__Sb_t_2'   [by dut.logic.k <- 1]
[           453004925] <dut.logic>  WARNING: unstable transition on `fd_k__Sb_f_1'   [by dut.logic.k <- 1]
[           453004925] <dut.logic>  WARNING: unstable transition on `fd_k__Sb_f_4'   [by dut.logic.k <- 1]
[           453004925] <dut.logic>  WARNING: unstable transition on `fd_k__Sb_t_7'   [by dut.logic.k <- 1]
[           466854786] <dut.logic>  WARNING: unstable transition on `fd_k__Sb_f_0'   [by dut.logic.k <- 1]
[           466854786] <dut.logic>  WARNING: unstable transition on `fd_k__Sb_f_3'   [by dut.logic.k <- 1]
[           475204282] <dut.logic>  WARNING: unstable transition on `fd_k__Sb_t_1'   [by dut.logic.k <- 1]
[           475204282] <dut.logic>  WARNING: unstable transition on `fd_k__Sb_t_2'   [by dut.logic.k <- 1]
[           475204282] <dut.logic>  WARNING: unstable transition on `fd_k__Sb_t_3'   [by dut.logic.k <- 1]
[           477721984] <dut.logic>  WARNING: unstable transition on `fd_k__Sb_f_6'   [by dut.logic.k <- 1]
[           477721984] <dut.logic>  WARNING: unstable transition on `fd_k__Sb_t_4'   [by dut.logic.k <- 1]
[           489069351] <dut.logic>  WARNING: unstable transition on `fd_k__Sb_f_0'   [by dut.logic.k <- 1]
[           489069351] <dut.logic>  WARNING: unstable transition on `fd_k__Sb_t_7'   [by dut.logic.k <- 1]
[           497216467] <dut.logic>  WARNING: unstable transition on `fd_k__Sb_f_0'   [by dut.logic.k <- 1]
[           497216467] <dut.logic>  WARNING: unstable transition on `fd_k__Sb_t_3'   [by dut.logic.k <- 1]
[           497216467] <dut.logic>  WARNING: unstable transition on `fd_k__Sb_t_5'   [by dut.logic.k <- 1]
TB_STRESS_END 500009998
[           500012429] <driver>  PASSED: rounds=25582
TB_FINAL
done: 1
fail: 0
rounds: 25582  (0x63ee)
TB_X_BEGIN
TB_X_END
