WARNING: TbFailure<4>: substituting chp model (requested prs, not found)
WARNING: PayloadDispatchDriver<>: substituting chp model (requested prs, not found)
TB_RANDOM_CHOICE off
TB_WARNING_POLICY resume-on-warn
TB_STRESS_BEGIN 10000
[             1247927] <dut.cd3>  WARNING: unstable transition on `fd_v__I_a'   [by dut.cd3.v <- 0]
[             8687809] <dut.cd3>  WARNING: unstable transition on `fd_v__I_a'   [by dut.cd3.v <- 0]
[            10199824] <dut.cd1>  WARNING: unstable transition on `fd_v__I_a'   [by dut.cd1.v <- 0]
[            16807597] <dut.cd1>  WARNING: unstable transition on `fd_v__I_a'   [by dut.cd1.v <- 0]
[            24392586] <dut.cd1>  WARNING: unstable transition on `fd_v__I_a'   [by dut.cd1.v <- 0]
[            24815433] <dut.cd1>  WARNING: unstable transition on `fd_v__I_a'   [by dut.cd1.v <- 0]
[            26311142] <dut.cd1>  WARNING: unstable transition on `fd_v__I_a'   [by dut.cd1.v <- 0]
[            26843237] <dut.cd3>  WARNING: unstable transition on `fd_v__I_a'   [by dut.cd3.v <- 0]
[            32172146] <dut.cd3>  WARNING: unstable transition on `fd_v__I_a'   [by dut.cd3.v <- 0]
[            42571968] <dut.cd1>  WARNING: unstable transition on `fd_v__I_a'   [by dut.cd1.v <- 0]
[            46480221] <dut.cd3>  WARNING: unstable transition on `fd_v__I_a'   [by dut.cd3.v <- 0]
[            49649661] <dut.cd1>  WARNING: unstable transition on `fd_v__I_a'   [by dut.cd1.v <- 0]
[            54661403] <dut.cd1>  WARNING: unstable transition on `fd_v__I_a'   [by dut.cd1.v <- 0]
[            55661847] <dut.cd3>  WARNING: unstable transition on `fd_v__I_a'   [by dut.cd3.v <- 0]
[            60491711] <dut.cd0>  WARNING: interference on `w1'   [by dut.cd0.fd_I_f_0__w1 <- 1]
[            60491712] <dut.cd0>  WARNING: weak-interference on `fd_w1__I_a'   [by dut.cd0.w1 <- X]
[            61038232] <dut.cd3>  WARNING: unstable transition on `fd_v__I_a'   [by dut.cd3.v <- 0]
[            67925591] <dut.cd1>  WARNING: unstable transition on `fd_v__I_a'   [by dut.cd1.v <- 0]
[            70271561] <dut.cd1>  WARNING: unstable transition on `fd_v__I_a'   [by dut.cd1.v <- 0]
[            70443703] <dut.cd0>  WARNING: interference on `w1'   [by dut.cd0.fd_I_f_0__w1 <- 1]
[            70443704] <dut.cd0>  WARNING: weak-interference on `fd_w1__I_a'   [by dut.cd0.w1 <- X]
[            86647225] <dut.cd2>  WARNING: interference on `w1'   [by dut.cd2.fd_I_f_0__w1 <- 1]
[            86647226] <dut.cd2>  WARNING: weak-interference on `fd_w1__I_a'   [by dut.cd2.w1 <- X]
[            88136030] <dut.cd0>  WARNING: interference on `w1'   [by dut.cd0.fd_I_f_0__w1 <- 1]
[            88136031] <dut.cd0>  WARNING: weak-interference on `fd_w1__I_a'   [by dut.cd0.w1 <- X]
[            92462394] <dut.cd2>  WARNING: interference on `w1'   [by dut.cd2.fd_I_f_0__w1 <- 1]
[            92462395] <dut.cd2>  WARNING: weak-interference on `fd_w1__I_a'   [by dut.cd2.w1 <- X]
[            95537758] <dut.cd1>  WARNING: unstable transition on `fd_v__I_a'   [by dut.cd1.v <- 0]
[            96931617] <dut.cd1>  WARNING: unstable transition on `fd_v__I_a'   [by dut.cd1.v <- 0]
[           102080295] <dut.cd3>  WARNING: unstable transition on `fd_v__I_a'   [by dut.cd3.v <- 0]
[           114335531] <dut.cd2>  WARNING: interference on `w1'   [by dut.cd2.fd_I_f_0__w1 <- 1]
[           114335532] <dut.cd2>  WARNING: weak-interference on `fd_w1__I_a'   [by dut.cd2.w1 <- X]
[           115496107] <dut.cd3>  WARNING: unstable transition on `fd_v__I_a'   [by dut.cd3.v <- 0]
[           116693188] <dut.cd1>  WARNING: unstable transition on `fd_v__I_a'   [by dut.cd1.v <- 0]
[           119290153] <dut.cd1>  WARNING: unstable transition on `fd_v__I_a'   [by dut.cd1.v <- 0]
[           121103106] <dut.cd0>  WARNING: interference on `w1'   [by dut.cd0.fd_I_f_0__w1 <- 1]
[           121103107] <dut.cd0>  WARNING: weak-interference on `fd_w1__I_a'   [by dut.cd0.w1 <- X]
[           122122438] <dut.cd1>  WARNING: unstable transition on `fd_v__I_a'   [by dut.cd1.v <- 0]
[           125220212] <dut.cd1>  WARNING: unstable transition on `fd_v__I_a'   [by dut.cd1.v <- 0]
[           128271986] <dut.cd2>  WARNING: interference on `w1'   [by dut.cd2.fd_I_f_0__w1 <- 1]
[           128271987] <dut.cd2>  WARNING: weak-interference on `fd_w1__I_a'   [by dut.cd2.w1 <- X]
[           132476895] <dut.cd2>  WARNING: interference on `w1'   [by dut.cd2.fd_I_f_0__w1 <- 1]
[           132476896] <dut.cd2>  WARNING: weak-interference on `fd_w1__I_a'   [by dut.cd2.w1 <- X]
[           136457394] <dut.cd1>  WARNING: unstable transition on `fd_v__I_a'   [by dut.cd1.v <- 0]
[           143262163] <dut.cd0>  WARNING: interference on `w1'   [by dut.cd0.fd_I_f_0__w1 <- 1]
[           143262164] <dut.cd0>  WARNING: weak-interference on `fd_w1__I_a'   [by dut.cd0.w1 <- X]
[           156705758] <dut.cd1>  WARNING: unstable transition on `fd_v__I_a'   [by dut.cd1.v <- 0]
[           158067552] <dut.cd0>  WARNING: interference on `w1'   [by dut.cd0.fd_I_f_0__w1 <- 1]
[           158067553] <dut.cd0>  WARNING: weak-interference on `fd_w1__I_a'   [by dut.cd0.w1 <- X]
[           165735997] <dut.cd3>  WARNING: unstable transition on `fd_v__I_a'   [by dut.cd3.v <- 0]
[           173387486] <dut.cd3>  WARNING: unstable transition on `fd_v__I_a'   [by dut.cd3.v <- 0]
[           177329864] <dut.cd1>  WARNING: unstable transition on `fd_v__I_a'   [by dut.cd1.v <- 0]
[           177644370] <dut.cd1>  WARNING: unstable transition on `fd_v__I_a'   [by dut.cd1.v <- 0]
[           179851694] <dut.cd3>  WARNING: unstable transition on `fd_v__I_a'   [by dut.cd3.v <- 0]
[           190585199] <dut.cd0>  WARNING: interference on `w1'   [by dut.cd0.fd_I_f_0__w1 <- 1]
[           190585200] <dut.cd0>  WARNING: weak-interference on `fd_w1__I_a'   [by dut.cd0.w1 <- X]
[           192792391] <dut.cd3>  WARNING: unstable transition on `fd_v__I_a'   [by dut.cd3.v <- 0]
[           192915720] <dut.cd2>  WARNING: interference on `w1'   [by dut.cd2.fd_I_f_0__w1 <- 1]
[           192915721] <dut.cd2>  WARNING: weak-interference on `fd_w1__I_a'   [by dut.cd2.w1 <- X]
[           200615649] <dut.cd0>  WARNING: interference on `w1'   [by dut.cd0.fd_I_f_0__w1 <- 1]
[           200615650] <dut.cd0>  WARNING: weak-interference on `fd_w1__I_a'   [by dut.cd0.w1 <- X]
[           203343242] <dut.cd0>  WARNING: interference on `w1'   [by dut.cd0.fd_I_f_0__w1 <- 1]
[           203343243] <dut.cd0>  WARNING: weak-interference on `fd_w1__I_a'   [by dut.cd0.w1 <- X]
[           203942688] <dut.cd1>  WARNING: unstable transition on `fd_v__I_a'   [by dut.cd1.v <- 0]
[           210618666] <dut.cd0>  WARNING: interference on `w1'   [by dut.cd0.fd_I_f_0__w1 <- 1]
[           210618667] <dut.cd0>  WARNING: weak-interference on `fd_w1__I_a'   [by dut.cd0.w1 <- X]
[           230887009] <dut.cd3>  WARNING: unstable transition on `fd_v__I_a'   [by dut.cd3.v <- 0]
[           237986687] <dut.cd1>  WARNING: unstable transition on `fd_v__I_a'   [by dut.cd1.v <- 0]
[           238623366] <dut.cd3>  WARNING: unstable transition on `fd_v__I_a'   [by dut.cd3.v <- 0]
[           239935068] <dut.cd1>  WARNING: unstable transition on `fd_v__I_a'   [by dut.cd1.v <- 0]
[           241757578] <dut.cd1>  WARNING: unstable transition on `fd_v__I_a'   [by dut.cd1.v <- 0]
[           242296338] <dut.cd1>  WARNING: unstable transition on `fd_v__I_a'   [by dut.cd1.v <- 0]
[           249101539] <dut.cd0>  WARNING: interference on `w1'   [by dut.cd0.fd_I_f_0__w1 <- 1]
[           249101540] <dut.cd0>  WARNING: weak-interference on `fd_w1__I_a'   [by dut.cd0.w1 <- X]
[           266499644] <dut.cd1>  WARNING: unstable transition on `fd_v__I_a'   [by dut.cd1.v <- 0]
[           266504466] <dut.cd1>  WARNING: unstable transition on `fd_v__I_a'   [by dut.cd1.v <- 0]
[           271894166] <dut.cd1>  WARNING: unstable transition on `fd_v__I_a'   [by dut.cd1.v <- 0]
[           276069805] <dut.cd1>  WARNING: unstable transition on `fd_v__I_a'   [by dut.cd1.v <- 0]
[           279829809] <dut.cd3>  WARNING: unstable transition on `fd_v__I_a'   [by dut.cd3.v <- 0]
[           279849138] <dut.cd3>  WARNING: unstable transition on `fd_v__I_a'   [by dut.cd3.v <- 0]
[           281118003] <dut.cd1>  WARNING: unstable transition on `fd_v__I_a'   [by dut.cd1.v <- 0]
[           281513605] <dut.cd2>  WARNING: interference on `w1'   [by dut.cd2.fd_I_f_0__w1 <- 1]
[           281513606] <dut.cd2>  WARNING: weak-interference on `fd_w1__I_a'   [by dut.cd2.w1 <- X]
[           289013193] <dut.cd1>  WARNING: unstable transition on `fd_v__I_a'   [by dut.cd1.v <- 0]
[           295493043] <dut.cd3>  WARNING: unstable transition on `fd_v__I_a'   [by dut.cd3.v <- 0]
[           296570350] <dut.cd3>  WARNING: unstable transition on `fd_v__I_a'   [by dut.cd3.v <- 0]
[           300307409] <dut.cd1>  WARNING: unstable transition on `fd_v__I_a'   [by dut.cd1.v <- 0]
[           302912604] <dut.cd2>  WARNING: interference on `w1'   [by dut.cd2.fd_I_f_0__w1 <- 1]
[           302912605] <dut.cd2>  WARNING: weak-interference on `fd_w1__I_a'   [by dut.cd2.w1 <- X]
[           304721669] <dut.cd1>  WARNING: unstable transition on `fd_v__I_a'   [by dut.cd1.v <- 0]
[           311827915] <dut.cd1>  WARNING: unstable transition on `fd_v__I_a'   [by dut.cd1.v <- 0]
[           314265062] <dut.cd2>  WARNING: interference on `w1'   [by dut.cd2.fd_I_f_0__w1 <- 1]
[           314265063] <dut.cd2>  WARNING: weak-interference on `fd_w1__I_a'   [by dut.cd2.w1 <- X]
[           315546579] <dut.cd3>  WARNING: unstable transition on `fd_v__I_a'   [by dut.cd3.v <- 0]
[           315560164] <dut.cd3>  WARNING: unstable transition on `fd_v__I_a'   [by dut.cd3.v <- 0]
[           321298536] <dut.cd3>  WARNING: unstable transition on `fd_v__I_a'   [by dut.cd3.v <- 0]
[           333880884] <dut.cd3>  WARNING: unstable transition on `fd_v__I_a'   [by dut.cd3.v <- 0]
[           336493180] <dut.cd1>  WARNING: unstable transition on `fd_v__I_a'   [by dut.cd1.v <- 0]
[           342291978] <dut.cd2>  WARNING: interference on `w1'   [by dut.cd2.fd_I_f_0__w1 <- 1]
[           342291979] <dut.cd2>  WARNING: weak-interference on `fd_w1__I_a'   [by dut.cd2.w1 <- X]
[           346296001] <dut.cd2>  WARNING: interference on `w1'   [by dut.cd2.fd_I_f_0__w1 <- 1]
[           346296002] <dut.cd2>  WARNING: weak-interference on `fd_w1__I_a'   [by dut.cd2.w1 <- X]
[           348276775] <dut.cd2>  WARNING: interference on `w1'   [by dut.cd2.fd_I_f_0__w1 <- 1]
[           348276776] <dut.cd2>  WARNING: weak-interference on `fd_w1__I_a'   [by dut.cd2.w1 <- X]
[           348525166] <dut.cd0>  WARNING: interference on `w1'   [by dut.cd0.fd_I_f_0__w1 <- 1]
[           348525167] <dut.cd0>  WARNING: weak-interference on `fd_w1__I_a'   [by dut.cd0.w1 <- X]
[           361754380] <dut.cd0>  WARNING: interference on `w1'   [by dut.cd0.fd_I_f_0__w1 <- 1]
[           361754381] <dut.cd0>  WARNING: weak-interference on `fd_w1__I_a'   [by dut.cd0.w1 <- X]
[           378193033] <dut.cd3>  WARNING: unstable transition on `fd_v__I_a'   [by dut.cd3.v <- 0]
[           392800522] <dut.cd0>  WARNING: interference on `w1'   [by dut.cd0.fd_I_f_0__w1 <- 1]
[           392800523] <dut.cd0>  WARNING: weak-interference on `fd_w1__I_a'   [by dut.cd0.w1 <- X]
[           393553375] <dut.cd3>  WARNING: unstable transition on `fd_v__I_a'   [by dut.cd3.v <- 0]
[           400869358] <dut.cd2>  WARNING: interference on `w1'   [by dut.cd2.fd_I_f_0__w1 <- 1]
[           400869359] <dut.cd2>  WARNING: weak-interference on `fd_w1__I_a'   [by dut.cd2.w1 <- X]
[           403790932] <dut.cd3>  WARNING: unstable transition on `fd_v__I_a'   [by dut.cd3.v <- 0]
[           419952615] <dut.cd3>  WARNING: unstable transition on `fd_v__I_a'   [by dut.cd3.v <- 0]
[           421579371] <dut.cd2>  WARNING: interference on `w1'   [by dut.cd2.fd_I_f_0__w1 <- 1]
[           421579372] <dut.cd2>  WARNING: weak-interference on `fd_w1__I_a'   [by dut.cd2.w1 <- X]
[           428595973] <dut.cd2>  WARNING: interference on `w1'   [by dut.cd2.fd_I_f_0__w1 <- 1]
[           428595974] <dut.cd2>  WARNING: weak-interference on `fd_w1__I_a'   [by dut.cd2.w1 <- X]
[           432482120] <dut.cd2>  WARNING: interference on `w1'   [by dut.cd2.fd_I_f_0__w1 <- 1]
[           432482121] <dut.cd2>  WARNING: weak-interference on `fd_w1__I_a'   [by dut.cd2.w1 <- X]
[           432855458] <dut.cd1>  WARNING: unstable transition on `fd_v__I_a'   [by dut.cd1.v <- 0]
[           433681837] <dut.cd2>  WARNING: interference on `w1'   [by dut.cd2.fd_I_f_0__w1 <- 1]
[           433681838] <dut.cd2>  WARNING: weak-interference on `fd_w1__I_a'   [by dut.cd2.w1 <- X]
[           433999915] <dut.cd0>  WARNING: interference on `w1'   [by dut.cd0.fd_I_f_0__w1 <- 1]
[           433999916] <dut.cd0>  WARNING: weak-interference on `fd_w1__I_a'   [by dut.cd0.w1 <- X]
[           439858417] <dut.cd0>  WARNING: interference on `w1'   [by dut.cd0.fd_I_f_0__w1 <- 1]
[           439858418] <dut.cd0>  WARNING: weak-interference on `fd_w1__I_a'   [by dut.cd0.w1 <- X]
[           442088688] <dut.cd3>  WARNING: unstable transition on `fd_v__I_a'   [by dut.cd3.v <- 0]
[           443353924] <dut.cd1>  WARNING: unstable transition on `fd_v__I_a'   [by dut.cd1.v <- 0]
[           447038086] <dut.cd0>  WARNING: interference on `w1'   [by dut.cd0.fd_I_f_0__w1 <- 1]
[           447038087] <dut.cd0>  WARNING: weak-interference on `fd_w1__I_a'   [by dut.cd0.w1 <- X]
[           447331391] <dut.cd1>  WARNING: unstable transition on `fd_v__I_a'   [by dut.cd1.v <- 0]
[           448329624] <dut.cd3>  WARNING: unstable transition on `fd_v__I_a'   [by dut.cd3.v <- 0]
[           449178264] <dut.cd2>  WARNING: interference on `w1'   [by dut.cd2.fd_I_f_0__w1 <- 1]
[           449178265] <dut.cd2>  WARNING: weak-interference on `fd_w1__I_a'   [by dut.cd2.w1 <- X]
[           455615943] <dut.cd2>  WARNING: interference on `w1'   [by dut.cd2.fd_I_f_0__w1 <- 1]
[           455615944] <dut.cd2>  WARNING: weak-interference on `fd_w1__I_a'   [by dut.cd2.w1 <- X]
[           456529112] <dut.cd1>  WARNING: unstable transition on `fd_v__I_a'   [by dut.cd1.v <- 0]
[           463641802] <dut.cd1>  WARNING: unstable transition on `fd_v__I_a'   [by dut.cd1.v <- 0]
[           466300275] <dut.cd0>  WARNING: interference on `w1'   [by dut.cd0.fd_I_f_0__w1 <- 1]
[           466300276] <dut.cd0>  WARNING: weak-interference on `fd_w1__I_a'   [by dut.cd0.w1 <- X]
[           469882983] <dut.cd3>  WARNING: unstable transition on `fd_v__I_a'   [by dut.cd3.v <- 0]
[           475221270] <dut.cd1>  WARNING: unstable transition on `fd_v__I_a'   [by dut.cd1.v <- 0]
[           475936418] <dut.cd1>  WARNING: unstable transition on `fd_v__I_a'   [by dut.cd1.v <- 0]
[           491673081] <dut.cd3>  WARNING: unstable transition on `fd_v__I_a'   [by dut.cd3.v <- 0]
[           497753608] <dut.cd1>  WARNING: unstable transition on `fd_v__I_a'   [by dut.cd1.v <- 0]
[           498776194] <dut.cd3>  WARNING: unstable transition on `fd_v__I_a'   [by dut.cd3.v <- 0]
[           499501257] <dut.cd1>  WARNING: unstable transition on `fd_v__I_a'   [by dut.cd1.v <- 0]
[           499735396] <dut.cd0>  WARNING: interference on `w1'   [by dut.cd0.fd_I_f_0__w1 <- 1]
[           499735397] <dut.cd0>  WARNING: weak-interference on `fd_w1__I_a'   [by dut.cd0.w1 <- X]
TB_STRESS_END 500009934
[           500016085] <driver>  PASSED: rounds=78116
TB_FINAL
done: 1
fail: 0
rounds: 78116  (0x13124)
TB_X_BEGIN
TB_X_END
