WARNING: TbFailure<2>: substituting chp model (requested prs, not found)
WARNING: StopcodeSelDriver<>: substituting chp model (requested prs, not found)
TB_RANDOM_CHOICE off
TB_RESET_X_BEGIN
TB_RESET_X_END
TB_RESET_END 10000
TB_STRESS_BEGIN 10000
TB_PROGRESS 10009993
TB_PROGRESS 20009929
TB_PROGRESS 30009929
TB_PROGRESS 40009869
TB_PROGRESS 50009867
TB_PROGRESS 60009867
TB_PROGRESS 70009830
TB_PROGRESS 80009830
TB_PROGRESS 90009827
TB_PROGRESS 100009827
TB_PROGRESS 110009826
TB_PROGRESS 120009818
TB_PROGRESS 130009809
TB_PROGRESS 140009785
TB_PROGRESS 150009768
TB_PROGRESS 160009721
TB_PROGRESS 170009705
TB_PROGRESS 180009664
TB_PROGRESS 190009659
TB_PROGRESS 200009656
TB_PROGRESS 210009573
TB_PROGRESS 220009565
TB_PROGRESS 230009521
TB_PROGRESS 240009454
TB_PROGRESS 250009452
TB_PROGRESS 260009385
TB_PROGRESS 270009384
TB_PROGRESS 280009361
TB_PROGRESS 290009359
TB_PROGRESS 300009332
TB_PROGRESS 310009299
TB_PROGRESS 320009291
TB_PROGRESS 330009290
TB_PROGRESS 340009290
TB_PROGRESS 350009269
TB_PROGRESS 360009269
TB_PROGRESS 370009229
TB_PROGRESS 380009226
TB_PROGRESS 390009218
TB_PROGRESS 400009199
TB_PROGRESS 410009170
TB_PROGRESS 420009166
TB_PROGRESS 430009136
TB_PROGRESS 440009124
TB_PROGRESS 450009093
TB_PROGRESS 460009092
TB_PROGRESS 470009053
TB_PROGRESS 480009051
TB_PROGRESS 490009050
TB_PROGRESS 500009045
TB_PROGRESS 500009948
TB_STRESS_END 500009948
[           500012820] <driver>  PASSED: rounds=103270
TB_DRAIN_END 500012820
TB_FINAL
done: 1
fail: 0
rounds: 103270  (0x19366)
TB_X_BEGIN
TB_X_END
TB_STOP_TIME 500012820
dut.I.a: 0
dut.I.f[0]: 0
dut.I.f[10]: 0
dut.I.f[11]: 0
dut.I.f[12]: 0
dut.I.f[13]: 0
dut.I.f[14]: 0
dut.I.f[15]: 0
dut.I.f[16]: 0
dut.I.f[17]: 0
dut.I.f[18]: 0
dut.I.f[19]: 0
dut.I.f[1]: 0
dut.I.f[20]: 0
dut.I.f[21]: 0
dut.I.f[22]: 0
dut.I.f[23]: 0
dut.I.f[24]: 0
dut.I.f[25]: 0
dut.I.f[26]: 0
dut.I.f[27]: 0
dut.I.f[28]: 0
dut.I.f[29]: 0
dut.I.f[2]: 0
dut.I.f[30]: 0
dut.I.f[31]: 0
dut.I.f[3]: 0
dut.I.f[4]: 0
dut.I.f[5]: 0
dut.I.f[6]: 0
dut.I.f[7]: 0
dut.I.f[8]: 0
dut.I.f[9]: 0
dut.I.t[0]: 0
dut.I.t[10]: 0
dut.I.t[11]: 0
dut.I.t[12]: 0
dut.I.t[13]: 0
dut.I.t[14]: 0
dut.I.t[15]: 0
dut.I.t[16]: 0
dut.I.t[17]: 0
dut.I.t[18]: 0
dut.I.t[19]: 0
dut.I.t[1]: 0
dut.I.t[20]: 0
dut.I.t[21]: 0
dut.I.t[22]: 0
dut.I.t[23]: 0
dut.I.t[24]: 0
dut.I.t[25]: 0
dut.I.t[26]: 0
dut.I.t[27]: 0
dut.I.t[28]: 0
dut.I.t[29]: 0
dut.I.t[2]: 0
dut.I.t[30]: 0
dut.I.t[31]: 0
dut.I.t[3]: 0
dut.I.t[4]: 0
dut.I.t[5]: 0
dut.I.t[6]: 0
dut.I.t[7]: 0
dut.I.t[8]: 0
dut.I.t[9]: 0
dut.O0.a: 0
dut.O0.f[0]: 0
dut.O0.f[10]: 0
dut.O0.f[11]: 0
dut.O0.f[12]: 0
dut.O0.f[13]: 0
dut.O0.f[14]: 0
dut.O0.f[15]: 0
dut.O0.f[16]: 0
dut.O0.f[17]: 0
dut.O0.f[18]: 0
dut.O0.f[19]: 0
dut.O0.f[1]: 0
dut.O0.f[20]: 0
dut.O0.f[21]: 0
dut.O0.f[22]: 0
dut.O0.f[23]: 0
dut.O0.f[24]: 0
dut.O0.f[25]: 0
dut.O0.f[26]: 0
dut.O0.f[27]: 0
dut.O0.f[28]: 0
dut.O0.f[29]: 0
dut.O0.f[2]: 0
dut.O0.f[30]: 0
dut.O0.f[31]: 0
dut.O0.f[3]: 0
dut.O0.f[4]: 0
dut.O0.f[5]: 0
dut.O0.f[6]: 0
dut.O0.f[7]: 0
dut.O0.f[8]: 0
dut.O0.f[9]: 0
dut.O0.t[0]: 0
dut.O0.t[10]: 0
dut.O0.t[11]: 0
dut.O0.t[12]: 0
dut.O0.t[13]: 0
dut.O0.t[14]: 0
dut.O0.t[15]: 0
dut.O0.t[16]: 0
dut.O0.t[17]: 0
dut.O0.t[18]: 0
dut.O0.t[19]: 0
dut.O0.t[1]: 0
dut.O0.t[20]: 0
dut.O0.t[21]: 0
dut.O0.t[22]: 0
dut.O0.t[23]: 0
dut.O0.t[24]: 0
dut.O0.t[25]: 0
dut.O0.t[26]: 0
dut.O0.t[27]: 0
dut.O0.t[28]: 0
dut.O0.t[29]: 0
dut.O0.t[2]: 0
dut.O0.t[30]: 0
dut.O0.t[31]: 0
dut.O0.t[3]: 0
dut.O0.t[4]: 0
dut.O0.t[5]: 0
dut.O0.t[6]: 0
dut.O0.t[7]: 0
dut.O0.t[8]: 0
dut.O0.t[9]: 0
dut.O1.a: 0
dut.O1.f[0]: 0
dut.O1.f[10]: 0
dut.O1.f[11]: 0
dut.O1.f[12]: 0
dut.O1.f[13]: 0
dut.O1.f[14]: 0
dut.O1.f[15]: 0
dut.O1.f[16]: 0
dut.O1.f[17]: 0
dut.O1.f[18]: 0
dut.O1.f[19]: 0
dut.O1.f[1]: 0
dut.O1.f[20]: 0
dut.O1.f[21]: 0
dut.O1.f[22]: 0
dut.O1.f[23]: 0
dut.O1.f[24]: 0
dut.O1.f[25]: 0
dut.O1.f[26]: 0
dut.O1.f[27]: 0
dut.O1.f[28]: 0
dut.O1.f[29]: 0
dut.O1.f[2]: 0
dut.O1.f[30]: 0
dut.O1.f[31]: 0
dut.O1.f[3]: 0
dut.O1.f[4]: 0
dut.O1.f[5]: 0
dut.O1.f[6]: 0
dut.O1.f[7]: 0
dut.O1.f[8]: 0
dut.O1.f[9]: 0
dut.O1.t[0]: 0
dut.O1.t[10]: 0
dut.O1.t[11]: 0
dut.O1.t[12]: 0
dut.O1.t[13]: 0
dut.O1.t[14]: 0
dut.O1.t[15]: 0
dut.O1.t[16]: 0
dut.O1.t[17]: 0
dut.O1.t[18]: 0
dut.O1.t[19]: 0
dut.O1.t[1]: 0
dut.O1.t[20]: 0
dut.O1.t[21]: 0
dut.O1.t[22]: 0
dut.O1.t[23]: 0
dut.O1.t[24]: 0
dut.O1.t[25]: 0
dut.O1.t[26]: 0
dut.O1.t[27]: 0
dut.O1.t[28]: 0
dut.O1.t[29]: 0
dut.O1.t[2]: 0
dut.O1.t[30]: 0
dut.O1.t[31]: 0
dut.O1.t[3]: 0
dut.O1.t[4]: 0
dut.O1.t[5]: 0
dut.O1.t[6]: 0
dut.O1.t[7]: 0
dut.O1.t[8]: 0
dut.O1.t[9]: 0
dut.f: 0
dut.fd_I_a__environment: 0
dut.fd_I_a__w_1: 0
dut.fd_I_f_0__O0_f_0: 0
dut.fd_I_f_0__O1_f_0: 0
dut.fd_I_f_0__f: 0
dut.fd_I_f_0__w_0: 0
dut.fd_I_f_10__O0_f_10: 0
dut.fd_I_f_10__O1_f_10: 0
dut.fd_I_f_10__f: 0
dut.fd_I_f_11__O0_f_11: 0
dut.fd_I_f_11__O1_f_11: 0
dut.fd_I_f_11__f: 0
dut.fd_I_f_12__O0_f_12: 0
dut.fd_I_f_12__O1_f_12: 0
dut.fd_I_f_12__f: 0
dut.fd_I_f_13__O0_f_13: 0
dut.fd_I_f_13__O1_f_13: 0
dut.fd_I_f_13__f: 0
dut.fd_I_f_13__p: 0
dut.fd_I_f_14__O0_f_14: 0
dut.fd_I_f_14__O1_f_14: 0
dut.fd_I_f_14__f: 0
dut.fd_I_f_14__p: 0
dut.fd_I_f_15__O0_f_15: 0
dut.fd_I_f_15__O1_f_15: 0
dut.fd_I_f_15__f: 0
dut.fd_I_f_15__p: 0
dut.fd_I_f_16__O0_f_16: 0
dut.fd_I_f_16__O1_f_16: 0
dut.fd_I_f_16__f: 0
dut.fd_I_f_16__p: 0
dut.fd_I_f_17__O0_f_17: 0
dut.fd_I_f_17__O1_f_17: 0
dut.fd_I_f_17__f: 0
dut.fd_I_f_17__p: 0
dut.fd_I_f_18__O0_f_18: 0
dut.fd_I_f_18__O1_f_18: 0
dut.fd_I_f_18__f: 0
dut.fd_I_f_18__p: 0
dut.fd_I_f_19__O0_f_19: 0
dut.fd_I_f_19__O1_f_19: 0
dut.fd_I_f_19__f: 0
dut.fd_I_f_19__p: 0
dut.fd_I_f_1__O0_f_1: 0
dut.fd_I_f_1__O1_f_1: 0
dut.fd_I_f_1__f: 0
dut.fd_I_f_20__O0_f_20: 0
dut.fd_I_f_20__O1_f_20: 0
dut.fd_I_f_20__f: 0
dut.fd_I_f_20__p: 0
dut.fd_I_f_21__O0_f_21: 0
dut.fd_I_f_21__O1_f_21: 0
dut.fd_I_f_21__f: 0
dut.fd_I_f_21__p: 0
dut.fd_I_f_22__O0_f_22: 0
dut.fd_I_f_22__O1_f_22: 0
dut.fd_I_f_22__f: 0
dut.fd_I_f_22__p: 0
dut.fd_I_f_23__O0_f_23: 0
dut.fd_I_f_23__O1_f_23: 0
dut.fd_I_f_23__f: 0
dut.fd_I_f_23__p: 0
dut.fd_I_f_24__O0_f_24: 0
dut.fd_I_f_24__O1_f_24: 0
dut.fd_I_f_24__f: 0
dut.fd_I_f_24__p: 0
dut.fd_I_f_25__O0_f_25: 0
dut.fd_I_f_25__O1_f_25: 0
dut.fd_I_f_25__f: 0
dut.fd_I_f_25__p: 0
dut.fd_I_f_26__O0_f_26: 0
dut.fd_I_f_26__O1_f_26: 0
dut.fd_I_f_26__f: 0
dut.fd_I_f_26__p: 0
dut.fd_I_f_27__O0_f_27: 0
dut.fd_I_f_27__O1_f_27: 0
dut.fd_I_f_27__f: 0
dut.fd_I_f_27__p: 0
dut.fd_I_f_28__O0_f_28: 0
dut.fd_I_f_28__O1_f_28: 0
dut.fd_I_f_28__f: 0
dut.fd_I_f_28__p: 0
dut.fd_I_f_29__O0_f_29: 0
dut.fd_I_f_29__O1_f_29: 0
dut.fd_I_f_29__f: 0
dut.fd_I_f_29__p: 0
dut.fd_I_f_2__O0_f_2: 0
dut.fd_I_f_2__O1_f_2: 0
dut.fd_I_f_2__f: 0
dut.fd_I_f_30__O0_f_30: 0
dut.fd_I_f_30__O1_f_30: 0
dut.fd_I_f_30__f: 0
dut.fd_I_f_30__p: 0
dut.fd_I_f_31__O0_f_31: 0
dut.fd_I_f_31__O1_f_31: 0
dut.fd_I_f_31__f: 0
dut.fd_I_f_31__p: 0
dut.fd_I_f_3__O0_f_3: 0
dut.fd_I_f_3__O1_f_3: 0
dut.fd_I_f_3__f: 0
dut.fd_I_f_4__O0_f_4: 0
dut.fd_I_f_4__O1_f_4: 0
dut.fd_I_f_4__f: 0
dut.fd_I_f_5__O0_f_5: 0
dut.fd_I_f_5__O1_f_5: 0
dut.fd_I_f_5__f: 0
dut.fd_I_f_6__O0_f_6: 0
dut.fd_I_f_6__O1_f_6: 0
dut.fd_I_f_6__f: 0
dut.fd_I_f_7__O0_f_7: 0
dut.fd_I_f_7__O1_f_7: 0
dut.fd_I_f_7__f: 0
dut.fd_I_f_8__O0_f_8: 0
dut.fd_I_f_8__O1_f_8: 0
dut.fd_I_f_8__f: 0
dut.fd_I_f_9__O0_f_9: 0
dut.fd_I_f_9__O1_f_9: 0
dut.fd_I_f_9__f: 0
dut.fd_I_t_0__O0_t_0: 0
dut.fd_I_t_0__O1_t_0: 0
dut.fd_I_t_0__f: 0
dut.fd_I_t_0__w_1: 0
dut.fd_I_t_10__O0_t_10: 0
dut.fd_I_t_10__O1_t_10: 0
dut.fd_I_t_10__f: 0
dut.fd_I_t_11__O0_t_11: 0
dut.fd_I_t_11__O1_t_11: 0
dut.fd_I_t_11__f: 0
dut.fd_I_t_12__O0_t_12: 0
dut.fd_I_t_12__O1_t_12: 0
dut.fd_I_t_12__f: 0
dut.fd_I_t_13__O0_t_13: 0
dut.fd_I_t_13__O1_t_13: 0
dut.fd_I_t_13__f: 0
dut.fd_I_t_13__p: 0
dut.fd_I_t_14__O0_t_14: 0
dut.fd_I_t_14__O1_t_14: 0
dut.fd_I_t_14__f: 0
dut.fd_I_t_14__p: 0
dut.fd_I_t_15__O0_t_15: 0
dut.fd_I_t_15__O1_t_15: 0
dut.fd_I_t_15__f: 0
dut.fd_I_t_15__p: 0
dut.fd_I_t_16__O0_t_16: 0
dut.fd_I_t_16__O1_t_16: 0
dut.fd_I_t_16__f: 0
dut.fd_I_t_16__p: 0
dut.fd_I_t_17__O0_t_17: 0
dut.fd_I_t_17__O1_t_17: 0
dut.fd_I_t_17__f: 0
dut.fd_I_t_17__p: 0
dut.fd_I_t_18__O0_t_18: 0
dut.fd_I_t_18__O1_t_18: 0
dut.fd_I_t_18__f: 0
dut.fd_I_t_18__p: 0
dut.fd_I_t_19__O0_t_19: 0
dut.fd_I_t_19__O1_t_19: 0
dut.fd_I_t_19__f: 0
dut.fd_I_t_19__p: 0
dut.fd_I_t_1__O0_t_1: 0
dut.fd_I_t_1__O1_t_1: 0
dut.fd_I_t_1__f: 0
dut.fd_I_t_20__O0_t_20: 0
dut.fd_I_t_20__O1_t_20: 0
dut.fd_I_t_20__f: 0
dut.fd_I_t_20__p: 0
dut.fd_I_t_21__O0_t_21: 0
dut.fd_I_t_21__O1_t_21: 0
dut.fd_I_t_21__f: 0
dut.fd_I_t_21__p: 0
dut.fd_I_t_22__O0_t_22: 0
dut.fd_I_t_22__O1_t_22: 0
dut.fd_I_t_22__f: 0
dut.fd_I_t_22__p: 0
dut.fd_I_t_23__O0_t_23: 0
dut.fd_I_t_23__O1_t_23: 0
dut.fd_I_t_23__f: 0
dut.fd_I_t_23__p: 0
dut.fd_I_t_24__O0_t_24: 0
dut.fd_I_t_24__O1_t_24: 0
dut.fd_I_t_24__f: 0
dut.fd_I_t_24__p: 0
dut.fd_I_t_25__O0_t_25: 0
dut.fd_I_t_25__O1_t_25: 0
dut.fd_I_t_25__f: 0
dut.fd_I_t_25__p: 0
dut.fd_I_t_26__O0_t_26: 0
dut.fd_I_t_26__O1_t_26: 0
dut.fd_I_t_26__f: 0
dut.fd_I_t_26__p: 0
dut.fd_I_t_27__O0_t_27: 0
dut.fd_I_t_27__O1_t_27: 0
dut.fd_I_t_27__f: 0
dut.fd_I_t_27__p: 0
dut.fd_I_t_28__O0_t_28: 0
dut.fd_I_t_28__O1_t_28: 0
dut.fd_I_t_28__f: 0
dut.fd_I_t_28__p: 0
dut.fd_I_t_29__O0_t_29: 0
dut.fd_I_t_29__O1_t_29: 0
dut.fd_I_t_29__f: 0
dut.fd_I_t_29__p: 0
dut.fd_I_t_2__O0_t_2: 0
dut.fd_I_t_2__O1_t_2: 0
dut.fd_I_t_2__f: 0
dut.fd_I_t_30__O0_t_30: 0
dut.fd_I_t_30__O1_t_30: 0
dut.fd_I_t_30__f: 0
dut.fd_I_t_30__p: 0
dut.fd_I_t_31__O0_t_31: 0
dut.fd_I_t_31__O1_t_31: 0
dut.fd_I_t_31__f: 0
dut.fd_I_t_31__p: 0
dut.fd_I_t_3__O0_t_3: 0
dut.fd_I_t_3__O1_t_3: 0
dut.fd_I_t_3__f: 0
dut.fd_I_t_4__O0_t_4: 0
dut.fd_I_t_4__O1_t_4: 0
dut.fd_I_t_4__f: 0
dut.fd_I_t_5__O0_t_5: 0
dut.fd_I_t_5__O1_t_5: 0
dut.fd_I_t_5__f: 0
dut.fd_I_t_6__O0_t_6: 0
dut.fd_I_t_6__O1_t_6: 0
dut.fd_I_t_6__f: 0
dut.fd_I_t_7__O0_t_7: 0
dut.fd_I_t_7__O1_t_7: 0
dut.fd_I_t_7__f: 0
dut.fd_I_t_8__O0_t_8: 0
dut.fd_I_t_8__O1_t_8: 0
dut.fd_I_t_8__f: 0
dut.fd_I_t_9__O0_t_9: 0
dut.fd_I_t_9__O1_t_9: 0
dut.fd_I_t_9__f: 0
dut.fd_O0_a__s: 0
dut.fd_O0_a__w_0i: 0
dut.fd_O0_a__w_1: 0
dut.fd_O1_a__s: 0
dut.fd_O1_a__w_0i: 0
dut.fd_O1_a__w_1: 0
dut.fd_f__I_a: 0
dut.fd_f__s: 0
dut.fd_f__v: 0
dut.fd_p__I_a: 0
dut.fd_s__I_a: 1
dut.fd_s__O0_f_0: 1
dut.fd_s__p: 1
dut.fd_s__w_0i: 1
dut.fd_v__I_a: 0
dut.fd_w_0__v: 0
dut.fd_w_0i__I_a: 0
dut.fd_w_0i__f: 0
dut.fd_w_0i__p: 0
dut.fd_w_0i__s: 0
dut.fd_w_1__s: 0
dut.fd_w_1__v: 0
dut.hold_I_a: 0
dut.p: 0
dut.s: 1
dut.v: 0
dut.w_0: 0
dut.w_0i: 0
dut.w_1: 0
reset: 0
TB_FINISHED
