WARNING: TbFailure<2>: substituting chp model (requested prs, not found)
WARNING: InputRouterDriver<>: substituting chp model (requested prs, not found)
TB_RANDOM_CHOICE off
TB_WARNING_POLICY resume-on-warn
TB_STRESS_BEGIN 10000
[               16733] <dut>  WARNING: interference on `_w0'   [by dut._a <- 0]
[               16735] <dut>  WARNING: weak-interference on `_a'   [by dut.a <- X]
[               16736] <dut>  WARNING: weak-interference on `_w0'   [by dut._a <- X]
[               16942] <dut>  WARNING: weak-interference on `I.a'   [by dut._o0a <- 0]
[               16943] <dut>  WARNING: weak-interference on `_i_a'   [by dut.I.a <- X]
[               16943] <I>  CHP model: Boolean variable `a' is X
[               16943] <dut>  WARNING: weak-interference on `_w0'   [by chan-method]
[               16943] <dut>  WARNING: weak-interference on `_w0'   [by chan-method]
[               16943] <dut>  WARNING: weak-interference on `_w0'   [by chan-method]
[               16943] <I>  CHP model: Boolean variable `a' is X
[               17028] <I>  CHP model: Boolean variable `a' is X
[               17028] <dut>  WARNING: unstable transition on `_i_t[8]'   [by chan-method]
[               17028] <dut>  WARNING: unstable transition on `_i_t[9]'   [by chan-method]
[               17028] <dut>  WARNING: unstable transition on `_i_t[14]'   [by chan-method]
[               17028] <dut>  WARNING: unstable transition on `_o0t[16]'   [by chan-method]
[               17028] <dut>  WARNING: unstable transition on `_o0t[19]'   [by chan-method]
[               17028] <dut>  WARNING: unstable transition on `_i_t[20]'   [by chan-method]
[               17028] <dut>  WARNING: unstable transition on `_i_t[26]'   [by chan-method]
[               17028] <dut>  WARNING: unstable transition on `_o0t[27]'   [by chan-method]
[               17028] <dut>  WARNING: unstable transition on `_o0t[28]'   [by chan-method]
[               17028] <dut>  WARNING: unstable transition on `_o0t[31]'   [by chan-method]
[               17028] <I>  CHP model: Boolean variable `a' is X
[               17028] <dut>  WARNING: unstable transition on `_o0f[0]'   [by chan-method]
[               17028] <dut>  WARNING: unstable transition on `_i_f[0]'   [by chan-method]
[               17028] <dut>  WARNING: unstable transition on `_o0t[1]'   [by chan-method]
[               17028] <dut>  WARNING: unstable transition on `_i_t[1]'   [by chan-method]
[               17028] <dut>  WARNING: unstable transition on `_o0t[2]'   [by chan-method]
[               17028] <dut>  WARNING: unstable transition on `_i_t[2]'   [by chan-method]
[               17028] <dut>  WARNING: unstable transition on `_o0t[3]'   [by chan-method]
[               17028] <dut>  WARNING: unstable transition on `_i_t[3]'   [by chan-method]
[               17028] <dut>  WARNING: unstable transition on `_w1'   [by chan-method]
[               17028] <dut>  WARNING: unstable transition on `_o0f[4]'   [by chan-method]
[               17028] <dut>  WARNING: unstable transition on `_i_f[4]'   [by chan-method]
[               17028] <dut>  WARNING: unstable transition on `_o0f[5]'   [by chan-method]
[               17028] <dut>  WARNING: unstable transition on `_i_f[5]'   [by chan-method]
[               17028] <dut>  WARNING: unstable transition on `_o0f[6]'   [by chan-method]
[               17028] <dut>  WARNING: unstable transition on `_i_f[6]'   [by chan-method]
[               17028] <dut>  WARNING: unstable transition on `_o0f[7]'   [by chan-method]
[               17028] <dut>  WARNING: unstable transition on `_i_f[7]'   [by chan-method]
[               17028] <dut>  WARNING: unstable transition on `_o0t[8]'   [by chan-method]
[               17028] <dut>  WARNING: unstable transition on `_o0t[9]'   [by chan-method]
[               17028] <dut>  WARNING: unstable transition on `_o0t[10]'   [by chan-method]
[               17028] <dut>  WARNING: unstable transition on `_i_t[10]'   [by chan-method]
[               17028] <dut>  WARNING: unstable transition on `_o0t[11]'   [by chan-method]
[               17028] <dut>  WARNING: unstable transition on `_i_t[11]'   [by chan-method]
[               17028] <dut>  WARNING: unstable transition on `_o0t[12]'   [by chan-method]
[               17028] <dut>  WARNING: unstable transition on `_i_t[12]'   [by chan-method]
[               17028] <dut>  WARNING: unstable transition on `_o0t[13]'   [by chan-method]
[               17028] <dut>  WARNING: unstable transition on `_i_t[13]'   [by chan-method]
[               17028] <dut>  WARNING: unstable transition on `_o0t[14]'   [by chan-method]
[               17028] <dut>  WARNING: unstable transition on `_o0t[15]'   [by chan-method]
[               17028] <dut>  WARNING: unstable transition on `_i_t[15]'   [by chan-method]
[               17028] <dut>  WARNING: unstable transition on `_i_t[16]'   [by chan-method]
[               17028] <dut>  WARNING: unstable transition on `_o0t[17]'   [by chan-method]
[               17028] <dut>  WARNING: unstable transition on `_i_t[17]'   [by chan-method]
[               17028] <dut>  WARNING: unstable transition on `_o0t[18]'   [by chan-method]
[               17028] <dut>  WARNING: unstable transition on `_i_t[18]'   [by chan-method]
[               17028] <dut>  WARNING: unstable transition on `_i_t[19]'   [by chan-method]
[               17028] <dut>  WARNING: unstable transition on `_o0t[20]'   [by chan-method]
[               17028] <dut>  WARNING: unstable transition on `_o0t[21]'   [by chan-method]
[               17028] <dut>  WARNING: unstable transition on `_i_t[21]'   [by chan-method]
[               17028] <dut>  WARNING: unstable transition on `_o0t[22]'   [by chan-method]
[               17028] <dut>  WARNING: unstable transition on `_i_t[22]'   [by chan-method]
[               17028] <dut>  WARNING: unstable transition on `_o0t[23]'   [by chan-method]
[               17028] <dut>  WARNING: unstable transition on `_i_t[23]'   [by chan-method]
[               17028] <dut>  WARNING: unstable transition on `_o0t[24]'   [by chan-method]
[               17028] <dut>  WARNING: unstable transition on `_i_t[24]'   [by chan-method]
[               17028] <dut>  WARNING: unstable transition on `_o0t[25]'   [by chan-method]
[               17028] <dut>  WARNING: unstable transition on `_i_t[25]'   [by chan-method]
[               17028] <dut>  WARNING: unstable transition on `_o0t[26]'   [by chan-method]
[               17028] <dut>  WARNING: unstable transition on `_i_t[27]'   [by chan-method]
[               17028] <dut>  WARNING: unstable transition on `_i_t[28]'   [by chan-method]
[               17028] <dut>  WARNING: unstable transition on `_o0t[29]'   [by chan-method]
[               17028] <dut>  WARNING: unstable transition on `_i_t[29]'   [by chan-method]
[               17028] <dut>  WARNING: unstable transition on `_o0t[30]'   [by chan-method]
[               17028] <dut>  WARNING: unstable transition on `_i_t[30]'   [by chan-method]
[               17028] <dut>  WARNING: unstable transition on `_i_t[31]'   [by chan-method]
[               17028] <I>  CHP model: Boolean variable `a' is X
[               17029] <dut>  WARNING: weak-interference on `O0.t[30]'   [by dut._o0t[30] <- X]
[               17029] <dut>  WARNING: weak-unstable transition on `O0.t[14]'   [by dut._o0t[14] <- X]
[               17029] <dut>  WARNING: weak-interference on `O0.t[14]'   [by dut._o0t[14] <- X]
[               17029] <dut>  WARNING: weak-interference on `O0.t[13]'   [by dut._o0t[13] <- X]
[               17029] <dut>  WARNING: weak-interference on `O0.t[11]'   [by dut._o0t[11] <- X]
[               17029] <dut>  WARNING: weak-unstable transition on `O0.t[12]'   [by dut._o0t[12] <- X]
[               17029] <dut>  WARNING: weak-interference on `O0.t[12]'   [by dut._o0t[12] <- X]
[               17029] <dut>  WARNING: weak-interference on `O0.t[9]'   [by dut._o0t[9] <- X]
[               17029] <dut>  WARNING: weak-unstable transition on `O0.t[10]'   [by dut._o0t[10] <- X]
[               17029] <dut>  WARNING: weak-interference on `O0.t[10]'   [by dut._o0t[10] <- X]
[               17029] <dut>  WARNING: weak-interference on `O0.f[7]'   [by dut._o0f[7] <- X]
[               17029] <dut>  WARNING: weak-unstable transition on `O0.t[8]'   [by dut._o0t[8] <- X]
[               17029] <dut>  WARNING: weak-interference on `O0.t[8]'   [by dut._o0t[8] <- X]
[               17029] <dut>  WARNING: weak-interference on `O0.t[3]'   [by dut._o0t[3] <- X]
[               17029] <dut>  WARNING: weak-interference on `O0.f[6]'   [by dut._o0f[6] <- X]
[               17029] <dut>  WARNING: weak-interference on `O0.f[5]'   [by dut._o0f[5] <- X]
[               17029] <dut>  WARNING: weak-interference on `I.a'   [by dut._w1 <- X]
[               17029] <dut>  WARNING: weak-interference on `w1'   [by dut._w1 <- X]
[               17029] <dut>  WARNING: weak-interference on `O0.f[4]'   [by dut._o0f[4] <- X]
[               17029] <dut>  WARNING: weak-interference on `O0.t[31]'   [by dut._o0t[31] <- X]
[               17029] <dut>  WARNING: weak-unstable transition on `O0.t[1]'   [by dut._o0t[1] <- X]
[               17029] <dut>  WARNING: weak-interference on `O0.t[1]'   [by dut._o0t[1] <- X]
[               17029] <dut>  WARNING: weak-unstable transition on `O0.t[2]'   [by dut._o0t[2] <- X]
[               17029] <dut>  WARNING: weak-interference on `O0.t[2]'   [by dut._o0t[2] <- X]
[               17029] <dut>  WARNING: weak-unstable transition on `O0.f[0]'   [by dut._o0f[0] <- X]
[               17029] <dut>  WARNING: weak-interference on `O0.f[0]'   [by dut._o0f[0] <- X]
[               17029] <dut>  WARNING: weak-interference on `O0.t[27]'   [by dut._o0t[27] <- X]
[               17029] <dut>  WARNING: weak-interference on `O0.t[28]'   [by dut._o0t[28] <- X]
[               17029] <dut>  WARNING: weak-interference on `O0.t[16]'   [by dut._o0t[16] <- X]
[               17029] <dut>  WARNING: weak-interference on `O0.t[19]'   [by dut._o0t[19] <- X]
[               17029] <dut>  WARNING: weak-unstable transition on `O0.t[29]'   [by dut._o0t[29] <- X]
[               17029] <dut>  WARNING: weak-interference on `O0.t[29]'   [by dut._o0t[29] <- X]
[               17029] <dut>  WARNING: weak-interference on `O0.t[26]'   [by dut._o0t[26] <- X]
[               17029] <dut>  WARNING: weak-unstable transition on `O0.t[25]'   [by dut._o0t[25] <- X]
[               17029] <dut>  WARNING: weak-interference on `O0.t[25]'   [by dut._o0t[25] <- X]
[               17029] <dut>  WARNING: weak-interference on `O0.t[24]'   [by dut._o0t[24] <- X]
[               17029] <dut>  WARNING: weak-interference on `O0.t[23]'   [by dut._o0t[23] <- X]
[               17029] <dut>  WARNING: weak-unstable transition on `O0.t[15]'   [by dut._o0t[15] <- X]
[               17029] <dut>  WARNING: weak-interference on `O0.t[15]'   [by dut._o0t[15] <- X]
[               17029] <dut>  WARNING: weak-unstable transition on `O0.t[21]'   [by dut._o0t[21] <- X]
[               17029] <dut>  WARNING: weak-interference on `O0.t[21]'   [by dut._o0t[21] <- X]
[               17029] <dut>  WARNING: weak-unstable transition on `O0.t[22]'   [by dut._o0t[22] <- X]
[               17029] <dut>  WARNING: weak-interference on `O0.t[22]'   [by dut._o0t[22] <- X]
[               17029] <dut>  WARNING: weak-interference on `O0.t[20]'   [by dut._o0t[20] <- X]
[               17029] <dut>  WARNING: weak-unstable transition on `O0.t[18]'   [by dut._o0t[18] <- X]
[               17029] <dut>  WARNING: weak-interference on `O0.t[18]'   [by dut._o0t[18] <- X]
[               17029] <dut>  WARNING: weak-unstable transition on `O0.t[17]'   [by dut._o0t[17] <- X]
[               17029] <dut>  WARNING: weak-interference on `O0.t[17]'   [by dut._o0t[17] <- X]
[               17030] <dut>  WARNING: weak-interference on `p'   [by dut.w1 <- X]
[               17030] <wire_O0>  WARNING: weak-unstable transition on `X.valid'   [by dut.O0.t[30] <- X]
[               17030] <wire_O0>  WARNING: weak-interference on `X.valid'   [by dut.O0.t[30] <- X]
[               17030] <wire_O0>  WARNING: weak-interference on `X.valid'   [by dut.O0.t[19] <- X]
[               17030] <wire_O0>  WARNING: weak-interference on `X.valid'   [by dut.O0.t[29] <- X]
[               17031] <dut>  WARNING: weak-interference on `O1.f[0]'   [by dut.p <- X]
[               17031] <dut>  WARNING: weak-interference on `O1.t[1]'   [by dut.p <- X]
[               17031] <dut>  WARNING: weak-interference on `O1.t[2]'   [by dut.p <- X]
[               17031] <dut>  WARNING: weak-interference on `O1.t[3]'   [by dut.p <- X]
[               17031] <dut>  WARNING: weak-interference on `O1.f[4]'   [by dut.p <- X]
[               17031] <dut>  WARNING: weak-interference on `O1.f[5]'   [by dut.p <- X]
[               17031] <dut>  WARNING: weak-interference on `O1.f[6]'   [by dut.p <- X]
[               17031] <dut>  WARNING: weak-interference on `O1.t[8]'   [by dut.p <- X]
[               17031] <dut>  WARNING: weak-interference on `O1.t[9]'   [by dut.p <- X]
[               17031] <dut>  WARNING: weak-interference on `O1.t[10]'   [by dut.p <- X]
[               17031] <dut>  WARNING: weak-interference on `O1.t[11]'   [by dut.p <- X]
[               17031] <dut>  WARNING: weak-interference on `O1.t[12]'   [by dut.p <- X]
[               17031] <dut>  WARNING: weak-interference on `O1.t[13]'   [by dut.p <- X]
[               17031] <dut>  WARNING: weak-interference on `O1.t[14]'   [by dut.p <- X]
[               17031] <dut>  WARNING: weak-interference on `O1.t[15]'   [by dut.p <- X]
[               17031] <dut>  WARNING: weak-interference on `O1.t[16]'   [by dut.p <- X]
[               17031] <dut>  WARNING: weak-interference on `O1.t[17]'   [by dut.p <- X]
[               17031] <dut>  WARNING: weak-interference on `O1.t[18]'   [by dut.p <- X]
[               17031] <dut>  WARNING: weak-interference on `O1.t[19]'   [by dut.p <- X]
[               17031] <dut>  WARNING: weak-interference on `O1.t[20]'   [by dut.p <- X]
[               17031] <dut>  WARNING: weak-interference on `O1.t[21]'   [by dut.p <- X]
[               17031] <dut>  WARNING: weak-interference on `O1.t[22]'   [by dut.p <- X]
[               17031] <dut>  WARNING: weak-interference on `O1.t[23]'   [by dut.p <- X]
[               17031] <dut>  WARNING: weak-interference on `O1.t[24]'   [by dut.p <- X]
[               17031] <dut>  WARNING: weak-interference on `O1.t[25]'   [by dut.p <- X]
[               17031] <dut>  WARNING: weak-interference on `O1.t[26]'   [by dut.p <- X]
[               17031] <dut>  WARNING: weak-interference on `O1.t[27]'   [by dut.p <- X]
[               17031] <dut>  WARNING: weak-interference on `O1.t[28]'   [by dut.p <- X]
[               17031] <dut>  WARNING: weak-interference on `O1.t[29]'   [by dut.p <- X]
[               17031] <dut>  WARNING: weak-interference on `O1.t[30]'   [by dut.p <- X]
[               17031] <dut>  WARNING: weak-interference on `O1.t[31]'   [by dut.p <- X]
[               17031] <dut>  WARNING: weak-interference on `_p'   [by dut.p <- X]
[               17031] <O0>  CHP model: Boolean variable `valid' is X
[               17032] <wire_O1>  WARNING: weak-interference on `X.spacer'   [by dut.O1.t[13] <- X]
[               17032] <wire_O1>  WARNING: weak-interference on `X.spacer'   [by dut.O1.t[29] <- X]
[               17032] <wire_O1>  WARNING: weak-interference on `X.spacer'   [by dut.O1.t[30] <- X]
[               17032] <wire_O1>  WARNING: weak-interference on `X.spacer'   [by dut.O1.t[31] <- X]
[               17032] <wire_O1>  WARNING: weak-interference on `X.spacer'   [by dut.O1.t[28] <- X]
[               17032] <O0>  CHP model: Boolean variable `valid' is X
[               17032] <wire_O1>  WARNING: weak-interference on `X.spacer'   [by dut.O1.t[14] <- X]
[               17032] <wire_O1>  WARNING: weak-interference on `X.spacer'   [by dut.O1.t[24] <- X]
[               17032] <wire_O1>  WARNING: weak-interference on `X.spacer'   [by dut.O1.t[21] <- X]
[               17032] <wire_O1>  WARNING: weak-interference on `X.spacer'   [by dut.O1.t[25] <- X]
[               17032] <wire_O1>  WARNING: weak-interference on `X.spacer'   [by dut.O1.t[27] <- X]
[               17032] <wire_O1>  WARNING: weak-interference on `X.spacer'   [by dut.O1.t[26] <- X]
[               17032] <O0>  CHP model: Boolean variable `valid' is X
[               17032] <wire_O1>  WARNING: weak-interference on `X.spacer'   [by dut.O1.t[20] <- X]
[               17032] <wire_O1>  WARNING: weak-interference on `X.spacer'   [by dut.O1.t[22] <- X]
[               17032] <wire_O1>  WARNING: weak-interference on `X.spacer'   [by dut.O1.t[23] <- X]
[               17032] <wire_O1>  WARNING: weak-interference on `X.spacer'   [by dut.O1.t[15] <- X]
[               17032] <wire_O1>  WARNING: weak-interference on `X.spacer'   [by dut.O1.t[17] <- X]
[               17032] <wire_O1>  WARNING: weak-interference on `X.spacer'   [by dut.O1.t[19] <- X]
[               17032] <O0>  CHP model: Boolean variable `valid' is X
[               17032] <wire_O1>  WARNING: weak-interference on `X.spacer'   [by dut.O1.t[18] <- X]
[               17032] <wire_O1>  WARNING: weak-interference on `X.spacer'   [by dut.O1.t[16] <- X]
[               17032] <wire_O1>  WARNING: weak-interference on `X.spacer'   [by dut.O1.t[12] <- X]
[               17032] <O0>  CHP model: Boolean variable `valid' is X
[               17032] <wire_O1>  WARNING: weak-interference on `X.spacer'   [by dut.O1.f[0] <- X]
[               17032] <wire_O1>  WARNING: weak-interference on `X.spacer'   [by dut.O1.t[1] <- X]
[               17032] <wire_O1>  WARNING: weak-interference on `X.spacer'   [by dut.O1.f[4] <- X]
[               17032] <wire_O1>  WARNING: weak-interference on `X.spacer'   [by dut.O1.t[9] <- X]
[               17032] <wire_O1>  WARNING: weak-interference on `X.spacer'   [by dut.O1.t[8] <- X]
[               17032] <wire_O1>  WARNING: weak-interference on `X.spacer'   [by dut.O1.t[11] <- X]
[               17032] <wire_O1>  WARNING: weak-interference on `X.spacer'   [by dut.O1.t[10] <- X]
[               17032] <O0>  CHP model: Boolean variable `valid' is X
[               17032] <wire_O1>  WARNING: weak-interference on `X.spacer'   [by dut.O1.f[5] <- X]
[               17032] <wire_O1>  WARNING: weak-interference on `X.spacer'   [by dut.O1.f[6] <- X]
[               17032] <wire_O1>  WARNING: weak-interference on `X.spacer'   [by dut.O1.t[2] <- X]
[               17032] <wire_O1>  WARNING: weak-interference on `X.spacer'   [by dut.O1.t[3] <- X]
[               17032] <wire_O1>  WARNING: weak-interference on `X.spacer'   [by dut.O1.t[4] <- X]
[               17032] <O0>  CHP model: Boolean variable `valid' is X
[               17033] <X>  CHP model: Boolean variable `spacer' is X
[               17033] <O0>  CHP model: Boolean variable `valid' is X
[               17045] <I>  CHP model: Boolean variable `a' is X
[               17045] <dut>  WARNING: weak-interference on `_w1'   [by chan-method]
[               17045] <dut>  WARNING: unstable transition on `_o0f[0]'   [by chan-method]
[               17045] <dut>  WARNING: unstable transition on `_i_f[0]'   [by chan-method]
[               17045] <dut>  WARNING: unstable transition on `_o0t[1]'   [by chan-method]
[               17045] <dut>  WARNING: unstable transition on `_i_t[1]'   [by chan-method]
[               17045] <dut>  WARNING: unstable transition on `_o0t[2]'   [by chan-method]
[               17045] <dut>  WARNING: unstable transition on `_i_t[2]'   [by chan-method]
[               17045] <dut>  WARNING: unstable transition on `_o0t[3]'   [by chan-method]
[               17045] <dut>  WARNING: unstable transition on `_i_t[3]'   [by chan-method]
[               17045] <dut>  WARNING: weak-interference on `_w0'   [by chan-method]
[               17045] <dut>  WARNING: weak-interference on `_w0'   [by chan-method]
[               17045] <dut>  WARNING: weak-interference on `_w0'   [by chan-method]
[               17045] <dut>  WARNING: weak-interference on `_w0'   [by chan-method]
[               17045] <dut>  WARNING: unstable transition on `_o0t[8]'   [by chan-method]
[               17045] <dut>  WARNING: unstable transition on `_o0t[9]'   [by chan-method]
[               17045] <dut>  WARNING: unstable transition on `_i_t[9]'   [by chan-method]
[               17045] <dut>  WARNING: unstable transition on `_i_t[10]'   [by chan-method]
[               17045] <dut>  WARNING: unstable transition on `_o0t[11]'   [by chan-method]
[               17045] <dut>  WARNING: unstable transition on `_i_t[11]'   [by chan-method]
[               17045] <dut>  WARNING: unstable transition on `_o0t[12]'   [by chan-method]
[               17045] <dut>  WARNING: unstable transition on `_i_t[12]'   [by chan-method]
[               17045] <dut>  WARNING: unstable transition on `_i_t[13]'   [by chan-method]
[               17045] <dut>  WARNING: unstable transition on `_o0t[14]'   [by chan-method]
[               17045] <dut>  WARNING: unstable transition on `_i_t[14]'   [by chan-method]
[               17045] <dut>  WARNING: unstable transition on `_o0t[15]'   [by chan-method]
[               17045] <dut>  WARNING: unstable transition on `_i_t[15]'   [by chan-method]
[               17045] <dut>  WARNING: unstable transition on `_o0t[16]'   [by chan-method]
[               17045] <dut>  WARNING: unstable transition on `_i_t[16]'   [by chan-method]
[               17045] <dut>  WARNING: unstable transition on `_o0t[17]'   [by chan-method]
[               17045] <dut>  WARNING: unstable transition on `_i_t[17]'   [by chan-method]
[               17045] <dut>  WARNING: unstable transition on `_o0t[18]'   [by chan-method]
[               17045] <dut>  WARNING: unstable transition on `_i_t[18]'   [by chan-method]
[               17045] <dut>  WARNING: unstable transition on `_o0t[19]'   [by chan-method]
[               17045] <dut>  WARNING: unstable transition on `_o0t[20]'   [by chan-method]
[               17045] <dut>  WARNING: unstable transition on `_i_t[20]'   [by chan-method]
[               17045] <dut>  WARNING: unstable transition on `_o0t[21]'   [by chan-method]
[               17045] <dut>  WARNING: unstable transition on `_o0t[22]'   [by chan-method]
[               17045] <dut>  WARNING: unstable transition on `_i_t[22]'   [by chan-method]
[               17045] <dut>  WARNING: unstable transition on `_o0t[23]'   [by chan-method]
[               17045] <dut>  WARNING: unstable transition on `_i_t[23]'   [by chan-method]
[               17045] <dut>  WARNING: unstable transition on `_i_t[24]'   [by chan-method]
[               17045] <dut>  WARNING: unstable transition on `_o0t[25]'   [by chan-method]
[               17045] <dut>  WARNING: unstable transition on `_i_t[25]'   [by chan-method]
[               17045] <dut>  WARNING: unstable transition on `_o0t[26]'   [by chan-method]
[               17045] <dut>  WARNING: unstable transition on `_i_t[26]'   [by chan-method]
[               17045] <dut>  WARNING: unstable transition on `_o0t[27]'   [by chan-method]
[               17045] <dut>  WARNING: unstable transition on `_i_t[27]'   [by chan-method]
[               17045] <dut>  WARNING: unstable transition on `_o0t[28]'   [by chan-method]
[               17045] <dut>  WARNING: unstable transition on `_o0t[29]'   [by chan-method]
[               17045] <dut>  WARNING: unstable transition on `_i_t[29]'   [by chan-method]
[               17045] <dut>  WARNING: unstable transition on `_o0t[30]'   [by chan-method]
[               17045] <dut>  WARNING: unstable transition on `_i_t[30]'   [by chan-method]
[               17045] <dut>  WARNING: unstable transition on `_o0t[31]'   [by chan-method]
[               17045] <dut>  WARNING: unstable transition on `_i_t[31]'   [by chan-method]
[               17045] <I>  CHP model: Boolean variable `a' is X
[               17045] <dut>  WARNING: unstable transition on `_i_f[0]'   [by chan-method]
[               17045] <dut>  WARNING: unstable transition on `_i_t[1]'   [by chan-method]
[               17045] <dut>  WARNING: unstable transition on `_i_t[2]'   [by chan-method]
[               17045] <dut>  WARNING: unstable transition on `_i_t[3]'   [by chan-method]
[               17045] <dut>  WARNING: weak-interference on `_w0'   [by chan-method]
[               17045] <dut>  WARNING: unstable transition on `_i_t[4]'   [by chan-method]
[               17045] <dut>  WARNING: weak-interference on `_w0'   [by chan-method]
[               17045] <dut>  WARNING: unstable transition on `_i_t[5]'   [by chan-method]
[               17045] <dut>  WARNING: weak-interference on `_w0'   [by chan-method]
[               17045] <dut>  WARNING: unstable transition on `_i_t[6]'   [by chan-method]
[               17045] <dut>  WARNING: unstable transition on `_i_t[7]'   [by chan-method]
[               17045] <dut>  WARNING: unstable transition on `_i_t[8]'   [by chan-method]
[               17045] <dut>  WARNING: unstable transition on `_i_t[9]'   [by chan-method]
[               17045] <dut>  WARNING: unstable transition on `_i_t[10]'   [by chan-method]
[               17045] <dut>  WARNING: unstable transition on `_i_t[11]'   [by chan-method]
[               17045] <dut>  WARNING: unstable transition on `_i_t[12]'   [by chan-method]
[               17045] <dut>  WARNING: unstable transition on `_i_t[13]'   [by chan-method]
[               17045] <dut>  WARNING: unstable transition on `_i_t[14]'   [by chan-method]
[               17045] <dut>  WARNING: unstable transition on `_i_t[15]'   [by chan-method]
[               17045] <dut>  WARNING: unstable transition on `_i_t[16]'   [by chan-method]
[               17045] <dut>  WARNING: unstable transition on `_i_t[17]'   [by chan-method]
[               17045] <dut>  WARNING: unstable transition on `_i_t[18]'   [by chan-method]
[               17045] <dut>  WARNING: unstable transition on `_i_t[19]'   [by chan-method]
[               17045] <dut>  WARNING: unstable transition on `_i_t[20]'   [by chan-method]
[               17045] <dut>  WARNING: unstable transition on `_i_t[21]'   [by chan-method]
[               17045] <dut>  WARNING: unstable transition on `_i_t[22]'   [by chan-method]
[               17045] <dut>  WARNING: unstable transition on `_i_t[23]'   [by chan-method]
[               17045] <dut>  WARNING: unstable transition on `_i_t[24]'   [by chan-method]
[               17045] <dut>  WARNING: unstable transition on `_i_t[25]'   [by chan-method]
[               17045] <dut>  WARNING: unstable transition on `_i_t[26]'   [by chan-method]
[               17045] <dut>  WARNING: unstable transition on `_i_t[27]'   [by chan-method]
[               17045] <dut>  WARNING: unstable transition on `_i_t[28]'   [by chan-method]
[               17045] <dut>  WARNING: unstable transition on `_i_t[29]'   [by chan-method]
[               17045] <dut>  WARNING: unstable transition on `_i_t[30]'   [by chan-method]
[               17045] <dut>  WARNING: unstable transition on `_i_t[31]'   [by chan-method]
[               17045] <I>  CHP model: Boolean variable `a' is X
[               17045] <X>  CHP model: Boolean variable `spacer' is X
[               17045] <O0>  CHP model: Boolean variable `valid' is X
[               17046] <dut>  WARNING: weak-unstable transition on `O1.t[19]'   [by dut._i_t[19] <- X]
[               17046] <dut>  WARNING: weak-interference on `O1.t[19]'   [by dut._i_t[19] <- X]
[               17046] <dut>  WARNING: weak-unstable transition on `O1.t[21]'   [by dut._i_t[21] <- X]
[               17046] <dut>  WARNING: weak-interference on `O1.t[21]'   [by dut._i_t[21] <- X]
[               17046] <dut>  WARNING: weak-unstable transition on `O1.t[28]'   [by dut._i_t[28] <- X]
[               17046] <dut>  WARNING: weak-interference on `O1.t[28]'   [by dut._i_t[28] <- X]
[               17046] <dut>  WARNING: weak-unstable transition on `O1.t[4]'   [by dut._i_t[4] <- X]
[               17046] <dut>  WARNING: weak-interference on `O1.t[4]'   [by dut._i_t[4] <- X]
[               17046] <dut>  WARNING: weak-unstable transition on `O1.t[8]'   [by dut._i_t[8] <- X]
[               17046] <dut>  WARNING: weak-interference on `O1.t[8]'   [by dut._i_t[8] <- X]
[               17046] <dut>  WARNING: weak-interference on `O1.t[5]'   [by dut._i_t[5] <- X]
[               17046] <dut>  WARNING: weak-interference on `O1.t[6]'   [by dut._i_t[6] <- X]
[               17046] <dut>  WARNING: weak-interference on `O1.t[7]'   [by dut._i_t[7] <- X]
[               17046] <dut>  WARNING: weak-unstable transition on `O0.t[24]'   [by dut._o0t[24] <- X]
[               17046] <dut>  WARNING: weak-interference on `O0.t[24]'   [by dut._o0t[24] <- X]
[               17046] <dut>  WARNING: weak-unstable transition on `O0.t[10]'   [by dut._o0t[10] <- X]
[               17046] <dut>  WARNING: weak-interference on `O0.t[10]'   [by dut._o0t[10] <- X]
[               17046] <dut>  WARNING: weak-unstable transition on `O0.t[13]'   [by dut._o0t[13] <- X]
[               17046] <dut>  WARNING: weak-interference on `O0.t[13]'   [by dut._o0t[13] <- X]
[               17046] <dut>  WARNING: weak-unstable transition on `O0.t[4]'   [by dut._o0t[4] <- X]
[               17046] <dut>  WARNING: weak-interference on `O0.t[4]'   [by dut._o0t[4] <- X]
[               17046] <dut>  WARNING: weak-unstable transition on `O0.t[6]'   [by dut._o0t[6] <- X]
[               17046] <dut>  WARNING: weak-interference on `O0.t[6]'   [by dut._o0t[6] <- X]
[               17046] <dut>  WARNING: weak-unstable transition on `O0.t[7]'   [by dut._o0t[7] <- X]
[               17046] <dut>  WARNING: weak-interference on `O0.t[7]'   [by dut._o0t[7] <- X]
[               17046] <dut>  WARNING: weak-unstable transition on `O0.t[5]'   [by dut._o0t[5] <- X]
[               17046] <dut>  WARNING: weak-interference on `O0.t[5]'   [by dut._o0t[5] <- X]
[               17047] <wire_O1>  WARNING: weak-interference on `X.spacer'   [by dut.O1.t[5] <- X]
[               17047] <wire_O1>  WARNING: weak-interference on `X.spacer'   [by dut.O1.t[6] <- X]
[               17047] <wire_O1>  WARNING: weak-interference on `X.valid'   [by dut.O1.t[7] <- X]
[               17047] <wire_O1>  WARNING: weak-interference on `X.spacer'   [by dut.O1.t[7] <- X]
[               17047] <wire_O0>  WARNING: weak-interference on `X.valid'   [by dut.O0.t[4] <- X]
[               17047] <wire_O0>  WARNING: weak-interference on `X.valid'   [by dut.O0.t[7] <- X]
[               17047] <wire_O0>  WARNING: weak-interference on `X.valid'   [by dut.O0.t[5] <- X]
[               17047] <X>  CHP model: Boolean variable `spacer' is X
[               17047] <O0>  CHP model: Boolean variable `valid' is X
[               17047] <wire_O0>  WARNING: weak-interference on `X.valid'   [by dut.O0.t[6] <- X]
[               17047] <wire_O0>  WARNING: weak-interference on `X.spacer'   [by dut.O0.t[6] <- X]
[               17047] <X>  CHP model: Boolean variable `spacer' is X
[               17047] <O0>  CHP model: Boolean variable `valid' is X
[               17048] <X>  CHP model: Boolean variable `valid' is X
[               17048] <X>  CHP model: Boolean variable `spacer' is X
[               17048] <O0>  CHP model: Boolean variable `spacer' is X
[               17048] <O0>  CHP model: Boolean variable `valid' is X
[               17059] <wire_O0>  WARNING: weak-interference on `X.spacer'   [by dut.O0.t[13] <- 0]
[               17059] <X>  CHP model: Boolean variable `valid' is X
[               17059] <X>  CHP model: Boolean variable `spacer' is X
[               17059] <O0>  CHP model: Boolean variable `spacer' is X
[               17059] <O0>  CHP model: Boolean variable `valid' is X
[               17061] <X>  CHP model: Boolean variable `valid' is X
[               17061] <X>  CHP model: Boolean variable `spacer' is X
[               17061] <O0>  CHP model: Boolean variable `spacer' is X
[               17073] <wire_O0>  WARNING: weak-interference on `X.spacer'   [by dut.O0.t[19] <- 0]
[               17073] <X>  CHP model: Boolean variable `valid' is X
[               17073] <X>  CHP model: Boolean variable `spacer' is X
[               17073] <O0>  CHP model: Boolean variable `spacer' is X
[               17077] <I>  CHP model: Boolean variable `a' is X
[               17077] <dut>  WARNING: weak-interference on `_w1'   [by chan-method]
[               17077] <dut>  WARNING: unstable transition on `_o0f[0]'   [by chan-method]
[               17077] <dut>  WARNING: unstable transition on `_i_t[1]'   [by chan-method]
[               17077] <dut>  WARNING: unstable transition on `_o0t[2]'   [by chan-method]
[               17077] <dut>  WARNING: unstable transition on `_i_t[2]'   [by chan-method]
[               17077] <dut>  WARNING: unstable transition on `_o0t[3]'   [by chan-method]
[               17077] <dut>  WARNING: weak-interference on `_w0'   [by chan-method]
[               17077] <dut>  WARNING: unstable transition on `_i_t[4]'   [by chan-method]
[               17077] <dut>  WARNING: weak-interference on `_w0'   [by chan-method]
[               17077] <dut>  WARNING: unstable transition on `_o0t[5]'   [by chan-method]
[               17077] <dut>  WARNING: unstable transition on `_i_t[5]'   [by chan-method]
[               17077] <dut>  WARNING: weak-interference on `_w0'   [by chan-method]
[               17077] <dut>  WARNING: unstable transition on `_o0t[6]'   [by chan-method]
[               17077] <dut>  WARNING: unstable transition on `_i_t[6]'   [by chan-method]
[               17077] <dut>  WARNING: weak-interference on `_w0'   [by chan-method]
[               17077] <dut>  WARNING: unstable transition on `_o0t[7]'   [by chan-method]
[               17077] <dut>  WARNING: unstable transition on `_o0t[8]'   [by chan-method]
[               17077] <dut>  WARNING: unstable transition on `_i_t[8]'   [by chan-method]
[               17077] <dut>  WARNING: unstable transition on `_o0t[10]'   [by chan-method]
[               17077] <dut>  WARNING: unstable transition on `_o0t[11]'   [by chan-method]
[               17077] <dut>  WARNING: unstable transition on `_i_t[12]'   [by chan-method]
[               17077] <dut>  WARNING: unstable transition on `_i_t[13]'   [by chan-method]
[               17077] <dut>  WARNING: unstable transition on `_o0t[15]'   [by chan-method]
[               17077] <dut>  WARNING: unstable transition on `_i_t[15]'   [by chan-method]
[               17077] <dut>  WARNING: unstable transition on `_i_t[16]'   [by chan-method]
[               17077] <dut>  WARNING: unstable transition on `_o0t[17]'   [by chan-method]
[               17077] <dut>  WARNING: unstable transition on `_i_t[17]'   [by chan-method]
[               17077] <dut>  WARNING: unstable transition on `_i_t[19]'   [by chan-method]
[               17077] <dut>  WARNING: unstable transition on `_o0t[21]'   [by chan-method]
[               17077] <dut>  WARNING: unstable transition on `_o0t[22]'   [by chan-method]
[               17077] <dut>  WARNING: unstable transition on `_i_t[22]'   [by chan-method]
[               17077] <dut>  WARNING: unstable transition on `_o0t[23]'   [by chan-method]
[               17077] <dut>  WARNING: unstable transition on `_i_t[23]'   [by chan-method]
[               17077] <dut>  WARNING: unstable transition on `_o0t[24]'   [by chan-method]
[               17077] <dut>  WARNING: unstable transition on `_i_t[24]'   [by chan-method]
[               17077] <dut>  WARNING: unstable transition on `_i_t[25]'   [by chan-method]
[               17077] <dut>  WARNING: unstable transition on `_i_t[26]'   [by chan-method]
[               17077] <dut>  WARNING: unstable transition on `_o0t[27]'   [by chan-method]
[               17077] <dut>  WARNING: unstable transition on `_i_t[27]'   [by chan-method]
[               17077] <dut>  WARNING: unstable transition on `_i_t[28]'   [by chan-method]
[               17077] <dut>  WARNING: unstable transition on `_o0t[29]'   [by chan-method]
[               17077] <dut>  WARNING: unstable transition on `_i_t[29]'   [by chan-method]
[               17077] <dut>  WARNING: unstable transition on `_o0t[30]'   [by chan-method]
[               17077] <dut>  WARNING: unstable transition on `_i_t[30]'   [by chan-method]
[               17077] <I>  CHP model: Boolean variable `a' is X
[               17077] <dut>  WARNING: unstable transition on `_i_f[0]'   [by chan-method]
[               17077] <dut>  WARNING: unstable transition on `_i_t[1]'   [by chan-method]
[               17077] <dut>  WARNING: unstable transition on `_i_t[2]'   [by chan-method]
[               17077] <dut>  WARNING: unstable transition on `_i_t[3]'   [by chan-method]
[               17077] <dut>  WARNING: weak-interference on `_w0'   [by chan-method]
[               17077] <dut>  WARNING: unstable transition on `_i_t[4]'   [by chan-method]
[               17077] <dut>  WARNING: weak-interference on `_w0'   [by chan-method]
[               17077] <dut>  WARNING: unstable transition on `_i_t[5]'   [by chan-method]
[               17077] <dut>  WARNING: weak-interference on `_w0'   [by chan-method]
[               17077] <dut>  WARNING: unstable transition on `_i_t[6]'   [by chan-method]
[               17077] <dut>  WARNING: unstable transition on `_i_t[7]'   [by chan-method]
[               17077] <dut>  WARNING: unstable transition on `_i_t[8]'   [by chan-method]
[               17077] <dut>  WARNING: unstable transition on `_i_t[9]'   [by chan-method]
[               17077] <dut>  WARNING: unstable transition on `_i_t[10]'   [by chan-method]
[               17077] <dut>  WARNING: unstable transition on `_i_t[11]'   [by chan-method]
[               17077] <dut>  WARNING: unstable transition on `_i_t[12]'   [by chan-method]
[               17077] <dut>  WARNING: unstable transition on `_i_t[13]'   [by chan-method]
[               17077] <dut>  WARNING: unstable transition on `_i_t[14]'   [by chan-method]
[               17077] <dut>  WARNING: unstable transition on `_i_t[15]'   [by chan-method]
[               17077] <dut>  WARNING: unstable transition on `_i_t[16]'   [by chan-method]
[               17077] <dut>  WARNING: unstable transition on `_i_t[17]'   [by chan-method]
[               17077] <dut>  WARNING: unstable transition on `_i_t[18]'   [by chan-method]
[               17077] <dut>  WARNING: unstable transition on `_i_t[19]'   [by chan-method]
[               17077] <dut>  WARNING: unstable transition on `_i_t[20]'   [by chan-method]
[               17077] <dut>  WARNING: unstable transition on `_i_t[21]'   [by chan-method]
[               17077] <dut>  WARNING: unstable transition on `_i_t[22]'   [by chan-method]
[               17077] <dut>  WARNING: unstable transition on `_i_t[23]'   [by chan-method]
[               17077] <dut>  WARNING: unstable transition on `_i_t[24]'   [by chan-method]
[               17077] <dut>  WARNING: unstable transition on `_i_t[25]'   [by chan-method]
[               17077] <dut>  WARNING: unstable transition on `_i_t[26]'   [by chan-method]
[               17077] <dut>  WARNING: unstable transition on `_i_t[27]'   [by chan-method]
[               17077] <dut>  WARNING: unstable transition on `_i_t[28]'   [by chan-method]
[               17077] <dut>  WARNING: unstable transition on `_i_t[29]'   [by chan-method]
[               17077] <dut>  WARNING: unstable transition on `_i_t[30]'   [by chan-method]
[               17077] <dut>  WARNING: unstable transition on `_i_t[31]'   [by chan-method]
[               17077] <I>  CHP model: Boolean variable `a' is X
[               17077] <X>  CHP model: Boolean variable `valid' is X
[               17077] <X>  CHP model: Boolean variable `spacer' is X
[               17077] <O0>  CHP model: Boolean variable `spacer' is X
[               17078] <dut>  WARNING: weak-unstable transition on `O1.t[7]'   [by dut._i_t[7] <- X]
[               17078] <dut>  WARNING: weak-interference on `O1.t[7]'   [by dut._i_t[7] <- X]
[               17078] <dut>  WARNING: weak-unstable transition on `O1.t[21]'   [by dut._i_t[21] <- X]
[               17078] <dut>  WARNING: weak-interference on `O1.t[21]'   [by dut._i_t[21] <- X]
[               17078] <dut>  WARNING: weak-unstable transition on `O1.t[18]'   [by dut._i_t[18] <- X]
[               17078] <dut>  WARNING: weak-interference on `O1.t[18]'   [by dut._i_t[18] <- X]
[               17078] <dut>  WARNING: weak-unstable transition on `O1.t[20]'   [by dut._i_t[20] <- X]
[               17078] <dut>  WARNING: weak-interference on `O1.t[20]'   [by dut._i_t[20] <- X]
[               17078] <dut>  WARNING: weak-unstable transition on `O1.t[9]'   [by dut._i_t[9] <- X]
[               17078] <dut>  WARNING: weak-interference on `O1.t[9]'   [by dut._i_t[9] <- X]
[               17078] <dut>  WARNING: weak-unstable transition on `O1.t[10]'   [by dut._i_t[10] <- X]
[               17078] <dut>  WARNING: weak-interference on `O1.t[10]'   [by dut._i_t[10] <- X]
[               17078] <dut>  WARNING: weak-unstable transition on `O1.t[11]'   [by dut._i_t[11] <- X]
[               17078] <dut>  WARNING: weak-interference on `O1.t[11]'   [by dut._i_t[11] <- X]
[               17078] <dut>  WARNING: weak-unstable transition on `O1.t[14]'   [by dut._i_t[14] <- X]
[               17078] <dut>  WARNING: weak-interference on `O1.t[14]'   [by dut._i_t[14] <- X]
[               17078] <dut>  WARNING: weak-unstable transition on `O0.t[28]'   [by dut._o0t[28] <- X]
[               17078] <dut>  WARNING: weak-interference on `O0.t[28]'   [by dut._o0t[28] <- X]
[               17078] <dut>  WARNING: weak-unstable transition on `O1.f[0]'   [by dut._i_f[0] <- X]
[               17078] <dut>  WARNING: weak-interference on `O1.f[0]'   [by dut._i_f[0] <- X]
[               17078] <dut>  WARNING: weak-unstable transition on `O1.t[3]'   [by dut._i_t[3] <- X]
[               17078] <dut>  WARNING: weak-interference on `O1.t[3]'   [by dut._i_t[3] <- X]
[               17078] <dut>  WARNING: weak-unstable transition on `O0.t[31]'   [by dut._o0t[31] <- X]
[               17078] <dut>  WARNING: weak-interference on `O0.t[31]'   [by dut._o0t[31] <- X]
[               17078] <dut>  WARNING: weak-unstable transition on `O0.t[16]'   [by dut._o0t[16] <- X]
[               17078] <dut>  WARNING: weak-interference on `O0.t[16]'   [by dut._o0t[16] <- X]
[               17078] <dut>  WARNING: weak-unstable transition on `O0.t[25]'   [by dut._o0t[25] <- X]
[               17078] <dut>  WARNING: weak-interference on `O0.t[25]'   [by dut._o0t[25] <- X]
[               17078] <dut>  WARNING: weak-unstable transition on `O0.t[26]'   [by dut._o0t[26] <- X]
[               17078] <dut>  WARNING: weak-interference on `O0.t[26]'   [by dut._o0t[26] <- X]
[               17078] <dut>  WARNING: weak-unstable transition on `O0.t[18]'   [by dut._o0t[18] <- X]
[               17078] <dut>  WARNING: weak-interference on `O0.t[18]'   [by dut._o0t[18] <- X]
[               17078] <dut>  WARNING: weak-interference on `O0.t[19]'   [by dut._o0t[19] <- X]
[               17078] <dut>  WARNING: weak-unstable transition on `O0.t[20]'   [by dut._o0t[20] <- X]
[               17078] <dut>  WARNING: weak-interference on `O0.t[20]'   [by dut._o0t[20] <- X]
[               17078] <dut>  WARNING: weak-unstable transition on `O0.t[9]'   [by dut._o0t[9] <- X]
[               17078] <dut>  WARNING: weak-interference on `O0.t[9]'   [by dut._o0t[9] <- X]
[               17078] <dut>  WARNING: weak-unstable transition on `O0.t[12]'   [by dut._o0t[12] <- X]
[               17078] <dut>  WARNING: weak-interference on `O0.t[12]'   [by dut._o0t[12] <- X]
[               17078] <dut>  WARNING: weak-unstable transition on `O0.t[14]'   [by dut._o0t[14] <- X]
[               17078] <dut>  WARNING: weak-interference on `O0.t[14]'   [by dut._o0t[14] <- X]
[               17078] <dut>  WARNING: weak-interference on `O0.t[13]'   [by dut._o0t[13] <- X]
[               17078] <dut>  WARNING: weak-unstable transition on `O0.t[1]'   [by dut._o0t[1] <- X]
[               17078] <dut>  WARNING: weak-interference on `O0.t[1]'   [by dut._o0t[1] <- X]
[               17078] <dut>  WARNING: weak-unstable transition on `O0.t[4]'   [by dut._o0t[4] <- X]
[               17078] <dut>  WARNING: weak-interference on `O0.t[4]'   [by dut._o0t[4] <- X]
[               17078] <dut>  WARNING: weak-unstable transition on `O1.t[31]'   [by dut._i_t[31] <- X]
[               17078] <dut>  WARNING: weak-interference on `O1.t[31]'   [by dut._i_t[31] <- X]
[               17079] <wire_O0>  WARNING: weak-interference on `X.spacer'   [by dut.O0.t[19] <- X]
[               17079] <wire_O0>  WARNING: weak-interference on `X.valid'   [by dut.O0.t[13] <- X]
[               17079] <wire_O0>  WARNING: weak-interference on `X.spacer'   [by dut.O0.t[13] <- X]
[               17079] <X>  CHP model: Boolean variable `valid' is X
[               17079] <X>  CHP model: Boolean variable `spacer' is X
[               17079] <O0>  CHP model: Boolean variable `spacer' is X
[               17080] <X>  CHP model: Boolean variable `valid' is X
[               17080] <X>  CHP model: Boolean variable `spacer' is X
[               17080] <O0>  CHP model: Boolean variable `spacer' is X
[               17080] <O0>  CHP model: Boolean variable `valid' is X
[               17084] <wire_O1>  WARNING: weak-interference on `X.valid'   [by dut.O1.f[4] <- 0]
[               17084] <wire_O1>  WARNING: weak-interference on `X.spacer'   [by dut.O1.f[4] <- 0]
[               17084] <X>  CHP model: Boolean variable `valid' is X
[               17084] <X>  CHP model: Boolean variable `spacer' is X
[               17084] <O0>  CHP model: Boolean variable `spacer' is X
[               17084] <O0>  CHP model: Boolean variable `valid' is X
[               17091] <wire_O1>  WARNING: weak-interference on `X.spacer'   [by dut.O1.t[10] <- 0]
[               17091] <X>  CHP model: Boolean variable `valid' is X
[               17091] <X>  CHP model: Boolean variable `spacer' is X
[               17091] <O0>  CHP model: Boolean variable `spacer' is X
[               17091] <O0>  CHP model: Boolean variable `valid' is X
[               17111] <wire_O0>  WARNING: weak-interference on `X.spacer'   [by dut.O0.t[27] <- 0]
[               17111] <X>  CHP model: Boolean variable `valid' is X
[               17111] <X>  CHP model: Boolean variable `spacer' is X
[               17111] <O0>  CHP model: Boolean variable `spacer' is X
[               17111] <O0>  CHP model: Boolean variable `valid' is X
[               17114] <wire_O1>  WARNING: weak-interference on `X.spacer'   [by dut.O1.t[15] <- 0]
[               17114] <X>  CHP model: Boolean variable `valid' is X
[               17114] <X>  CHP model: Boolean variable `spacer' is X
[               17114] <O0>  CHP model: Boolean variable `spacer' is X
[               17114] <O0>  CHP model: Boolean variable `valid' is X
[               17117] <wire_O0>  WARNING: weak-interference on `X.spacer'   [by dut.O0.t[17] <- 0]
[               17117] <wire_O0>  WARNING: weak-interference on `X.spacer'   [by dut.O0.t[14] <- 0]
[               17117] <X>  CHP model: Boolean variable `valid' is X
[               17117] <X>  CHP model: Boolean variable `spacer' is X
[               17117] <O0>  CHP model: Boolean variable `spacer' is X
[               17117] <O0>  CHP model: Boolean variable `valid' is X
[               17118] <wire_O0>  WARNING: weak-interference on `X.spacer'   [by dut.O0.t[3] <- 0]
[               17118] <X>  CHP model: Boolean variable `valid' is X
[               17118] <X>  CHP model: Boolean variable `spacer' is X
[               17118] <O0>  CHP model: Boolean variable `spacer' is X
[               17118] <O0>  CHP model: Boolean variable `valid' is X
[               17118] <wire_O0>  WARNING: weak-interference on `X.spacer'   [by dut.O0.t[31] <- 0]
[               17118] <X>  CHP model: Boolean variable `valid' is X
[               17118] <X>  CHP model: Boolean variable `spacer' is X
[               17118] <O0>  CHP model: Boolean variable `spacer' is X
[               17118] <O0>  CHP model: Boolean variable `valid' is X
[               17120] <wire_O1>  WARNING: weak-interference on `X.spacer'   [by dut.O1.t[25] <- 0]
[               17120] <X>  CHP model: Boolean variable `valid' is X
[               17120] <X>  CHP model: Boolean variable `spacer' is X
[               17120] <O0>  CHP model: Boolean variable `spacer' is X
[               17120] <O0>  CHP model: Boolean variable `valid' is X
[               17122] <wire_O0>  WARNING: weak-interference on `X.spacer'   [by dut.O0.t[18] <- 0]
[               17122] <X>  CHP model: Boolean variable `valid' is X
[               17122] <X>  CHP model: Boolean variable `spacer' is X
[               17122] <O0>  CHP model: Boolean variable `spacer' is X
[               17122] <O0>  CHP model: Boolean variable `valid' is X
[               17128] <wire_O1>  WARNING: weak-interference on `X.spacer'   [by dut.O1.t[24] <- 0]
[               17128] <X>  CHP model: Boolean variable `valid' is X
[               17128] <X>  CHP model: Boolean variable `spacer' is X
[               17128] <O0>  CHP model: Boolean variable `spacer' is X
[               17128] <O0>  CHP model: Boolean variable `valid' is X
[               17131] <I>  CHP model: Boolean variable `a' is X
[               17131] <dut>  WARNING: weak-interference on `_w0'   [by chan-method]
[               17131] <dut>  WARNING: unstable transition on `_o0t[1]'   [by chan-method]
[               17131] <dut>  WARNING: unstable transition on `_i_t[1]'   [by chan-method]
[               17131] <dut>  WARNING: unstable transition on `_o0t[2]'   [by chan-method]
[               17131] <dut>  WARNING: unstable transition on `_i_t[3]'   [by chan-method]
[               17131] <dut>  WARNING: weak-interference on `_w0'   [by chan-method]
[               17131] <dut>  WARNING: weak-interference on `_w0'   [by chan-method]
[               17131] <dut>  WARNING: unstable transition on `_o0t[5]'   [by chan-method]
[               17131] <dut>  WARNING: weak-interference on `_w0'   [by chan-method]
[               17131] <dut>  WARNING: unstable transition on `_o0t[6]'   [by chan-method]
[               17131] <dut>  WARNING: unstable transition on `_i_t[6]'   [by chan-method]
[               17131] <dut>  WARNING: weak-interference on `_w0'   [by chan-method]
[               17131] <dut>  WARNING: unstable transition on `_i_t[7]'   [by chan-method]
[               17131] <dut>  WARNING: unstable transition on `_o0t[8]'   [by chan-method]
[               17131] <dut>  WARNING: unstable transition on `_o0t[9]'   [by chan-method]
[               17131] <dut>  WARNING: unstable transition on `_o0t[10]'   [by chan-method]
[               17131] <dut>  WARNING: unstable transition on `_o0t[11]'   [by chan-method]
[               17131] <dut>  WARNING: unstable transition on `_o0t[12]'   [by chan-method]
[               17131] <dut>  WARNING: unstable transition on `_i_t[12]'   [by chan-method]
[               17131] <dut>  WARNING: unstable transition on `_i_t[13]'   [by chan-method]
[               17131] <dut>  WARNING: unstable transition on `_o0t[15]'   [by chan-method]
[               17131] <dut>  WARNING: unstable transition on `_i_t[17]'   [by chan-method]
[               17131] <dut>  WARNING: unstable transition on `_i_t[18]'   [by chan-method]
[               17131] <dut>  WARNING: unstable transition on `_i_t[20]'   [by chan-method]
[               17131] <dut>  WARNING: unstable transition on `_o0t[21]'   [by chan-method]
[               17131] <dut>  WARNING: unstable transition on `_i_t[21]'   [by chan-method]
[               17131] <dut>  WARNING: unstable transition on `_o0t[22]'   [by chan-method]
[               17131] <dut>  WARNING: unstable transition on `_o0t[23]'   [by chan-method]
[               17131] <dut>  WARNING: unstable transition on `_i_t[23]'   [by chan-method]
[               17131] <dut>  WARNING: unstable transition on `_o0t[24]'   [by chan-method]
[               17131] <dut>  WARNING: unstable transition on `_o0t[25]'   [by chan-method]
[               17131] <dut>  WARNING: unstable transition on `_o0t[26]'   [by chan-method]
[               17131] <dut>  WARNING: unstable transition on `_i_t[27]'   [by chan-method]
[               17131] <dut>  WARNING: unstable transition on `_o0t[29]'   [by chan-method]
[               17131] <dut>  WARNING: unstable transition on `_i_t[29]'   [by chan-method]
[               17131] <I>  CHP model: Boolean variable `a' is X
[               17131] <dut>  WARNING: weak-interference on `_w0'   [by chan-method]
[               17131] <dut>  WARNING: unstable transition on `_i_t[0]'   [by chan-method]
[               17131] <dut>  WARNING: unstable transition on `_i_t[1]'   [by chan-method]
[               17131] <dut>  WARNING: unstable transition on `_i_t[2]'   [by chan-method]
[               17131] <dut>  WARNING: unstable transition on `_i_t[3]'   [by chan-method]
[               17131] <dut>  WARNING: weak-interference on `_w0'   [by chan-method]
[               17131] <dut>  WARNING: unstable transition on `_i_t[4]'   [by chan-method]
[               17131] <dut>  WARNING: weak-interference on `_w0'   [by chan-method]
[               17131] <dut>  WARNING: unstable transition on `_i_t[5]'   [by chan-method]
[               17131] <dut>  WARNING: weak-interference on `_w0'   [by chan-method]
[               17131] <dut>  WARNING: unstable transition on `_i_t[6]'   [by chan-method]
[               17131] <dut>  WARNING: unstable transition on `_i_t[7]'   [by chan-method]
[               17131] <dut>  WARNING: unstable transition on `_i_t[8]'   [by chan-method]
[               17131] <dut>  WARNING: unstable transition on `_i_t[9]'   [by chan-method]
[               17131] <dut>  WARNING: unstable transition on `_i_t[10]'   [by chan-method]
[               17131] <dut>  WARNING: unstable transition on `_i_t[11]'   [by chan-method]
[               17131] <dut>  WARNING: unstable transition on `_i_t[12]'   [by chan-method]
[               17131] <dut>  WARNING: unstable transition on `_i_t[13]'   [by chan-method]
[               17131] <dut>  WARNING: unstable transition on `_i_t[14]'   [by chan-method]
[               17131] <dut>  WARNING: unstable transition on `_i_t[15]'   [by chan-method]
[               17131] <dut>  WARNING: unstable transition on `_i_t[16]'   [by chan-method]
[               17131] <dut>  WARNING: unstable transition on `_i_t[17]'   [by chan-method]
[               17131] <dut>  WARNING: unstable transition on `_i_t[18]'   [by chan-method]
[               17131] <dut>  WARNING: unstable transition on `_i_t[19]'   [by chan-method]
[               17131] <dut>  WARNING: unstable transition on `_i_t[20]'   [by chan-method]
[               17131] <dut>  WARNING: unstable transition on `_i_t[21]'   [by chan-method]
[               17131] <dut>  WARNING: unstable transition on `_i_t[22]'   [by chan-method]
[               17131] <dut>  WARNING: unstable transition on `_i_t[23]'   [by chan-method]
[               17131] <dut>  WARNING: unstable transition on `_i_t[24]'   [by chan-method]
[               17131] <dut>  WARNING: unstable transition on `_i_t[25]'   [by chan-method]
[               17131] <dut>  WARNING: unstable transition on `_i_t[26]'   [by chan-method]
[               17131] <dut>  WARNING: unstable transition on `_i_t[27]'   [by chan-method]
[               17131] <dut>  WARNING: unstable transition on `_i_t[28]'   [by chan-method]
[               17131] <dut>  WARNING: unstable transition on `_i_t[29]'   [by chan-method]
[               17131] <dut>  WARNING: unstable transition on `_i_t[30]'   [by chan-method]
[               17131] <dut>  WARNING: unstable transition on `_i_t[31]'   [by chan-method]
[               17131] <I>  CHP model: Boolean variable `a' is X
[               17131] <X>  CHP model: Boolean variable `valid' is X
[               17131] <X>  CHP model: Boolean variable `spacer' is X
[               17131] <O0>  CHP model: Boolean variable `spacer' is X
[               17131] <O0>  CHP model: Boolean variable `valid' is X
[               17132] <dut>  WARNING: weak-interference on `O0.t[3]'   [by dut._o0t[3] <- X]
[               17132] <dut>  WARNING: weak-unstable transition on `O0.t[13]'   [by dut._o0t[13] <- X]
[               17132] <dut>  WARNING: weak-interference on `O0.t[13]'   [by dut._o0t[13] <- X]
[               17132] <dut>  WARNING: weak-interference on `O0.t[14]'   [by dut._o0t[14] <- X]
[               17132] <dut>  WARNING: weak-unstable transition on `O0.t[4]'   [by dut._o0t[4] <- X]
[               17132] <dut>  WARNING: weak-interference on `O0.t[4]'   [by dut._o0t[4] <- X]
[               17132] <dut>  WARNING: weak-unstable transition on `O0.t[7]'   [by dut._o0t[7] <- X]
[               17132] <dut>  WARNING: weak-interference on `O0.t[7]'   [by dut._o0t[7] <- X]
[               17132] <dut>  WARNING: weak-interference on `O0.t[0]'   [by dut._o0t[0] <- X]
[               17132] <dut>  WARNING: weak-interference on `O1.t[24]'   [by dut._i_t[24] <- X]
[               17132] <dut>  WARNING: weak-unstable transition on `O1.t[30]'   [by dut._i_t[30] <- X]
[               17132] <dut>  WARNING: weak-interference on `O1.t[30]'   [by dut._i_t[30] <- X]
[               17132] <dut>  WARNING: weak-unstable transition on `O1.t[31]'   [by dut._i_t[31] <- X]
[               17132] <dut>  WARNING: weak-interference on `O1.t[31]'   [by dut._i_t[31] <- X]
[               17132] <dut>  WARNING: weak-interference on `O1.t[25]'   [by dut._i_t[25] <- X]
[               17132] <dut>  WARNING: weak-unstable transition on `O1.t[26]'   [by dut._i_t[26] <- X]
[               17132] <dut>  WARNING: weak-interference on `O1.t[26]'   [by dut._i_t[26] <- X]
[               17132] <dut>  WARNING: weak-unstable transition on `O1.t[28]'   [by dut._i_t[28] <- X]
[               17132] <dut>  WARNING: weak-interference on `O1.t[28]'   [by dut._i_t[28] <- X]
[               17132] <dut>  WARNING: weak-unstable transition on `O1.t[14]'   [by dut._i_t[14] <- X]
[               17132] <dut>  WARNING: weak-interference on `O1.t[14]'   [by dut._i_t[14] <- X]
[               17132] <dut>  WARNING: weak-unstable transition on `O1.t[19]'   [by dut._i_t[19] <- X]
[               17132] <dut>  WARNING: weak-interference on `O1.t[19]'   [by dut._i_t[19] <- X]
[               17132] <dut>  WARNING: weak-unstable transition on `O1.t[22]'   [by dut._i_t[22] <- X]
[               17132] <dut>  WARNING: weak-interference on `O1.t[22]'   [by dut._i_t[22] <- X]
[               17132] <dut>  WARNING: weak-interference on `O1.t[15]'   [by dut._i_t[15] <- X]
[               17132] <dut>  WARNING: weak-unstable transition on `O1.t[16]'   [by dut._i_t[16] <- X]
[               17132] <dut>  WARNING: weak-interference on `O1.t[16]'   [by dut._i_t[16] <- X]
[               17132] <dut>  WARNING: weak-unstable transition on `O1.t[4]'   [by dut._i_t[4] <- X]
[               17132] <dut>  WARNING: weak-interference on `O1.t[4]'   [by dut._i_t[4] <- X]
[               17132] <dut>  WARNING: weak-unstable transition on `O1.t[8]'   [by dut._i_t[8] <- X]
[               17132] <dut>  WARNING: weak-interference on `O1.t[8]'   [by dut._i_t[8] <- X]
[               17132] <dut>  WARNING: weak-interference on `O1.t[10]'   [by dut._i_t[10] <- X]
[               17132] <dut>  WARNING: weak-unstable transition on `O1.t[11]'   [by dut._i_t[11] <- X]
[               17132] <dut>  WARNING: weak-interference on `O1.t[11]'   [by dut._i_t[11] <- X]
[               17132] <dut>  WARNING: weak-unstable transition on `O1.t[9]'   [by dut._i_t[9] <- X]
[               17132] <dut>  WARNING: weak-interference on `O1.t[9]'   [by dut._i_t[9] <- X]
[               17132] <dut>  WARNING: weak-unstable transition on `O1.t[5]'   [by dut._i_t[5] <- X]
[               17132] <dut>  WARNING: weak-interference on `O1.t[5]'   [by dut._i_t[5] <- X]
[               17132] <dut>  WARNING: weak-interference on `O0.t[27]'   [by dut._o0t[27] <- X]
[               17132] <dut>  WARNING: weak-interference on `O0.t[31]'   [by dut._o0t[31] <- X]
[               17132] <dut>  WARNING: weak-unstable transition on `O1.t[2]'   [by dut._i_t[2] <- X]
[               17132] <dut>  WARNING: weak-interference on `O1.t[2]'   [by dut._i_t[2] <- X]
[               17132] <dut>  WARNING: weak-interference on `O1.t[0]'   [by dut._i_t[0] <- X]
[               17132] <dut>  WARNING: weak-unstable transition on `O0.t[28]'   [by dut._o0t[28] <- X]
[               17132] <dut>  WARNING: weak-interference on `O0.t[28]'   [by dut._o0t[28] <- X]
[               17132] <dut>  WARNING: weak-unstable transition on `O0.t[30]'   [by dut._o0t[30] <- X]
[               17132] <dut>  WARNING: weak-interference on `O0.t[30]'   [by dut._o0t[30] <- X]
[               17132] <dut>  WARNING: weak-unstable transition on `O0.t[19]'   [by dut._o0t[19] <- X]
[               17132] <dut>  WARNING: weak-interference on `O0.t[19]'   [by dut._o0t[19] <- X]
[               17132] <dut>  WARNING: weak-unstable transition on `O0.t[20]'   [by dut._o0t[20] <- X]
[               17132] <dut>  WARNING: weak-interference on `O0.t[20]'   [by dut._o0t[20] <- X]
[               17132] <dut>  WARNING: weak-unstable transition on `O0.t[16]'   [by dut._o0t[16] <- X]
[               17132] <dut>  WARNING: weak-interference on `O0.t[16]'   [by dut._o0t[16] <- X]
[               17132] <dut>  WARNING: weak-interference on `O0.t[17]'   [by dut._o0t[17] <- X]
[               17132] <dut>  WARNING: weak-interference on `O0.t[18]'   [by dut._o0t[18] <- X]
[               17133] <wire_O0>  WARNING: weak-interference on `X.spacer'   [by dut.O0.t[14] <- X]
[               17133] <wire_O0>  WARNING: weak-interference on `X.spacer'   [by dut.O0.t[3] <- X]
[               17133] <wire_O0>  WARNING: weak-interference on `X.spacer'   [by dut.O0.t[0] <- X]
[               17133] <X>  CHP model: Boolean variable `valid' is X
[               17133] <X>  CHP model: Boolean variable `spacer' is X
[               17133] <wire_O1>  WARNING: weak-interference on `X.spacer'   [by dut.O1.t[25] <- X]
[               17133] <wire_O0>  WARNING: weak-interference on `X.spacer'   [by dut.O0.t[31] <- X]
[               17133] <O0>  CHP model: Boolean variable `spacer' is X
[               17133] <O0>  CHP model: Boolean variable `valid' is X
[               17133] <X>  CHP model: Boolean variable `valid' is X
[               17133] <X>  CHP model: Boolean variable `spacer' is X
[               17133] <wire_O1>  WARNING: weak-interference on `X.spacer'   [by dut.O1.t[10] <- X]
[               17133] <wire_O1>  WARNING: weak-interference on `X.spacer'   [by dut.O1.t[0] <- X]
[               17133] <O0>  CHP model: Boolean variable `spacer' is X
[               17133] <O0>  CHP model: Boolean variable `valid' is X
[               17133] <wire_O0>  WARNING: weak-interference on `X.spacer'   [by dut.O0.t[18] <- X]
[               17133] <wire_O0>  WARNING: weak-interference on `X.spacer'   [by dut.O0.t[17] <- X]
[               17133] <wire_O0>  WARNING: weak-unstable transition on `X.valid'   [by dut.O0.t[27] <- X]
[               17133] <wire_O0>  WARNING: weak-interference on `X.valid'   [by dut.O0.t[27] <- X]
[               17133] <wire_O0>  WARNING: weak-interference on `X.spacer'   [by dut.O0.t[27] <- X]
[               17133] <wire_O1>  WARNING: weak-interference on `X.spacer'   [by dut.O1.t[24] <- X]
[               17133] <wire_O1>  WARNING: weak-unstable transition on `X.valid'   [by dut.O1.t[15] <- X]
[               17133] <wire_O1>  WARNING: weak-interference on `X.valid'   [by dut.O1.t[15] <- X]
[               17133] <wire_O1>  WARNING: weak-interference on `X.spacer'   [by dut.O1.t[15] <- X]
[               17133] <X>  CHP model: Boolean variable `valid' is X
[               17133] <X>  CHP model: Boolean variable `spacer' is X
[               17133] <O0>  CHP model: Boolean variable `spacer' is X
[               17133] <O0>  CHP model: Boolean variable `valid' is X
[               17149] <wire_O1>  WARNING: weak-interference on `X.valid'   [by dut.O1.f[6] <- 0]
[               17149] <wire_O1>  WARNING: weak-interference on `X.spacer'   [by dut.O1.f[6] <- 0]
[               17149] <X>  CHP model: Boolean variable `valid' is X
[               17149] <X>  CHP model: Boolean variable `spacer' is X
[               17149] <O0>  CHP model: Boolean variable `spacer' is X
[               17149] <O0>  CHP model: Boolean variable `valid' is X
[               17150] <wire_O0>  WARNING: weak-interference on `X.valid'   [by dut.O0.f[4] <- 0]
[               17150] <wire_O0>  WARNING: weak-interference on `X.spacer'   [by dut.O0.f[4] <- 0]
[               17150] <X>  CHP model: Boolean variable `valid' is X
[               17150] <X>  CHP model: Boolean variable `spacer' is X
[               17150] <O0>  CHP model: Boolean variable `spacer' is X
[               17150] <O0>  CHP model: Boolean variable `valid' is X
[               17154] <wire_O0>  WARNING: weak-interference on `X.valid'   [by dut.O0.f[6] <- 0]
[               17154] <wire_O0>  WARNING: weak-interference on `X.spacer'   [by dut.O0.f[6] <- 0]
[               17154] <X>  CHP model: Boolean variable `valid' is X
[               17154] <X>  CHP model: Boolean variable `spacer' is X
[               17154] <O0>  CHP model: Boolean variable `spacer' is X
[               17154] <O0>  CHP model: Boolean variable `valid' is X
[               17155] <wire_O0>  WARNING: weak-interference on `X.spacer'   [by dut.O0.t[10] <- 0]
[               17155] <X>  CHP model: Boolean variable `valid' is X
[               17155] <X>  CHP model: Boolean variable `spacer' is X
[               17155] <O0>  CHP model: Boolean variable `spacer' is X
[               17155] <O0>  CHP model: Boolean variable `valid' is X
[               17157] <wire_O1>  WARNING: weak-interference on `X.spacer'   [by dut.O1.t[7] <- 0]
[               17157] <X>  CHP model: Boolean variable `valid' is X
[               17157] <X>  CHP model: Boolean variable `spacer' is X
[               17157] <O0>  CHP model: Boolean variable `spacer' is X
[               17157] <O0>  CHP model: Boolean variable `valid' is X
[               17158] <wire_O1>  WARNING: weak-interference on `X.spacer'   [by dut.O1.t[14] <- 0]
[               17158] <X>  CHP model: Boolean variable `valid' is X
[               17158] <X>  CHP model: Boolean variable `spacer' is X
[               17158] <O0>  CHP model: Boolean variable `spacer' is X
[               17158] <O0>  CHP model: Boolean variable `valid' is X
[               17160] <wire_O1>  WARNING: weak-interference on `X.spacer'   [by dut.O1.t[21] <- 0]
[               17160] <X>  CHP model: Boolean variable `valid' is X
[               17160] <X>  CHP model: Boolean variable `spacer' is X
[               17160] <wire_O1>  WARNING: weak-interference on `X.spacer'   [by dut.O1.f[5] <- 0]
[               17160] <O0>  CHP model: Boolean variable `spacer' is X
[               17160] <O0>  CHP model: Boolean variable `valid' is X
[               17160] <wire_O0>  WARNING: weak-interference on `X.spacer'   [by dut.O0.t[22] <- 0]
[               17160] <X>  CHP model: Boolean variable `valid' is X
[               17160] <X>  CHP model: Boolean variable `spacer' is X
[               17160] <O0>  CHP model: Boolean variable `spacer' is X
[               17160] <O0>  CHP model: Boolean variable `valid' is X
[               17167] <wire_O1>  WARNING: weak-interference on `X.spacer'   [by dut.O1.t[15] <- 0]
[               17167] <X>  CHP model: Boolean variable `valid' is X
[               17167] <X>  CHP model: Boolean variable `spacer' is X
[               17167] <O0>  CHP model: Boolean variable `spacer' is X
[               17167] <O0>  CHP model: Boolean variable `valid' is X
[               17168] <X>  CHP model: Boolean variable `spacer' is X
[               17168] <O0>  CHP model: Boolean variable `spacer' is X
[               17168] <O0>  CHP model: Boolean variable `valid' is X
[               17174] <wire_O0>  WARNING: weak-interference on `X.spacer'   [by dut.O0.f[5] <- 0]
[               17174] <X>  CHP model: Boolean variable `spacer' is X
[               17174] <O0>  CHP model: Boolean variable `spacer' is X
[               17174] <O0>  CHP model: Boolean variable `valid' is X
[               17180] <wire_O1>  WARNING: weak-interference on `X.spacer'   [by dut.O1.t[22] <- 0]
[               17180] <X>  CHP model: Boolean variable `spacer' is X
[               17180] <O0>  CHP model: Boolean variable `spacer' is X
[               17180] <O0>  CHP model: Boolean variable `valid' is X
[               17181] <wire_O0>  WARNING: weak-interference on `X.spacer'   [by dut.O0.t[8] <- 0]
[               17181] <X>  CHP model: Boolean variable `spacer' is X
[               17181] <O0>  CHP model: Boolean variable `spacer' is X
[               17181] <O0>  CHP model: Boolean variable `valid' is X
[               17182] <wire_O1>  WARNING: weak-interference on `X.spacer'   [by dut.O1.t[13] <- 0]
[               17182] <X>  CHP model: Boolean variable `spacer' is X
[               17182] <O0>  CHP model: Boolean variable `spacer' is X
[               17182] <O0>  CHP model: Boolean variable `valid' is X
[               17183] <wire_O0>  WARNING: weak-interference on `X.spacer'   [by dut.O0.t[12] <- 0]
[               17183] <X>  CHP model: Boolean variable `spacer' is X
[               17183] <O0>  CHP model: Boolean variable `spacer' is X
[               17183] <O0>  CHP model: Boolean variable `valid' is X
[               17191] <wire_O1>  WARNING: weak-interference on `X.spacer'   [by dut.O1.t[12] <- 0]
[               17191] <X>  CHP model: Boolean variable `spacer' is X
[               17191] <O0>  CHP model: Boolean variable `spacer' is X
[               17191] <O0>  CHP model: Boolean variable `valid' is X
[               17194] <wire_O1>  WARNING: weak-interference on `X.spacer'   [by dut.O1.t[25] <- 0]
[               17194] <wire_O0>  WARNING: weak-interference on `X.spacer'   [by dut.O0.f[7] <- 0]
[               17194] <X>  CHP model: Boolean variable `spacer' is X
[               17194] <O0>  CHP model: Boolean variable `spacer' is X
[               17194] <O0>  CHP model: Boolean variable `valid' is X
[               17197] <wire_O1>  WARNING: weak-interference on `X.spacer'   [by dut.O1.t[24] <- 0]
[               17197] <wire_O1>  WARNING: weak-interference on `X.spacer'   [by dut.O1.t[9] <- 0]
[               17197] <X>  CHP model: Boolean variable `spacer' is X
[               17197] <O0>  CHP model: Boolean variable `spacer' is X
[               17197] <O0>  CHP model: Boolean variable `valid' is X
[               17203] <wire_O1>  WARNING: weak-interference on `X.spacer'   [by dut.O1.t[18] <- 0]
[               17203] <X>  CHP model: Boolean variable `spacer' is X
[               17203] <O0>  CHP model: Boolean variable `spacer' is X
[               17203] <O0>  CHP model: Boolean variable `valid' is X
[               17205] <wire_O1>  WARNING: weak-interference on `X.spacer'   [by dut.O1.t[3] <- 0]
[               17205] <X>  CHP model: Boolean variable `spacer' is X
[               17205] <O0>  CHP model: Boolean variable `spacer' is X
[               17205] <O0>  CHP model: Boolean variable `valid' is X
[               17206] <wire_O1>  WARNING: weak-interference on `X.spacer'   [by dut.O1.t[11] <- 0]
[               17206] <X>  CHP model: Boolean variable `spacer' is X
[               17206] <O0>  CHP model: Boolean variable `spacer' is X
[               17206] <O0>  CHP model: Boolean variable `valid' is X
[               17210] <wire_O1>  WARNING: weak-interference on `X.spacer'   [by dut.O1.f[0] <- 0]
[               17210] <wire_O0>  WARNING: weak-interference on `X.spacer'   [by dut.O0.t[4] <- 0]
[               17210] <X>  CHP model: Boolean variable `spacer' is X
[               17210] <O0>  CHP model: Boolean variable `spacer' is X
[               17210] <O0>  CHP model: Boolean variable `valid' is X
[               17210] <wire_O1>  WARNING: weak-interference on `X.spacer'   [by dut.O1.t[1] <- 0]
[               17210] <X>  CHP model: Boolean variable `spacer' is X
[               17210] <O0>  CHP model: Boolean variable `spacer' is X
[               17210] <O0>  CHP model: Boolean variable `valid' is X
[               17214] <wire_O0>  WARNING: weak-interference on `X.spacer'   [by dut.O0.t[6] <- 0]
[               17214] <wire_O0>  WARNING: weak-interference on `X.spacer'   [by dut.O0.t[0] <- 0]
[               17214] <X>  CHP model: Boolean variable `spacer' is X
[               17214] <O0>  CHP model: Boolean variable `spacer' is X
[               17214] <O0>  CHP model: Boolean variable `valid' is X
[               17215] <wire_O0>  WARNING: weak-interference on `X.spacer'   [by dut.O0.t[2] <- 0]
[               17215] <wire_O0>  WARNING: weak-interference on `X.spacer'   [by dut.O0.t[16] <- 0]
[               17215] <X>  CHP model: Boolean variable `spacer' is X
[               17215] <O0>  CHP model: Boolean variable `spacer' is X
[               17215] <O0>  CHP model: Boolean variable `valid' is X
[               17217] <X>  CHP model: Boolean variable `spacer' is X
[               17217] <O0>  CHP model: Boolean variable `spacer' is X
[               17220] <wire_O0>  WARNING: weak-interference on `X.spacer'   [by dut.O0.t[14] <- 0]
[               17220] <X>  CHP model: Boolean variable `spacer' is X
[               17220] <O0>  CHP model: Boolean variable `spacer' is X
[               17222] <wire_O0>  WARNING: weak-interference on `X.spacer'   [by dut.O0.t[26] <- 0]
[               17222] <X>  CHP model: Boolean variable `spacer' is X
[               17222] <O0>  CHP model: Boolean variable `spacer' is X
[               17227] <wire_O0>  WARNING: weak-interference on `X.spacer'   [by dut.O0.t[21] <- 0]
[               17227] <X>  CHP model: Boolean variable `spacer' is X
[               17227] <O0>  CHP model: Boolean variable `spacer' is X
[               17228] <wire_O0>  WARNING: weak-interference on `X.spacer'   [by dut.O0.t[23] <- 0]
[               17228] <wire_O0>  WARNING: weak-interference on `X.spacer'   [by dut.O0.f[0] <- 0]
[               17228] <X>  CHP model: Boolean variable `spacer' is X
[               17228] <O0>  CHP model: Boolean variable `spacer' is X
[               17234] <wire_O0>  WARNING: weak-interference on `X.spacer'   [by dut.O0.t[3] <- 0]
[               17234] <X>  CHP model: Boolean variable `spacer' is X
[               17234] <O0>  CHP model: Boolean variable `spacer' is X
[               17235] <wire_O0>  WARNING: weak-interference on `X.spacer'   [by dut.O0.t[27] <- 0]
[               17235] <wire_O1>  WARNING: weak-interference on `X.spacer'   [by dut.O1.t[4] <- 0]
[               17235] <X>  CHP model: Boolean variable `spacer' is X
[               17235] <O0>  CHP model: Boolean variable `spacer' is X
[               17236] <wire_O1>  WARNING: weak-interference on `X.spacer'   [by dut.O1.t[17] <- 0]
[               17236] <X>  CHP model: Boolean variable `spacer' is X
[               17236] <O0>  CHP model: Boolean variable `spacer' is X
[               17238] <wire_O1>  WARNING: weak-interference on `X.spacer'   [by dut.O1.t[10] <- 0]
[               17238] <wire_O1>  WARNING: weak-interference on `X.spacer'   [by dut.O1.t[20] <- 0]
[               17238] <wire_O1>  WARNING: weak-interference on `X.spacer'   [by dut.O1.t[28] <- 0]
[               17238] <X>  CHP model: Boolean variable `spacer' is X
[               17238] <O0>  CHP model: Boolean variable `spacer' is X
[               17239] <wire_O0>  WARNING: weak-interference on `X.spacer'   [by dut.O0.t[7] <- 0]
[               17239] <X>  CHP model: Boolean variable `spacer' is X
[               17239] <O0>  CHP model: Boolean variable `spacer' is X
[               17240] <wire_O0>  WARNING: weak-interference on `X.spacer'   [by dut.O0.t[31] <- 0]
[               17240] <wire_O1>  WARNING: weak-interference on `X.spacer'   [by dut.O1.t[27] <- 0]
[               17240] <X>  CHP model: Boolean variable `spacer' is X
[               17240] <O0>  CHP model: Boolean variable `spacer' is X
[               17241] <wire_O0>  WARNING: weak-interference on `X.spacer'   [by dut.O0.t[11] <- 0]
[               17241] <wire_O0>  WARNING: weak-interference on `X.spacer'   [by dut.O0.t[28] <- 0]
[               17241] <X>  CHP model: Boolean variable `spacer' is X
[               17241] <O0>  CHP model: Boolean variable `spacer' is X
[               17242] <wire_O1>  WARNING: weak-interference on `X.spacer'   [by dut.O1.t[6] <- 0]
[               17242] <X>  CHP model: Boolean variable `spacer' is X
[               17242] <O0>  CHP model: Boolean variable `spacer' is X
[               17251] <wire_O1>  WARNING: weak-interference on `X.spacer'   [by dut.O1.t[29] <- 0]
[               17251] <X>  CHP model: Boolean variable `spacer' is X
[               17251] <O0>  CHP model: Boolean variable `spacer' is X
[               17256] <wire_O0>  WARNING: weak-interference on `X.spacer'   [by dut.O0.t[19] <- 0]
[               17256] <X>  CHP model: Boolean variable `spacer' is X
[               17256] <O0>  CHP model: Boolean variable `spacer' is X
[               17258] <wire_O0>  WARNING: weak-interference on `X.spacer'   [by dut.O0.t[30] <- 0]
[               17258] <X>  CHP model: Boolean variable `spacer' is X
[               17258] <O0>  CHP model: Boolean variable `spacer' is X
[               17260] <wire_O1>  WARNING: weak-interference on `X.spacer'   [by dut.O1.t[8] <- 0]
[               17260] <wire_O1>  WARNING: weak-interference on `X.spacer'   [by dut.O1.t[23] <- 0]
[               17260] <X>  CHP model: Boolean variable `spacer' is X
[               17260] <O0>  CHP model: Boolean variable `spacer' is X
[               17269] <wire_O0>  WARNING: weak-interference on `X.spacer'   [by dut.O0.t[1] <- 0]
[               17269] <X>  CHP model: Boolean variable `spacer' is X
[               17269] <O0>  CHP model: Boolean variable `spacer' is X
[               17271] <wire_O0>  WARNING: weak-interference on `X.spacer'   [by dut.O0.t[15] <- 0]
[               17271] <wire_O1>  WARNING: weak-interference on `X.spacer'   [by dut.O1.t[26] <- 0]
[               17271] <X>  CHP model: Boolean variable `spacer' is X
[               17271] <O0>  CHP model: Boolean variable `spacer' is X
[               17274] <wire_O0>  WARNING: weak-interference on `X.spacer'   [by dut.O0.t[5] <- 0]
[               17274] <X>  CHP model: Boolean variable `spacer' is X
[               17274] <O0>  CHP model: Boolean variable `spacer' is X
[               17275] <wire_O0>  WARNING: weak-interference on `X.spacer'   [by dut.O0.t[29] <- 0]
[               17275] <wire_O0>  WARNING: weak-interference on `X.spacer'   [by dut.O0.t[24] <- 0]
[               17275] <X>  CHP model: Boolean variable `spacer' is X
[               17275] <O0>  CHP model: Boolean variable `spacer' is X
[               17277] <wire_O0>  WARNING: weak-interference on `X.spacer'   [by dut.O0.t[25] <- 0]
[               17277] <X>  CHP model: Boolean variable `spacer' is X
[               17277] <O0>  CHP model: Boolean variable `spacer' is X
[               17278] <wire_O1>  WARNING: weak-interference on `X.spacer'   [by dut.O1.t[19] <- 0]
[               17278] <X>  CHP model: Boolean variable `spacer' is X
[               17278] <O0>  CHP model: Boolean variable `spacer' is X
[               17281] <wire_O0>  WARNING: weak-interference on `X.spacer'   [by dut.O0.t[18] <- 0]
[               17281] <X>  CHP model: Boolean variable `spacer' is X
[               17281] <O0>  CHP model: Boolean variable `spacer' is X
[               17291] <wire_O0>  WARNING: weak-interference on `X.spacer'   [by dut.O0.t[17] <- 0]
[               17291] <X>  CHP model: Boolean variable `spacer' is X
[               17291] <O0>  CHP model: Boolean variable `spacer' is X
[               17294] <wire_O1>  WARNING: weak-interference on `X.spacer'   [by dut.O1.t[0] <- 0]
[               17294] <wire_O0>  WARNING: weak-interference on `X.spacer'   [by dut.O0.t[13] <- 0]
[               17294] <X>  CHP model: Boolean variable `spacer' is X
[               17294] <O0>  CHP model: Boolean variable `spacer' is X
[               17297] <wire_O1>  WARNING: weak-interference on `X.spacer'   [by dut.O1.t[30] <- 0]
[               17297] <wire_O1>  WARNING: weak-interference on `X.spacer'   [by dut.O1.t[31] <- 0]
[               17297] <X>  CHP model: Boolean variable `spacer' is X
[               17297] <wire_O1>  WARNING: weak-interference on `X.spacer'   [by dut.O1.t[5] <- 0]
[               17297] <O0>  CHP model: Boolean variable `spacer' is X
[               17297] <X>  CHP model: Boolean variable `spacer' is X
[               17300] <wire_O0>  WARNING: weak-interference on `X.spacer'   [by dut.O0.t[9] <- 0]
[               17300] <O0>  CHP model: Boolean variable `spacer' is X
[               17300] <X>  CHP model: Boolean variable `spacer' is X
[               17304] <wire_O1>  WARNING: weak-interference on `X.spacer'   [by dut.O1.t[16] <- 0]
[               17304] <O0>  CHP model: Boolean variable `spacer' is X
[               17304] <X>  CHP model: Boolean variable `spacer' is X
[               17314] <O0>  CHP model: Boolean variable `spacer' is X
[               17314] <X>  CHP model: Boolean variable `spacer' is X
[               17317] <O0>  CHP model: Boolean variable `spacer' is X
[               17317] <X>  CHP model: Boolean variable `spacer' is X
[               17345] <O0>  CHP model: Boolean variable `spacer' is X
[               17416] <dut>  WARNING: weak-interference on `a'   [by chan-method]
TB_STRESS_END 17440
TB_FINAL
done: 0
fail: 0
rounds: 1  (0x1)
TB_X_BEGIN
dut { _w0 _w1 a p I.a _p _a _i_a w1 }
TB_X_END
