WARNING: TbFailure<2>: substituting chp model (requested prs, not found)
WARNING: StopcodeSelDriver<>: substituting chp model (requested prs, not found)
TB_RANDOM_CHOICE off
TB_RESET_X_BEGIN
TB_RESET_X_END
TB_RESET_END 10000
TB_STRESS_BEGIN 10000
TB_PROGRESS 10009988
TB_PROGRESS 20009984
TB_PROGRESS 30009983
TB_PROGRESS 40009983
TB_PROGRESS 50009948
TB_PROGRESS 60009939
TB_PROGRESS 70009939
TB_PROGRESS 80009894
TB_PROGRESS 90009838
TB_PROGRESS 100009829
TB_PROGRESS 110009822
TB_PROGRESS 120009741
TB_PROGRESS 130009709
TB_PROGRESS 140009666
TB_PROGRESS 150009662
TB_PROGRESS 160009662
TB_PROGRESS 170009634
TB_PROGRESS 180009603
TB_PROGRESS 190009603
TB_PROGRESS 200009536
TB_PROGRESS 210009526
TB_PROGRESS 220009526
TB_PROGRESS 230009523
TB_PROGRESS 240009505
TB_PROGRESS 250009504
TB_PROGRESS 260009504
TB_PROGRESS 270009476
TB_PROGRESS 280009423
TB_PROGRESS 290009375
TB_PROGRESS 300009375
TB_PROGRESS 310009375
TB_PROGRESS 320009334
TB_PROGRESS 330009334
TB_PROGRESS 340009306
TB_PROGRESS 350009227
TB_PROGRESS 360009206
TB_PROGRESS 370009205
TB_PROGRESS 380009205
TB_PROGRESS 390009180
TB_PROGRESS 400009090
TB_PROGRESS 410009068
TB_PROGRESS 420009036
TB_PROGRESS 430009034
TB_PROGRESS 440009031
TB_PROGRESS 450008968
TB_PROGRESS 460008965
TB_PROGRESS 470008961
TB_PROGRESS 480008961
TB_PROGRESS 490008923
TB_PROGRESS 500008888
TB_PROGRESS 500009966
TB_STRESS_END 500009966
[           500010374] <driver>  PASSED: rounds=196416
TB_DRAIN_END 500010374
TB_FINAL
done: 1
fail: 0
rounds: 196416  (0x2ff40)
TB_X_BEGIN
TB_X_END
TB_STOP_TIME 500010374
reset: 0
dut.p: 0
dut.s: 1
dut.f: 0
dut.v: 0
dut.w_0i: 0
dut.w_0: 0
dut.w_1: 0
dut.I.a: 0
dut.O0.a: 0
dut.O1.a: 0
dut.I.t[0]: 0
dut.I.t[13]: 0
dut.I.t[30]: 0
dut.I.t[31]: 0
dut.I.f[0]: 0
dut.I.f[13]: 0
dut.I.f[30]: 0
dut.I.f[31]: 0
TB_FINISHED
