WARNING: TbFailure<2>: substituting chp model (requested prs, not found)
WARNING: UpdownSelDriver<>: substituting chp model (requested prs, not found)
TB_RANDOM_CHOICE off
TB_WARNING_POLICY break-on-warn
TB_RESET_X_BEGIN
TB_RESET_X_END
TB_RESET_END 10000
TB_STRESS_BEGIN 10000
TB_PROGRESS 10009985
TB_PROGRESS 20009963
TB_PROGRESS 30009963
TB_PROGRESS 40009916
TB_PROGRESS 50009845
TB_PROGRESS 60009840
TB_PROGRESS 70009839
TB_PROGRESS 80009772
TB_PROGRESS 90009726
TB_PROGRESS 100009687
TB_PROGRESS 110009678
TB_PROGRESS 120009600
TB_PROGRESS 130009531
TB_PROGRESS 140009518
TB_PROGRESS 150009501
TB_PROGRESS 160009484
TB_PROGRESS 170009482
TB_PROGRESS 180009472
TB_PROGRESS 190009472
TB_PROGRESS 200009470
TB_PROGRESS 210009432
TB_PROGRESS 220009420
TB_PROGRESS 230009419
TB_PROGRESS 240009398
TB_PROGRESS 250009374
TB_PROGRESS 260009371
TB_PROGRESS 270009313
TB_PROGRESS 280009263
TB_PROGRESS 290009259
TB_PROGRESS 300009253
TB_PROGRESS 310009253
TB_PROGRESS 320009215
TB_PROGRESS 330009188
TB_PROGRESS 340009185
TB_PROGRESS 350009185
TB_PROGRESS 360009182
TB_PROGRESS 370009182
TB_PROGRESS 380009173
TB_PROGRESS 390009091
TB_PROGRESS 400009069
TB_PROGRESS 410009069
TB_PROGRESS 420009042
TB_PROGRESS 430009023
TB_PROGRESS 440009017
TB_PROGRESS 450008971
TB_PROGRESS 460008964
TB_PROGRESS 470008962
TB_PROGRESS 480008946
TB_PROGRESS 490008939
TB_PROGRESS 500008888
TB_PROGRESS 500009961
TB_STRESS_END 500009961
[           500012556] <driver>  PASSED: rounds=124759
TB_DRAIN_END 500012556
TB_FINAL
done: 1
fail: 0
rounds: 124759  (0x1e757)
TB_X_BEGIN
TB_X_END
TB_STOP_TIME 500012556
reset: 0
dut.p: 0
dut.s: 1
dut.a: 0
dut.w_0i: 0
dut.w_0: 0
dut.w_1: 0
dut.I.a: 0
dut.O0.a: 0
dut.O1.a: 0
dut.I.t[0]: 0
dut.I.f[0]: 0
dut.I.t[31]: 0
dut.I.f[31]: 0
dut.O0.t[13]: 0
dut.O0.f[13]: 0
dut.O1.t[13]: 0
dut.O1.f[13]: 0
