WARNING: SubsystemCheck<2,{4294967134,4294967135},4>: substituting chp model (requested prs, not found)
WARNING: ChildRouterDriver<>: substituting chp model (requested prs, not found)
WARNING: SubsystemCheck<2,{4294909758,4294967103},3>: substituting chp model (requested prs, not found)
WARNING: TbFailure<6>: substituting chp model (requested prs, not found)
WARNING: SubsystemCheck<3,{4294958926,4294967118,4294967119},5>: substituting chp model (requested prs, not found)
WARNING: SubsystemCheck<2,{4294909742,4294967087},2>: substituting chp model (requested prs, not found)
WARNING: SubsystemCheck<2,{4294909710,4294967055},0>: substituting chp model (requested prs, not found)
WARNING: SubsystemCheck<2,{4294909726,4294967071},1>: substituting chp model (requested prs, not found)
TB_RANDOM_CHOICE off
TB_WARNING_POLICY resume-on-warn
TB_STRESS_BEGIN 10000
[               14973] <check_C3>  TB_RX channel=3 count=1 value=4294909758
[               16901] <driver>  TB_TX count=1 value=2147483454
[               20856] <check_C3>  TB_RX channel=3 count=2 value=4294967103
[               23374] <driver>  TB_TX count=2 value=4294967103
[               27540] <check_C2>  TB_RX channel=2 count=1 value=4294909742
[               29398] <driver>  TB_TX count=3 value=1610612526
[               33271] <check_C2>  TB_RX channel=2 count=2 value=4294967087
[               35300] <driver>  TB_TX count=4 value=4294967087
[               39514] <check_C1>  TB_RX channel=1 count=1 value=4294909726
[               41717] <driver>  TB_TX count=5 value=1073741598
[               45783] <check_C1>  TB_RX channel=1 count=2 value=4294967071
[               48706] <driver>  TB_TX count=6 value=4294967071
[               52955] <check_C0>  TB_RX channel=0 count=1 value=4294909710
[               54866] <driver>  TB_TX count=7 value=536870670
[               58401] <check_C0>  TB_RX channel=0 count=2 value=4294967055
[               60703] <driver>  TB_TX count=8 value=4294967055
[               63559] <check_P>  TB_RX channel=5 count=1 value=4294958926
[               64522] <driver>  TB_TX count=9 value=4294967118
[               66956] <check_P>  TB_RX channel=5 count=2 value=4294967118
[               67758] <driver>  TB_TX count=10 value=4294967118
[               69986] <check_P>  TB_RX channel=5 count=3 value=4294967119
[               71335] <driver>  TB_TX count=11 value=4294967119
[               72570] <driver>  TB_TX count=12 value=2147491678
[               74162] <check_M>  TB_RX channel=4 count=1 value=4294967134
[               74614] <driver>  TB_TX count=13 value=4294967134
[               76148] <check_M>  TB_RX channel=4 count=2 value=4294967135
[               76877] <driver>  TB_TX count=14 value=4294967135
[              307069] <dut.CS.right>  WARNING: unstable transition on `fd_a__w_1'   [by dut.CS.right.a <- 0]
[             1046424] <dut.CS.root>  WARNING: unstable transition on `fd_a__w_1'   [by dut.CS.root.a <- 0]
[             1155094] <dut.CS.left>  WARNING: unstable transition on `fd_a__w_1'   [by dut.CS.left.a <- 0]
[             1327164] <dut.CS.root>  WARNING: unstable transition on `fd_a__w_1'   [by dut.CS.root.a <- 0]
[             1828399] <dut.CS.left>  WARNING: unstable transition on `fd_a__w_1'   [by dut.CS.left.a <- 0]
[             1829143] <dut.US>  WARNING: unstable transition on `fd_a__w_1'   [by dut.US.a <- 0]
[             2469426] <dut.CS.root>  WARNING: unstable transition on `fd_a__w_1'   [by dut.CS.root.a <- 0]
[             2482555] <dut.US>  WARNING: unstable transition on `fd_a__w_1'   [by dut.US.a <- 0]
[             2497508] <dut.CS.left>  WARNING: unstable transition on `fd_a__w_1'   [by dut.CS.left.a <- 0]
[             2845467] <dut.CS.root>  WARNING: unstable transition on `fd_a__w_1'   [by dut.CS.root.a <- 0]
[             3017891] <dut.US>  WARNING: unstable transition on `fd_a__w_1'   [by dut.US.a <- 0]
[             3684839] <dut.US>  WARNING: unstable transition on `fd_a__w_1'   [by dut.US.a <- 0]
[             4772601] <dut.CS.root>  WARNING: unstable transition on `fd_a__w_1'   [by dut.CS.root.a <- 0]
[             5384692] <dut.CS.root>  WARNING: unstable transition on `fd_a__w_1'   [by dut.CS.root.a <- 0]
[             6057062] <dut.US>  WARNING: unstable transition on `fd_a__w_1'   [by dut.US.a <- 0]
[             6950328] <dut.CS.right>  WARNING: unstable transition on `fd_a__w_1'   [by dut.CS.right.a <- 0]
[             6951261] <dut.US>  WARNING: unstable transition on `fd_a__w_1'   [by dut.US.a <- 0]
[             7860224] <dut.US>  WARNING: unstable transition on `fd_a__w_1'   [by dut.US.a <- 0]
[             9313671] <dut.CS.root>  WARNING: unstable transition on `fd_a__w_1'   [by dut.CS.root.a <- 0]
[            10185367] <dut.CS.root>  WARNING: unstable transition on `fd_a__w_1'   [by dut.CS.root.a <- 0]
[            10261722] <dut.US>  WARNING: unstable transition on `fd_a__w_1'   [by dut.US.a <- 0]
[            10505687] <dut.CS.right>  WARNING: unstable transition on `fd_a__w_1'   [by dut.CS.right.a <- 0]
[            10627182] <dut.CS.left>  WARNING: unstable transition on `fd_a__w_1'   [by dut.CS.left.a <- 0]
[            10907803] <dut.US>  WARNING: unstable transition on `fd_a__w_1'   [by dut.US.a <- 0]
[            11131407] <dut.US>  WARNING: unstable transition on `fd_a__w_1'   [by dut.US.a <- 0]
[            12505354] <dut.CS.left>  WARNING: unstable transition on `fd_a__w_1'   [by dut.CS.left.a <- 0]
[            12976985] <dut.CS.root>  WARNING: unstable transition on `fd_a__w_1'   [by dut.CS.root.a <- 0]
[            13191028] <dut.CS.right>  WARNING: unstable transition on `fd_a__w_1'   [by dut.CS.right.a <- 0]
[            14241357] <dut.US>  WARNING: unstable transition on `fd_a__w_1'   [by dut.US.a <- 0]
[            14374504] <dut.US>  WARNING: unstable transition on `fd_a__w_1'   [by dut.US.a <- 0]
[            14756348] <dut.US>  WARNING: unstable transition on `fd_a__w_1'   [by dut.US.a <- 0]
[            14974724] <dut.CS.root>  WARNING: unstable transition on `fd_a__w_1'   [by dut.CS.root.a <- 0]
[            15378977] <dut.CS.root>  WARNING: unstable transition on `fd_a__w_1'   [by dut.CS.root.a <- 0]
[            15483570] <dut.CS.right>  WARNING: unstable transition on `fd_a__w_1'   [by dut.CS.right.a <- 0]
[            15617440] <dut.US>  WARNING: unstable transition on `fd_a__w_1'   [by dut.US.a <- 0]
[            16607434] <dut.CS.root>  WARNING: unstable transition on `fd_a__w_1'   [by dut.CS.root.a <- 0]
[            17736278] <dut.CS.root>  WARNING: unstable transition on `fd_a__w_1'   [by dut.CS.root.a <- 0]
[            17925913] <dut.CS.root>  WARNING: unstable transition on `fd_a__w_1'   [by dut.CS.root.a <- 0]
[            18311707] <dut.US>  WARNING: unstable transition on `fd_a__w_1'   [by dut.US.a <- 0]
[            18330978] <dut.CS.root>  WARNING: unstable transition on `fd_a__w_1'   [by dut.CS.root.a <- 0]
[            18855678] <dut.US>  WARNING: unstable transition on `fd_a__w_1'   [by dut.US.a <- 0]
[            18883417] <dut.US>  WARNING: unstable transition on `fd_a__w_1'   [by dut.US.a <- 0]
[            19650937] <dut.US>  WARNING: unstable transition on `fd_a__w_1'   [by dut.US.a <- 0]
[            19757853] <dut.CS.right>  WARNING: unstable transition on `fd_a__w_1'   [by dut.CS.right.a <- 0]
[            20620884] <dut.US>  WARNING: unstable transition on `fd_a__w_1'   [by dut.US.a <- 0]
[            21667903] <dut.US>  WARNING: unstable transition on `fd_a__w_1'   [by dut.US.a <- 0]
[            21695987] <dut.CS.root>  WARNING: unstable transition on `fd_a__w_1'   [by dut.CS.root.a <- 0]
[            22422873] <dut.CS.left>  WARNING: unstable transition on `fd_a__w_1'   [by dut.CS.left.a <- 0]
[            22515199] <dut.CS.right>  WARNING: unstable transition on `fd_a__w_1'   [by dut.CS.right.a <- 0]
[            22652589] <dut.CS.root>  WARNING: unstable transition on `fd_a__w_1'   [by dut.CS.root.a <- 0]
[            22785651] <dut.CS.right>  WARNING: unstable transition on `fd_a__w_1'   [by dut.CS.right.a <- 0]
[            23431174] <dut.CS.left>  WARNING: unstable transition on `fd_a__w_1'   [by dut.CS.left.a <- 0]
[            23443628] <dut.US>  WARNING: unstable transition on `fd_a__w_1'   [by dut.US.a <- 0]
[            26069842] <dut.CS.right>  WARNING: unstable transition on `fd_a__w_1'   [by dut.CS.right.a <- 0]
[            27706437] <dut.CS.left>  WARNING: unstable transition on `fd_a__w_1'   [by dut.CS.left.a <- 0]
[            27973839] <dut.CS.left>  WARNING: unstable transition on `fd_a__w_1'   [by dut.CS.left.a <- 0]
[            28228189] <dut.US>  WARNING: unstable transition on `fd_a__w_1'   [by dut.US.a <- 0]
[            28830264] <dut.US>  WARNING: unstable transition on `fd_a__w_1'   [by dut.US.a <- 0]
[            29141357] <dut.CS.right>  WARNING: unstable transition on `fd_a__w_1'   [by dut.CS.right.a <- 0]
[            29318130] <dut.CS.root>  WARNING: unstable transition on `fd_a__w_1'   [by dut.CS.root.a <- 0]
[            29437000] <dut.US>  WARNING: unstable transition on `fd_a__w_1'   [by dut.US.a <- 0]
[            29453282] <dut.US>  WARNING: unstable transition on `fd_a__w_1'   [by dut.US.a <- 0]
[            30547102] <dut.CS.root>  WARNING: unstable transition on `fd_a__w_1'   [by dut.CS.root.a <- 0]
[            31019455] <dut.CS.root>  WARNING: unstable transition on `fd_a__w_1'   [by dut.CS.root.a <- 0]
[            31279390] <dut.US>  WARNING: unstable transition on `fd_a__w_1'   [by dut.US.a <- 0]
[            32275013] <dut.CS.left>  WARNING: unstable transition on `fd_a__w_1'   [by dut.CS.left.a <- 0]
[            32935533] <dut.US>  WARNING: unstable transition on `fd_a__w_1'   [by dut.US.a <- 0]
[            33056019] <dut.CS.right>  WARNING: unstable transition on `fd_a__w_1'   [by dut.CS.right.a <- 0]
[            35370274] <dut.CS.left>  WARNING: unstable transition on `fd_a__w_1'   [by dut.CS.left.a <- 0]
[            36640982] <dut.CS.root>  WARNING: unstable transition on `fd_a__w_1'   [by dut.CS.root.a <- 0]
[            36641476] <dut.US>  WARNING: unstable transition on `fd_a__w_1'   [by dut.US.a <- 0]
[            36976443] <dut.CS.left>  WARNING: unstable transition on `fd_a__w_1'   [by dut.CS.left.a <- 0]
[            37353024] <dut.US>  WARNING: unstable transition on `fd_a__w_1'   [by dut.US.a <- 0]
[            38295082] <dut.US>  WARNING: unstable transition on `fd_a__w_1'   [by dut.US.a <- 0]
[            38628935] <dut.US>  WARNING: unstable transition on `fd_a__w_1'   [by dut.US.a <- 0]
[            38849875] <dut.CS.left>  WARNING: unstable transition on `fd_a__w_1'   [by dut.CS.left.a <- 0]
[            38850646] <dut.US>  WARNING: unstable transition on `fd_a__w_1'   [by dut.US.a <- 0]
[            39786380] <dut.CS.left>  WARNING: unstable transition on `fd_a__w_1'   [by dut.CS.left.a <- 0]
[            39810570] <dut.CS.root>  WARNING: unstable transition on `fd_a__w_1'   [by dut.CS.root.a <- 0]
[            40279629] <dut.CS.root>  WARNING: unstable transition on `fd_a__w_1'   [by dut.CS.root.a <- 0]
[            40465602] <dut.CS.root>  WARNING: unstable transition on `fd_a__w_1'   [by dut.CS.root.a <- 0]
[            40679490] <dut.US>  WARNING: unstable transition on `fd_a__w_1'   [by dut.US.a <- 0]
[            40691279] <dut.CS.root>  WARNING: unstable transition on `fd_a__w_1'   [by dut.CS.root.a <- 0]
[            40811131] <dut.US>  WARNING: unstable transition on `fd_a__w_1'   [by dut.US.a <- 0]
[            41065015] <dut.CS.left>  WARNING: unstable transition on `fd_a__w_1'   [by dut.CS.left.a <- 0]
[            41120532] <dut.US>  WARNING: unstable transition on `fd_a__w_1'   [by dut.US.a <- 0]
[            41346380] <dut.CS.right>  WARNING: unstable transition on `fd_a__w_1'   [by dut.CS.right.a <- 0]
[            41503279] <dut.US>  WARNING: unstable transition on `fd_a__w_1'   [by dut.US.a <- 0]
[            41534076] <dut.CS.root>  WARNING: unstable transition on `fd_a__w_1'   [by dut.CS.root.a <- 0]
[            42057702] <dut.CS.root>  WARNING: unstable transition on `fd_a__w_1'   [by dut.CS.root.a <- 0]
[            42953034] <dut.US>  WARNING: unstable transition on `fd_a__w_1'   [by dut.US.a <- 0]
[            43086489] <dut.US>  WARNING: unstable transition on `fd_a__w_1'   [by dut.US.a <- 0]
[            43748919] <dut.CS.root>  WARNING: unstable transition on `fd_a__w_1'   [by dut.CS.root.a <- 0]
[            43749439] <dut.US>  WARNING: unstable transition on `fd_a__w_1'   [by dut.US.a <- 0]
[            44623023] <dut.CS.root>  WARNING: unstable transition on `fd_a__w_1'   [by dut.CS.root.a <- 0]
[            45034933] <dut.CS.root>  WARNING: unstable transition on `fd_a__w_1'   [by dut.CS.root.a <- 0]
[            45278616] <dut.US>  WARNING: unstable transition on `fd_a__w_1'   [by dut.US.a <- 0]
[            46115248] <dut.CS.root>  WARNING: unstable transition on `fd_a__w_1'   [by dut.CS.root.a <- 0]
[            46146270] <dut.CS.root>  WARNING: unstable transition on `fd_a__w_1'   [by dut.CS.root.a <- 0]
[            46197168] <dut.US>  WARNING: unstable transition on `fd_a__w_1'   [by dut.US.a <- 0]
[            47355137] <dut.CS.left>  WARNING: unstable transition on `fd_a__w_1'   [by dut.CS.left.a <- 0]
[            47850259] <dut.CS.right>  WARNING: unstable transition on `fd_a__w_1'   [by dut.CS.right.a <- 0]
[            48960758] <dut.CS.left>  WARNING: unstable transition on `fd_a__w_1'   [by dut.CS.left.a <- 0]
[            49400697] <dut.US>  WARNING: unstable transition on `fd_a__w_1'   [by dut.US.a <- 0]
[            49720705] <dut.CS.right>  WARNING: unstable transition on `fd_a__w_1'   [by dut.CS.right.a <- 0]
[            50096921] <dut.US>  WARNING: unstable transition on `fd_a__w_1'   [by dut.US.a <- 0]
[            50818641] <dut.US>  WARNING: unstable transition on `fd_a__w_1'   [by dut.US.a <- 0]
[            51370942] <dut.CS.root>  WARNING: unstable transition on `fd_a__w_1'   [by dut.CS.root.a <- 0]
[            51503555] <dut.CS.root>  WARNING: unstable transition on `fd_a__w_1'   [by dut.CS.root.a <- 0]
[            51904922] <dut.CS.root>  WARNING: unstable transition on `fd_a__w_1'   [by dut.CS.root.a <- 0]
[            52007621] <dut.CS.root>  WARNING: unstable transition on `fd_a__w_1'   [by dut.CS.root.a <- 0]
[            53183694] <dut.CS.left>  WARNING: unstable transition on `fd_a__w_1'   [by dut.CS.left.a <- 0]
[            53276489] <dut.CS.right>  WARNING: unstable transition on `fd_a__w_1'   [by dut.CS.right.a <- 0]
[            53571988] <dut.US>  WARNING: unstable transition on `fd_a__w_1'   [by dut.US.a <- 0]
[            53944171] <dut.CS.right>  WARNING: unstable transition on `fd_a__w_1'   [by dut.CS.right.a <- 0]
[            54146989] <dut.CS.right>  WARNING: unstable transition on `fd_a__w_1'   [by dut.CS.right.a <- 0]
[            55234763] <dut.US>  WARNING: unstable transition on `fd_a__w_1'   [by dut.US.a <- 0]
[            57049081] <dut.US>  WARNING: unstable transition on `fd_a__w_1'   [by dut.US.a <- 0]
[            59227608] <dut.US>  WARNING: unstable transition on `fd_a__w_1'   [by dut.US.a <- 0]
[            60565645] <dut.CS.root>  WARNING: unstable transition on `fd_a__w_1'   [by dut.CS.root.a <- 0]
[            60613934] <dut.US>  WARNING: unstable transition on `fd_a__w_1'   [by dut.US.a <- 0]
[            61860274] <dut.CS.root>  WARNING: unstable transition on `fd_a__w_1'   [by dut.CS.root.a <- 0]
[            62308535] <dut.US>  WARNING: unstable transition on `fd_a__w_1'   [by dut.US.a <- 0]
[            62765202] <dut.US>  WARNING: unstable transition on `fd_a__w_1'   [by dut.US.a <- 0]
[            63007123] <dut.CS.root>  WARNING: unstable transition on `fd_a__w_1'   [by dut.CS.root.a <- 0]
[            64266366] <dut.CS.root>  WARNING: unstable transition on `fd_a__w_1'   [by dut.CS.root.a <- 0]
[            64477851] <dut.CS.right>  WARNING: unstable transition on `fd_a__w_1'   [by dut.CS.right.a <- 0]
[            64572014] <dut.US>  WARNING: unstable transition on `fd_a__w_1'   [by dut.US.a <- 0]
[            66899198] <dut.CS.root>  WARNING: unstable transition on `fd_a__w_1'   [by dut.CS.root.a <- 0]
[            67825407] <dut.US>  WARNING: unstable transition on `fd_a__w_1'   [by dut.US.a <- 0]
[            68171413] <dut.CS.right>  WARNING: unstable transition on `fd_a__w_1'   [by dut.CS.right.a <- 0]
[            68505946] <dut.CS.right>  WARNING: unstable transition on `fd_a__w_1'   [by dut.CS.right.a <- 0]
[            68638783] <dut.CS.root>  WARNING: unstable transition on `fd_a__w_1'   [by dut.CS.root.a <- 0]
[            69727054] <dut.CS.root>  WARNING: unstable transition on `fd_a__w_1'   [by dut.CS.root.a <- 0]
[            70163097] <dut.CS.root>  WARNING: unstable transition on `fd_a__w_1'   [by dut.CS.root.a <- 0]
[            70836353] <dut.US>  WARNING: unstable transition on `fd_a__w_1'   [by dut.US.a <- 0]
[            70847824] <dut.CS.left>  WARNING: unstable transition on `fd_a__w_1'   [by dut.CS.left.a <- 0]
[            71626996] <dut.US>  WARNING: unstable transition on `fd_a__w_1'   [by dut.US.a <- 0]
[            71656186] <dut.US>  WARNING: unstable transition on `fd_a__w_1'   [by dut.US.a <- 0]
[            72114461] <dut.CS.root>  WARNING: unstable transition on `fd_a__w_1'   [by dut.CS.root.a <- 0]
[            72114893] <dut.US>  WARNING: unstable transition on `fd_a__w_1'   [by dut.US.a <- 0]
[            72339953] <dut.CS.root>  WARNING: unstable transition on `fd_a__w_1'   [by dut.CS.root.a <- 0]
[            72407062] <dut.CS.root>  WARNING: unstable transition on `fd_a__w_1'   [by dut.CS.root.a <- 0]
[            72518196] <dut.US>  WARNING: unstable transition on `fd_a__w_1'   [by dut.US.a <- 0]
[            72608605] <dut.CS.right>  WARNING: unstable transition on `fd_a__w_1'   [by dut.CS.right.a <- 0]
[            73149131] <dut.CS.root>  WARNING: unstable transition on `fd_a__w_1'   [by dut.CS.root.a <- 0]
[            74328863] <dut.CS.root>  WARNING: unstable transition on `fd_a__w_1'   [by dut.CS.root.a <- 0]
[            74690547] <dut.US>  WARNING: unstable transition on `fd_a__w_1'   [by dut.US.a <- 0]
[            76305440] <dut.US>  WARNING: unstable transition on `fd_a__w_1'   [by dut.US.a <- 0]
[            77424238] <dut.US>  WARNING: unstable transition on `fd_a__w_1'   [by dut.US.a <- 0]
[            77677592] <dut.CS.root>  WARNING: unstable transition on `fd_a__w_1'   [by dut.CS.root.a <- 0]
[            77888541] <dut.CS.root>  WARNING: unstable transition on `fd_a__w_1'   [by dut.CS.root.a <- 0]
[            78532273] <dut.US>  WARNING: unstable transition on `fd_a__w_1'   [by dut.US.a <- 0]
[            78990342] <dut.CS.root>  WARNING: unstable transition on `fd_a__w_1'   [by dut.CS.root.a <- 0]
[            82702968] <dut.US>  WARNING: unstable transition on `fd_a__w_1'   [by dut.US.a <- 0]
[            83222384] <dut.US>  WARNING: unstable transition on `fd_a__w_1'   [by dut.US.a <- 0]
[            84247591] <dut.CS.root>  WARNING: unstable transition on `fd_a__w_1'   [by dut.CS.root.a <- 0]
[            84958080] <dut.CS.right>  WARNING: unstable transition on `fd_a__w_1'   [by dut.CS.right.a <- 0]
[            85303424] <dut.US>  WARNING: unstable transition on `fd_a__w_1'   [by dut.US.a <- 0]
[            86291759] <dut.US>  WARNING: unstable transition on `fd_a__w_1'   [by dut.US.a <- 0]
[            86413031] <dut.CS.left>  WARNING: unstable transition on `fd_a__w_1'   [by dut.CS.left.a <- 0]
[            87802381] <dut.US>  WARNING: unstable transition on `fd_a__w_1'   [by dut.US.a <- 0]
[            87999983] <dut.CS.left>  WARNING: unstable transition on `fd_a__w_1'   [by dut.CS.left.a <- 0]
[            88135858] <dut.US>  WARNING: unstable transition on `fd_a__w_1'   [by dut.US.a <- 0]
[            89573331] <dut.CS.right>  WARNING: unstable transition on `fd_a__w_1'   [by dut.CS.right.a <- 0]
[            90476882] <dut.US>  WARNING: unstable transition on `fd_a__w_1'   [by dut.US.a <- 0]
[            90940577] <dut.US>  WARNING: unstable transition on `fd_a__w_1'   [by dut.US.a <- 0]
[            91503240] <dut.CS.left>  WARNING: unstable transition on `fd_a__w_1'   [by dut.CS.left.a <- 0]
[            91719598] <dut.US>  WARNING: unstable transition on `fd_a__w_1'   [by dut.US.a <- 0]
[            91909570] <dut.US>  WARNING: unstable transition on `fd_a__w_1'   [by dut.US.a <- 0]
[            92190232] <dut.CS.root>  WARNING: unstable transition on `fd_a__w_1'   [by dut.CS.root.a <- 0]
[            92324693] <dut.US>  WARNING: unstable transition on `fd_a__w_1'   [by dut.US.a <- 0]
[            93131048] <dut.CS.root>  WARNING: unstable transition on `fd_a__w_1'   [by dut.CS.root.a <- 0]
[            93173316] <dut.CS.left>  WARNING: unstable transition on `fd_a__w_1'   [by dut.CS.left.a <- 0]
[            93251977] <dut.CS.left>  WARNING: unstable transition on `fd_a__w_1'   [by dut.CS.left.a <- 0]
[            93653966] <dut.CS.left>  WARNING: unstable transition on `fd_a__w_1'   [by dut.CS.left.a <- 0]
[            93693886] <dut.US>  WARNING: unstable transition on `fd_a__w_1'   [by dut.US.a <- 0]
[            93854027] <dut.CS.left>  WARNING: unstable transition on `fd_a__w_1'   [by dut.CS.left.a <- 0]
[            94927859] <dut.CS.root>  WARNING: unstable transition on `fd_a__w_1'   [by dut.CS.root.a <- 0]
[            95287723] <dut.US>  WARNING: unstable transition on `fd_a__w_1'   [by dut.US.a <- 0]
[            95475549] <dut.US>  WARNING: unstable transition on `fd_a__w_1'   [by dut.US.a <- 0]
[            95596148] <dut.CS.left>  WARNING: unstable transition on `fd_a__w_1'   [by dut.CS.left.a <- 0]
[            95742493] <dut.CS.right>  WARNING: unstable transition on `fd_a__w_1'   [by dut.CS.right.a <- 0]
[            95918440] <dut.CS.left>  WARNING: unstable transition on `fd_a__w_1'   [by dut.CS.left.a <- 0]
[            96144248] <dut.CS.root>  WARNING: unstable transition on `fd_a__w_1'   [by dut.CS.root.a <- 0]
[            96956367] <dut.CS.right>  WARNING: unstable transition on `fd_a__w_1'   [by dut.CS.right.a <- 0]
[            97387523] <dut.CS.root>  WARNING: unstable transition on `fd_a__w_1'   [by dut.CS.root.a <- 0]
[            97778550] <dut.US>  WARNING: unstable transition on `fd_a__w_1'   [by dut.US.a <- 0]
[            98032315] <dut.CS.root>  WARNING: unstable transition on `fd_a__w_1'   [by dut.CS.root.a <- 0]
[            99560003] <dut.CS.root>  WARNING: unstable transition on `fd_a__w_1'   [by dut.CS.root.a <- 0]
[           100445018] <dut.CS.root>  WARNING: unstable transition on `fd_a__w_1'   [by dut.CS.root.a <- 0]
[           100554337] <dut.CS.root>  WARNING: unstable transition on `fd_a__w_1'   [by dut.CS.root.a <- 0]
[           102639154] <dut.US>  WARNING: unstable transition on `fd_a__w_1'   [by dut.US.a <- 0]
[           102839793] <dut.US>  WARNING: unstable transition on `fd_a__w_1'   [by dut.US.a <- 0]
[           103747038] <dut.US>  WARNING: unstable transition on `fd_a__w_1'   [by dut.US.a <- 0]
[           105156745] <dut.US>  WARNING: unstable transition on `fd_a__w_1'   [by dut.US.a <- 0]
[           105860263] <dut.CS.left>  WARNING: unstable transition on `fd_a__w_1'   [by dut.CS.left.a <- 0]
[           106328481] <dut.CS.root>  WARNING: unstable transition on `fd_a__w_1'   [by dut.CS.root.a <- 0]
[           106919626] <dut.US>  WARNING: unstable transition on `fd_a__w_1'   [by dut.US.a <- 0]
[           106935396] <dut.US>  WARNING: unstable transition on `fd_a__w_1'   [by dut.US.a <- 0]
[           107810084] <dut.US>  WARNING: unstable transition on `fd_a__w_1'   [by dut.US.a <- 0]
[           108344195] <dut.US>  WARNING: unstable transition on `fd_a__w_1'   [by dut.US.a <- 0]
[           110413285] <dut.CS.root>  WARNING: unstable transition on `fd_a__w_1'   [by dut.CS.root.a <- 0]
[           110413756] <dut.US>  WARNING: unstable transition on `fd_a__w_1'   [by dut.US.a <- 0]
[           111649444] <dut.CS.right>  WARNING: unstable transition on `fd_a__w_1'   [by dut.CS.right.a <- 0]
[           113174035] <dut.CS.root>  WARNING: unstable transition on `fd_a__w_1'   [by dut.CS.root.a <- 0]
[           113520450] <dut.CS.left>  WARNING: unstable transition on `fd_a__w_1'   [by dut.CS.left.a <- 0]
[           114178863] <dut.CS.root>  WARNING: unstable transition on `fd_a__w_1'   [by dut.CS.root.a <- 0]
[           115383630] <dut.CS.root>  WARNING: unstable transition on `fd_a__w_1'   [by dut.CS.root.a <- 0]
[           116159271] <dut.CS.root>  WARNING: unstable transition on `fd_a__w_1'   [by dut.CS.root.a <- 0]
[           118041704] <dut.US>  WARNING: unstable transition on `fd_a__w_1'   [by dut.US.a <- 0]
[           118343280] <dut.CS.root>  WARNING: unstable transition on `fd_a__w_1'   [by dut.CS.root.a <- 0]
[           118834390] <dut.CS.right>  WARNING: unstable transition on `fd_a__w_1'   [by dut.CS.right.a <- 0]
[           119384588] <dut.US>  WARNING: unstable transition on `fd_a__w_1'   [by dut.US.a <- 0]
[           119882490] <dut.CS.root>  WARNING: unstable transition on `fd_a__w_1'   [by dut.CS.root.a <- 0]
[           120419415] <dut.CS.left>  WARNING: unstable transition on `fd_a__w_1'   [by dut.CS.left.a <- 0]
[           122180738] <dut.US>  WARNING: unstable transition on `fd_a__w_1'   [by dut.US.a <- 0]
[           122503856] <dut.CS.root>  WARNING: unstable transition on `fd_a__w_1'   [by dut.CS.root.a <- 0]
[           122664608] <dut.US>  WARNING: unstable transition on `fd_a__w_1'   [by dut.US.a <- 0]
[           123333838] <dut.CS.right>  WARNING: unstable transition on `fd_a__w_1'   [by dut.CS.right.a <- 0]
[           125311355] <dut.CS.left>  WARNING: unstable transition on `fd_a__w_1'   [by dut.CS.left.a <- 0]
[           125831715] <dut.US>  WARNING: unstable transition on `fd_a__w_1'   [by dut.US.a <- 0]
[           126720498] <dut.US>  WARNING: unstable transition on `fd_a__w_1'   [by dut.US.a <- 0]
[           127746647] <dut.CS.right>  WARNING: unstable transition on `fd_a__w_1'   [by dut.CS.right.a <- 0]
[           127892740] <dut.CS.root>  WARNING: unstable transition on `fd_a__w_1'   [by dut.CS.root.a <- 0]
[           128090495] <dut.CS.root>  WARNING: unstable transition on `fd_a__w_1'   [by dut.CS.root.a <- 0]
[           128188970] <dut.US>  WARNING: unstable transition on `fd_a__w_1'   [by dut.US.a <- 0]
[           129701899] <dut.CS.root>  WARNING: unstable transition on `fd_a__w_1'   [by dut.CS.root.a <- 0]
[           130250903] <dut.US>  WARNING: unstable transition on `fd_a__w_1'   [by dut.US.a <- 0]
[           130304077] <dut.US>  WARNING: unstable transition on `fd_a__w_1'   [by dut.US.a <- 0]
[           131497259] <dut.US>  WARNING: unstable transition on `fd_a__w_1'   [by dut.US.a <- 0]
[           131508532] <dut.CS.right>  WARNING: unstable transition on `fd_a__w_1'   [by dut.CS.right.a <- 0]
[           131709063] <dut.CS.right>  WARNING: unstable transition on `fd_a__w_1'   [by dut.CS.right.a <- 0]
[           131739463] <dut.CS.root>  WARNING: unstable transition on `fd_a__w_1'   [by dut.CS.root.a <- 0]
[           132593293] <dut.US>  WARNING: unstable transition on `fd_a__w_1'   [by dut.US.a <- 0]
[           136902720] <dut.CS.left>  WARNING: unstable transition on `fd_a__w_1'   [by dut.CS.left.a <- 0]
[           137017838] <dut.US>  WARNING: unstable transition on `fd_a__w_1'   [by dut.US.a <- 0]
[           138148710] <dut.US>  WARNING: unstable transition on `fd_a__w_1'   [by dut.US.a <- 0]
[           139184899] <dut.US>  WARNING: unstable transition on `fd_a__w_1'   [by dut.US.a <- 0]
[           139720598] <dut.CS.left>  WARNING: unstable transition on `fd_a__w_1'   [by dut.CS.left.a <- 0]
[           141738222] <dut.CS.root>  WARNING: unstable transition on `fd_a__w_1'   [by dut.CS.root.a <- 0]
[           142231668] <dut.CS.root>  WARNING: unstable transition on `fd_a__w_1'   [by dut.CS.root.a <- 0]
[           142900514] <dut.CS.root>  WARNING: unstable transition on `fd_a__w_1'   [by dut.CS.root.a <- 0]
[           144174384] <dut.CS.right>  WARNING: unstable transition on `fd_a__w_1'   [by dut.CS.right.a <- 0]
[           144204588] <dut.US>  WARNING: unstable transition on `fd_a__w_1'   [by dut.US.a <- 0]
[           144269961] <dut.CS.left>  WARNING: unstable transition on `fd_a__w_1'   [by dut.CS.left.a <- 0]
[           144283269] <dut.US>  WARNING: unstable transition on `fd_a__w_1'   [by dut.US.a <- 0]
[           145181836] <dut.CS.root>  WARNING: unstable transition on `fd_a__w_1'   [by dut.CS.root.a <- 0]
[           145356688] <dut.CS.left>  WARNING: unstable transition on `fd_a__w_1'   [by dut.CS.left.a <- 0]
[           145623541] <dut.US>  WARNING: unstable transition on `fd_a__w_1'   [by dut.US.a <- 0]
[           147823076] <dut.CS.left>  WARNING: unstable transition on `fd_a__w_1'   [by dut.CS.left.a <- 0]
[           147874487] <dut.US>  WARNING: unstable transition on `fd_a__w_1'   [by dut.US.a <- 0]
[           148368221] <dut.CS.root>  WARNING: unstable transition on `fd_a__w_1'   [by dut.CS.root.a <- 0]
[           148596235] <dut.US>  WARNING: unstable transition on `fd_a__w_1'   [by dut.US.a <- 0]
[           149294184] <dut.CS.root>  WARNING: unstable transition on `fd_a__w_1'   [by dut.CS.root.a <- 0]
[           149708542] <dut.US>  WARNING: unstable transition on `fd_a__w_1'   [by dut.US.a <- 0]
[           150275374] <dut.US>  WARNING: unstable transition on `fd_a__w_1'   [by dut.US.a <- 0]
[           150709448] <dut.US>  WARNING: unstable transition on `fd_a__w_1'   [by dut.US.a <- 0]
[           151001699] <dut.US>  WARNING: unstable transition on `fd_a__w_1'   [by dut.US.a <- 0]
[           152602937] <dut.CS.right>  WARNING: unstable transition on `fd_a__w_1'   [by dut.CS.right.a <- 0]
[           153312349] <dut.CS.left>  WARNING: unstable transition on `fd_a__w_1'   [by dut.CS.left.a <- 0]
[           153313304] <dut.US>  WARNING: unstable transition on `fd_a__w_1'   [by dut.US.a <- 0]
[           153699586] <dut.CS.root>  WARNING: unstable transition on `fd_a__w_1'   [by dut.CS.root.a <- 0]
[           153925999] <dut.CS.right>  WARNING: unstable transition on `fd_a__w_1'   [by dut.CS.right.a <- 0]
[           154100803] <dut.CS.left>  WARNING: unstable transition on `fd_a__w_1'   [by dut.CS.left.a <- 0]
[           154542595] <dut.CS.root>  WARNING: unstable transition on `fd_a__w_1'   [by dut.CS.root.a <- 0]
[           154866782] <dut.CS.right>  WARNING: unstable transition on `fd_a__w_1'   [by dut.CS.right.a <- 0]
[           155135850] <dut.CS.right>  WARNING: unstable transition on `fd_a__w_1'   [by dut.CS.right.a <- 0]
[           155618652] <dut.CS.right>  WARNING: unstable transition on `fd_a__w_1'   [by dut.CS.right.a <- 0]
[           155728267] <dut.CS.root>  WARNING: unstable transition on `fd_a__w_1'   [by dut.CS.root.a <- 0]
[           155956364] <dut.CS.root>  WARNING: unstable transition on `fd_a__w_1'   [by dut.CS.root.a <- 0]
[           156132459] <dut.CS.root>  WARNING: unstable transition on `fd_a__w_1'   [by dut.CS.root.a <- 0]
[           156543033] <dut.CS.right>  WARNING: unstable transition on `fd_a__w_1'   [by dut.CS.right.a <- 0]
[           157581863] <dut.US>  WARNING: unstable transition on `fd_a__w_1'   [by dut.US.a <- 0]
[           157757102] <dut.US>  WARNING: unstable transition on `fd_a__w_1'   [by dut.US.a <- 0]
[           158156751] <dut.CS.right>  WARNING: unstable transition on `fd_a__w_1'   [by dut.CS.right.a <- 0]
[           158269055] <dut.CS.left>  WARNING: unstable transition on `fd_a__w_1'   [by dut.CS.left.a <- 0]
[           158884659] <dut.US>  WARNING: unstable transition on `fd_a__w_1'   [by dut.US.a <- 0]
[           159811066] <dut.CS.root>  WARNING: unstable transition on `fd_a__w_1'   [by dut.CS.root.a <- 0]
[           160363360] <dut.US>  WARNING: unstable transition on `fd_a__w_1'   [by dut.US.a <- 0]
[           160598240] <dut.US>  WARNING: unstable transition on `fd_a__w_1'   [by dut.US.a <- 0]
[           161701362] <dut.CS.left>  WARNING: unstable transition on `fd_a__w_1'   [by dut.CS.left.a <- 0]
[           162091508] <dut.CS.root>  WARNING: unstable transition on `fd_a__w_1'   [by dut.CS.root.a <- 0]
[           162776009] <dut.US>  WARNING: unstable transition on `fd_a__w_1'   [by dut.US.a <- 0]
[           162841885] <dut.CS.left>  WARNING: unstable transition on `fd_a__w_1'   [by dut.CS.left.a <- 0]
[           162896136] <dut.CS.left>  WARNING: unstable transition on `fd_a__w_1'   [by dut.CS.left.a <- 0]
[           162975066] <dut.CS.root>  WARNING: unstable transition on `fd_a__w_1'   [by dut.CS.root.a <- 0]
[           164690641] <dut.US>  WARNING: unstable transition on `fd_a__w_1'   [by dut.US.a <- 0]
[           164757666] <dut.US>  WARNING: unstable transition on `fd_a__w_1'   [by dut.US.a <- 0]
[           164950156] <dut.US>  WARNING: unstable transition on `fd_a__w_1'   [by dut.US.a <- 0]
[           165470003] <dut.CS.root>  WARNING: unstable transition on `fd_a__w_1'   [by dut.CS.root.a <- 0]
[           165561896] <dut.US>  WARNING: unstable transition on `fd_a__w_1'   [by dut.US.a <- 0]
[           166931203] <dut.US>  WARNING: unstable transition on `fd_a__w_1'   [by dut.US.a <- 0]
[           167188958] <dut.CS.left>  WARNING: unstable transition on `fd_a__w_1'   [by dut.CS.left.a <- 0]
[           167859458] <dut.CS.left>  WARNING: unstable transition on `fd_a__w_1'   [by dut.CS.left.a <- 0]
[           168085910] <dut.US>  WARNING: unstable transition on `fd_a__w_1'   [by dut.US.a <- 0]
[           168621421] <dut.CS.right>  WARNING: unstable transition on `fd_a__w_1'   [by dut.CS.right.a <- 0]
[           169544910] <dut.CS.left>  WARNING: unstable transition on `fd_a__w_1'   [by dut.CS.left.a <- 0]
[           171391540] <dut.US>  WARNING: unstable transition on `fd_a__w_1'   [by dut.US.a <- 0]
[           171732203] <dut.US>  WARNING: unstable transition on `fd_a__w_1'   [by dut.US.a <- 0]
[           171747277] <dut.CS.left>  WARNING: unstable transition on `fd_a__w_1'   [by dut.CS.left.a <- 0]
[           172845587] <dut.CS.root>  WARNING: unstable transition on `fd_a__w_1'   [by dut.CS.root.a <- 0]
[           173905185] <dut.CS.root>  WARNING: unstable transition on `fd_a__w_1'   [by dut.CS.root.a <- 0]
[           174093736] <dut.CS.left>  WARNING: unstable transition on `fd_a__w_1'   [by dut.CS.left.a <- 0]
[           175558492] <dut.US>  WARNING: unstable transition on `fd_a__w_1'   [by dut.US.a <- 0]
[           175851981] <dut.CS.left>  WARNING: unstable transition on `fd_a__w_1'   [by dut.CS.left.a <- 0]
[           176266237] <dut.CS.root>  WARNING: unstable transition on `fd_a__w_1'   [by dut.CS.root.a <- 0]
[           176758324] <dut.US>  WARNING: unstable transition on `fd_a__w_1'   [by dut.US.a <- 0]
[           178880032] <dut.US>  WARNING: unstable transition on `fd_a__w_1'   [by dut.US.a <- 0]
[           179014508] <dut.US>  WARNING: unstable transition on `fd_a__w_1'   [by dut.US.a <- 0]
[           179391830] <dut.CS.root>  WARNING: unstable transition on `fd_a__w_1'   [by dut.CS.root.a <- 0]
[           179828395] <dut.CS.root>  WARNING: unstable transition on `fd_a__w_1'   [by dut.CS.root.a <- 0]
[           180047251] <dut.US>  WARNING: unstable transition on `fd_a__w_1'   [by dut.US.a <- 0]
[           180262909] <dut.CS.left>  WARNING: unstable transition on `fd_a__w_1'   [by dut.CS.left.a <- 0]
[           180331237] <dut.US>  WARNING: unstable transition on `fd_a__w_1'   [by dut.US.a <- 0]
[           182246191] <dut.CS.root>  WARNING: unstable transition on `fd_a__w_1'   [by dut.CS.root.a <- 0]
[           184792562] <dut.CS.right>  WARNING: unstable transition on `fd_a__w_1'   [by dut.CS.right.a <- 0]
[           186173462] <dut.CS.root>  WARNING: unstable transition on `fd_a__w_1'   [by dut.CS.root.a <- 0]
[           186210858] <dut.US>  WARNING: unstable transition on `fd_a__w_1'   [by dut.US.a <- 0]
[           187447264] <dut.CS.left>  WARNING: unstable transition on `fd_a__w_1'   [by dut.CS.left.a <- 0]
[           188009860] <dut.CS.root>  WARNING: unstable transition on `fd_a__w_1'   [by dut.CS.root.a <- 0]
[           188199752] <dut.US>  WARNING: unstable transition on `fd_a__w_1'   [by dut.US.a <- 0]
[           188829191] <dut.CS.root>  WARNING: unstable transition on `fd_a__w_1'   [by dut.CS.root.a <- 0]
[           189096712] <dut.US>  WARNING: unstable transition on `fd_a__w_1'   [by dut.US.a <- 0]
[           189125037] <dut.CS.left>  WARNING: unstable transition on `fd_a__w_1'   [by dut.CS.left.a <- 0]
[           189801411] <dut.CS.root>  WARNING: unstable transition on `fd_a__w_1'   [by dut.CS.root.a <- 0]
[           190204227] <dut.CS.left>  WARNING: unstable transition on `fd_a__w_1'   [by dut.CS.left.a <- 0]
[           190566027] <dut.US>  WARNING: unstable transition on `fd_a__w_1'   [by dut.US.a <- 0]
[           191207037] <dut.CS.root>  WARNING: unstable transition on `fd_a__w_1'   [by dut.CS.root.a <- 0]
[           191218228] <dut.CS.left>  WARNING: unstable transition on `fd_a__w_1'   [by dut.CS.left.a <- 0]
[           192678889] <dut.CS.root>  WARNING: unstable transition on `fd_a__w_1'   [by dut.CS.root.a <- 0]
[           193509281] <dut.CS.right>  WARNING: unstable transition on `fd_a__w_1'   [by dut.CS.right.a <- 0]
[           194825358] <dut.US>  WARNING: unstable transition on `fd_a__w_1'   [by dut.US.a <- 0]
[           195240576] <dut.CS.left>  WARNING: unstable transition on `fd_a__w_1'   [by dut.CS.left.a <- 0]
[           196323073] <dut.CS.root>  WARNING: unstable transition on `fd_a__w_1'   [by dut.CS.root.a <- 0]
[           197207349] <dut.CS.root>  WARNING: unstable transition on `fd_a__w_1'   [by dut.CS.root.a <- 0]
[           197805255] <dut.CS.root>  WARNING: unstable transition on `fd_a__w_1'   [by dut.CS.root.a <- 0]
[           198364287] <dut.US>  WARNING: unstable transition on `fd_a__w_1'   [by dut.US.a <- 0]
[           198785549] <dut.US>  WARNING: unstable transition on `fd_a__w_1'   [by dut.US.a <- 0]
[           198797489] <dut.US>  WARNING: unstable transition on `fd_a__w_1'   [by dut.US.a <- 0]
[           199204082] <dut.US>  WARNING: unstable transition on `fd_a__w_1'   [by dut.US.a <- 0]
[           199349649] <dut.CS.right>  WARNING: unstable transition on `fd_a__w_1'   [by dut.CS.right.a <- 0]
[           200513842] <dut.US>  WARNING: unstable transition on `fd_a__w_1'   [by dut.US.a <- 0]
[           201248579] <dut.US>  WARNING: unstable transition on `fd_a__w_1'   [by dut.US.a <- 0]
[           201478374] <dut.US>  WARNING: unstable transition on `fd_a__w_1'   [by dut.US.a <- 0]
[           201984869] <dut.US>  WARNING: unstable transition on `fd_a__w_1'   [by dut.US.a <- 0]
[           202385649] <dut.US>  WARNING: unstable transition on `fd_a__w_1'   [by dut.US.a <- 0]
[           202685874] <dut.CS.root>  WARNING: unstable transition on `fd_a__w_1'   [by dut.CS.root.a <- 0]
[           203326682] <dut.US>  WARNING: unstable transition on `fd_a__w_1'   [by dut.US.a <- 0]
[           203481268] <dut.CS.left>  WARNING: unstable transition on `fd_a__w_1'   [by dut.CS.left.a <- 0]
[           203640066] <dut.US>  WARNING: unstable transition on `fd_a__w_1'   [by dut.US.a <- 0]
[           204149903] <dut.CS.left>  WARNING: unstable transition on `fd_a__w_1'   [by dut.CS.left.a <- 0]
[           205261996] <dut.US>  WARNING: unstable transition on `fd_a__w_1'   [by dut.US.a <- 0]
[           206668641] <dut.CS.right>  WARNING: unstable transition on `fd_a__w_1'   [by dut.CS.right.a <- 0]
[           206723351] <dut.CS.right>  WARNING: unstable transition on `fd_a__w_1'   [by dut.CS.right.a <- 0]
[           208702004] <dut.US>  WARNING: unstable transition on `fd_a__w_1'   [by dut.US.a <- 0]
[           208832645] <dut.US>  WARNING: unstable transition on `fd_a__w_1'   [by dut.US.a <- 0]
[           210004370] <dut.US>  WARNING: unstable transition on `fd_a__w_1'   [by dut.US.a <- 0]
[           210675448] <dut.US>  WARNING: unstable transition on `fd_a__w_1'   [by dut.US.a <- 0]
[           210832667] <dut.CS.right>  WARNING: unstable transition on `fd_a__w_1'   [by dut.CS.right.a <- 0]
[           213251658] <dut.US>  WARNING: unstable transition on `fd_a__w_1'   [by dut.US.a <- 0]
[           213709050] <dut.CS.right>  WARNING: unstable transition on `fd_a__w_1'   [by dut.CS.right.a <- 0]
[           214238173] <dut.US>  WARNING: unstable transition on `fd_a__w_1'   [by dut.US.a <- 0]
[           215112164] <dut.US>  WARNING: unstable transition on `fd_a__w_1'   [by dut.US.a <- 0]
[           215381777] <dut.US>  WARNING: unstable transition on `fd_a__w_1'   [by dut.US.a <- 0]
[           216052965] <dut.CS.left>  WARNING: unstable transition on `fd_a__w_1'   [by dut.CS.left.a <- 0]
[           216065218] <dut.CS.right>  WARNING: unstable transition on `fd_a__w_1'   [by dut.CS.right.a <- 0]
[           216711860] <dut.CS.root>  WARNING: unstable transition on `fd_a__w_1'   [by dut.CS.root.a <- 0]
[           217586276] <dut.US>  WARNING: unstable transition on `fd_a__w_1'   [by dut.US.a <- 0]
[           218766121] <dut.US>  WARNING: unstable transition on `fd_a__w_1'   [by dut.US.a <- 0]
[           218779738] <dut.US>  WARNING: unstable transition on `fd_a__w_1'   [by dut.US.a <- 0]
[           220687859] <dut.CS.root>  WARNING: unstable transition on `fd_a__w_1'   [by dut.CS.root.a <- 0]
[           221074384] <dut.CS.root>  WARNING: unstable transition on `fd_a__w_1'   [by dut.CS.root.a <- 0]
[           222372264] <dut.CS.root>  WARNING: unstable transition on `fd_a__w_1'   [by dut.CS.root.a <- 0]
[           222830347] <dut.CS.root>  WARNING: unstable transition on `fd_a__w_1'   [by dut.CS.root.a <- 0]
[           223177744] <dut.US>  WARNING: unstable transition on `fd_a__w_1'   [by dut.US.a <- 0]
[           223717000] <dut.CS.right>  WARNING: unstable transition on `fd_a__w_1'   [by dut.CS.right.a <- 0]
[           223862571] <dut.CS.right>  WARNING: unstable transition on `fd_a__w_1'   [by dut.CS.right.a <- 0]
[           224229075] <dut.CS.left>  WARNING: unstable transition on `fd_a__w_1'   [by dut.CS.left.a <- 0]
[           226484431] <dut.US>  WARNING: unstable transition on `fd_a__w_1'   [by dut.US.a <- 0]
[           226878637] <dut.CS.root>  WARNING: unstable transition on `fd_a__w_1'   [by dut.CS.root.a <- 0]
[           227283069] <dut.CS.right>  WARNING: unstable transition on `fd_a__w_1'   [by dut.CS.right.a <- 0]
[           227528634] <dut.CS.root>  WARNING: unstable transition on `fd_a__w_1'   [by dut.CS.root.a <- 0]
[           227598064] <dut.CS.root>  WARNING: unstable transition on `fd_a__w_1'   [by dut.CS.root.a <- 0]
[           230568779] <dut.CS.root>  WARNING: unstable transition on `fd_a__w_1'   [by dut.CS.root.a <- 0]
[           230891029] <dut.CS.root>  WARNING: unstable transition on `fd_a__w_1'   [by dut.CS.root.a <- 0]
[           231510410] <dut.US>  WARNING: unstable transition on `fd_a__w_1'   [by dut.US.a <- 0]
[           234342234] <dut.CS.root>  WARNING: unstable transition on `fd_a__w_1'   [by dut.CS.root.a <- 0]
[           234355832] <dut.US>  WARNING: unstable transition on `fd_a__w_1'   [by dut.US.a <- 0]
[           235002869] <dut.US>  WARNING: unstable transition on `fd_a__w_1'   [by dut.US.a <- 0]
[           235480576] <dut.US>  WARNING: unstable transition on `fd_a__w_1'   [by dut.US.a <- 0]
[           235603210] <dut.US>  WARNING: unstable transition on `fd_a__w_1'   [by dut.US.a <- 0]
[           235881219] <dut.US>  WARNING: unstable transition on `fd_a__w_1'   [by dut.US.a <- 0]
[           237487207] <dut.CS.root>  WARNING: unstable transition on `fd_a__w_1'   [by dut.CS.root.a <- 0]
[           237813117] <dut.CS.root>  WARNING: unstable transition on `fd_a__w_1'   [by dut.CS.root.a <- 0]
[           239557529] <dut.US>  WARNING: unstable transition on `fd_a__w_1'   [by dut.US.a <- 0]
[           239972178] <dut.US>  WARNING: unstable transition on `fd_a__w_1'   [by dut.US.a <- 0]
[           240200822] <dut.CS.left>  WARNING: unstable transition on `fd_a__w_1'   [by dut.CS.left.a <- 0]
[           240416569] <dut.CS.root>  WARNING: unstable transition on `fd_a__w_1'   [by dut.CS.root.a <- 0]
[           241152924] <dut.CS.left>  WARNING: unstable transition on `fd_a__w_1'   [by dut.CS.left.a <- 0]
[           241408841] <dut.CS.left>  WARNING: unstable transition on `fd_a__w_1'   [by dut.CS.left.a <- 0]
[           242047264] <dut.CS.root>  WARNING: unstable transition on `fd_a__w_1'   [by dut.CS.root.a <- 0]
[           242168439] <dut.CS.right>  WARNING: unstable transition on `fd_a__w_1'   [by dut.CS.right.a <- 0]
[           242393359] <dut.US>  WARNING: unstable transition on `fd_a__w_1'   [by dut.US.a <- 0]
[           242492309] <dut.CS.left>  WARNING: unstable transition on `fd_a__w_1'   [by dut.CS.left.a <- 0]
[           243685854] <dut.CS.left>  WARNING: unstable transition on `fd_a__w_1'   [by dut.CS.left.a <- 0]
[           244220958] <dut.US>  WARNING: unstable transition on `fd_a__w_1'   [by dut.US.a <- 0]
[           244490317] <dut.CS.left>  WARNING: unstable transition on `fd_a__w_1'   [by dut.CS.left.a <- 0]
[           244558101] <dut.US>  WARNING: unstable transition on `fd_a__w_1'   [by dut.US.a <- 0]
[           248825349] <dut.CS.root>  WARNING: unstable transition on `fd_a__w_1'   [by dut.CS.root.a <- 0]
[           249293586] <dut.CS.root>  WARNING: unstable transition on `fd_a__w_1'   [by dut.CS.root.a <- 0]
[           251763037] <dut.CS.right>  WARNING: unstable transition on `fd_a__w_1'   [by dut.CS.right.a <- 0]
[           252829866] <dut.CS.right>  WARNING: unstable transition on `fd_a__w_1'   [by dut.CS.right.a <- 0]
[           252830278] <dut.CS.root>  WARNING: unstable transition on `fd_a__w_1'   [by dut.CS.root.a <- 0]
[           254025519] <dut.CS.left>  WARNING: unstable transition on `fd_a__w_1'   [by dut.CS.left.a <- 0]
[           254731362] <dut.US>  WARNING: unstable transition on `fd_a__w_1'   [by dut.US.a <- 0]
[           255683423] <dut.CS.left>  WARNING: unstable transition on `fd_a__w_1'   [by dut.CS.left.a <- 0]
[           255720452] <dut.CS.root>  WARNING: unstable transition on `fd_a__w_1'   [by dut.CS.root.a <- 0]
[           256374369] <dut.CS.right>  WARNING: unstable transition on `fd_a__w_1'   [by dut.CS.right.a <- 0]
[           257673949] <dut.US>  WARNING: unstable transition on `fd_a__w_1'   [by dut.US.a <- 0]
[           258081624] <dut.US>  WARNING: unstable transition on `fd_a__w_1'   [by dut.US.a <- 0]
[           259217550] <dut.US>  WARNING: unstable transition on `fd_a__w_1'   [by dut.US.a <- 0]
[           259917464] <dut.US>  WARNING: unstable transition on `fd_a__w_1'   [by dut.US.a <- 0]
[           259972336] <dut.CS.root>  WARNING: unstable transition on `fd_a__w_1'   [by dut.CS.root.a <- 0]
[           261650934] <dut.CS.left>  WARNING: unstable transition on `fd_a__w_1'   [by dut.CS.left.a <- 0]
[           261852919] <dut.CS.left>  WARNING: unstable transition on `fd_a__w_1'   [by dut.CS.left.a <- 0]
[           262105386] <dut.US>  WARNING: unstable transition on `fd_a__w_1'   [by dut.US.a <- 0]
[           263659676] <dut.CS.left>  WARNING: unstable transition on `fd_a__w_1'   [by dut.CS.left.a <- 0]
[           263929984] <dut.US>  WARNING: unstable transition on `fd_a__w_1'   [by dut.US.a <- 0]
[           265060945] <dut.CS.left>  WARNING: unstable transition on `fd_a__w_1'   [by dut.CS.left.a <- 0]
[           265287596] <dut.CS.right>  WARNING: unstable transition on `fd_a__w_1'   [by dut.CS.right.a <- 0]
[           265365889] <dut.CS.right>  WARNING: unstable transition on `fd_a__w_1'   [by dut.CS.right.a <- 0]
[           265880414] <dut.CS.left>  WARNING: unstable transition on `fd_a__w_1'   [by dut.CS.left.a <- 0]
[           266879945] <dut.US>  WARNING: unstable transition on `fd_a__w_1'   [by dut.US.a <- 0]
[           268163760] <dut.US>  WARNING: unstable transition on `fd_a__w_1'   [by dut.US.a <- 0]
[           268286392] <dut.US>  WARNING: unstable transition on `fd_a__w_1'   [by dut.US.a <- 0]
[           268674154] <dut.US>  WARNING: unstable transition on `fd_a__w_1'   [by dut.US.a <- 0]
[           269157170] <dut.CS.root>  WARNING: unstable transition on `fd_a__w_1'   [by dut.CS.root.a <- 0]
[           271055378] <dut.CS.root>  WARNING: unstable transition on `fd_a__w_1'   [by dut.CS.root.a <- 0]
[           273186022] <dut.CS.root>  WARNING: unstable transition on `fd_a__w_1'   [by dut.CS.root.a <- 0]
[           273399524] <dut.US>  WARNING: unstable transition on `fd_a__w_1'   [by dut.US.a <- 0]
[           273973860] <dut.US>  WARNING: unstable transition on `fd_a__w_1'   [by dut.US.a <- 0]
[           276367274] <dut.CS.root>  WARNING: unstable transition on `fd_a__w_1'   [by dut.CS.root.a <- 0]
[           277942895] <dut.CS.root>  WARNING: unstable transition on `fd_a__w_1'   [by dut.CS.root.a <- 0]
[           278485226] <dut.CS.left>  WARNING: unstable transition on `fd_a__w_1'   [by dut.CS.left.a <- 0]
[           279088956] <dut.CS.left>  WARNING: unstable transition on `fd_a__w_1'   [by dut.CS.left.a <- 0]
[           279423392] <dut.CS.root>  WARNING: unstable transition on `fd_a__w_1'   [by dut.CS.root.a <- 0]
[           279461586] <dut.US>  WARNING: unstable transition on `fd_a__w_1'   [by dut.US.a <- 0]
[           280751981] <dut.CS.left>  WARNING: unstable transition on `fd_a__w_1'   [by dut.CS.left.a <- 0]
[           280963678] <dut.CS.root>  WARNING: unstable transition on `fd_a__w_1'   [by dut.CS.root.a <- 0]
[           281267501] <dut.US>  WARNING: unstable transition on `fd_a__w_1'   [by dut.US.a <- 0]
[           282145403] <dut.US>  WARNING: unstable transition on `fd_a__w_1'   [by dut.US.a <- 0]
[           282454912] <dut.CS.right>  WARNING: unstable transition on `fd_a__w_1'   [by dut.CS.right.a <- 0]
[           282510597] <dut.US>  WARNING: unstable transition on `fd_a__w_1'   [by dut.US.a <- 0]
[           282859464] <dut.CS.root>  WARNING: unstable transition on `fd_a__w_1'   [by dut.CS.root.a <- 0]
[           282949918] <dut.US>  WARNING: unstable transition on `fd_a__w_1'   [by dut.US.a <- 0]
[           283258993] <dut.CS.right>  WARNING: unstable transition on `fd_a__w_1'   [by dut.CS.right.a <- 0]
[           283607837] <dut.CS.right>  WARNING: unstable transition on `fd_a__w_1'   [by dut.CS.right.a <- 0]
[           283941577] <dut.US>  WARNING: unstable transition on `fd_a__w_1'   [by dut.US.a <- 0]
[           284449904] <dut.CS.left>  WARNING: unstable transition on `fd_a__w_1'   [by dut.CS.left.a <- 0]
[           284553174] <dut.US>  WARNING: unstable transition on `fd_a__w_1'   [by dut.US.a <- 0]
[           284610876] <dut.US>  WARNING: unstable transition on `fd_a__w_1'   [by dut.US.a <- 0]
[           284773553] <dut.US>  WARNING: unstable transition on `fd_a__w_1'   [by dut.US.a <- 0]
[           286803222] <dut.US>  WARNING: unstable transition on `fd_a__w_1'   [by dut.US.a <- 0]
[           287027148] <dut.CS.right>  WARNING: unstable transition on `fd_a__w_1'   [by dut.CS.right.a <- 0]
[           287494461] <dut.US>  WARNING: unstable transition on `fd_a__w_1'   [by dut.US.a <- 0]
[           287670738] <dut.CS.left>  WARNING: unstable transition on `fd_a__w_1'   [by dut.CS.left.a <- 0]
[           287910136] <dut.US>  WARNING: unstable transition on `fd_a__w_1'   [by dut.US.a <- 0]
[           288151085] <dut.CS.root>  WARNING: unstable transition on `fd_a__w_1'   [by dut.CS.root.a <- 0]
[           288877201] <dut.US>  WARNING: unstable transition on `fd_a__w_1'   [by dut.US.a <- 0]
[           289279383] <dut.CS.left>  WARNING: unstable transition on `fd_a__w_1'   [by dut.CS.left.a <- 0]
[           289304278] <dut.CS.root>  WARNING: unstable transition on `fd_a__w_1'   [by dut.CS.root.a <- 0]
[           289358365] <dut.CS.right>  WARNING: unstable transition on `fd_a__w_1'   [by dut.CS.right.a <- 0]
[           289614075] <dut.US>  WARNING: unstable transition on `fd_a__w_1'   [by dut.US.a <- 0]
[           289704555] <dut.CS.right>  WARNING: unstable transition on `fd_a__w_1'   [by dut.CS.right.a <- 0]
[           289718967] <dut.US>  WARNING: unstable transition on `fd_a__w_1'   [by dut.US.a <- 0]
[           289828678] <dut.US>  WARNING: unstable transition on `fd_a__w_1'   [by dut.US.a <- 0]
[           290027812] <dut.US>  WARNING: unstable transition on `fd_a__w_1'   [by dut.US.a <- 0]
[           290680243] <dut.CS.left>  WARNING: unstable transition on `fd_a__w_1'   [by dut.CS.left.a <- 0]
[           292061670] <dut.US>  WARNING: unstable transition on `fd_a__w_1'   [by dut.US.a <- 0]
[           292161612] <dut.US>  WARNING: unstable transition on `fd_a__w_1'   [by dut.US.a <- 0]
[           293030513] <dut.CS.root>  WARNING: unstable transition on `fd_a__w_1'   [by dut.CS.root.a <- 0]
[           293054911] <dut.CS.root>  WARNING: unstable transition on `fd_a__w_1'   [by dut.CS.root.a <- 0]
[           293121741] <dut.CS.right>  WARNING: unstable transition on `fd_a__w_1'   [by dut.CS.right.a <- 0]
[           293442419] <dut.US>  WARNING: unstable transition on `fd_a__w_1'   [by dut.US.a <- 0]
[           294166737] <dut.US>  WARNING: unstable transition on `fd_a__w_1'   [by dut.US.a <- 0]
[           294676025] <dut.US>  WARNING: unstable transition on `fd_a__w_1'   [by dut.US.a <- 0]
[           296367118] <dut.CS.root>  WARNING: unstable transition on `fd_a__w_1'   [by dut.CS.root.a <- 0]
[           297389193] <dut.US>  WARNING: unstable transition on `fd_a__w_1'   [by dut.US.a <- 0]
[           297670808] <dut.CS.root>  WARNING: unstable transition on `fd_a__w_1'   [by dut.CS.root.a <- 0]
[           297942102] <dut.US>  WARNING: unstable transition on `fd_a__w_1'   [by dut.US.a <- 0]
[           298152814] <dut.US>  WARNING: unstable transition on `fd_a__w_1'   [by dut.US.a <- 0]
[           298373310] <dut.US>  WARNING: unstable transition on `fd_a__w_1'   [by dut.US.a <- 0]
[           299203219] <dut.CS.root>  WARNING: unstable transition on `fd_a__w_1'   [by dut.CS.root.a <- 0]
[           299486773] <dut.US>  WARNING: unstable transition on `fd_a__w_1'   [by dut.US.a <- 0]
[           299716392] <dut.CS.left>  WARNING: unstable transition on `fd_a__w_1'   [by dut.CS.left.a <- 0]
[           299853119] <dut.US>  WARNING: unstable transition on `fd_a__w_1'   [by dut.US.a <- 0]
[           300723285] <dut.CS.root>  WARNING: unstable transition on `fd_a__w_1'   [by dut.CS.root.a <- 0]
[           302357508] <dut.US>  WARNING: unstable transition on `fd_a__w_1'   [by dut.US.a <- 0]
[           302733482] <dut.CS.root>  WARNING: unstable transition on `fd_a__w_1'   [by dut.CS.root.a <- 0]
[           302958418] <dut.CS.root>  WARNING: unstable transition on `fd_a__w_1'   [by dut.CS.root.a <- 0]
[           303441006] <dut.US>  WARNING: unstable transition on `fd_a__w_1'   [by dut.US.a <- 0]
[           304045576] <dut.CS.right>  WARNING: unstable transition on `fd_a__w_1'   [by dut.CS.right.a <- 0]
[           305882778] <dut.US>  WARNING: unstable transition on `fd_a__w_1'   [by dut.US.a <- 0]
[           306256888] <dut.CS.root>  WARNING: unstable transition on `fd_a__w_1'   [by dut.CS.root.a <- 0]
[           306271269] <dut.US>  WARNING: unstable transition on `fd_a__w_1'   [by dut.US.a <- 0]
[           306365687] <dut.CS.root>  WARNING: unstable transition on `fd_a__w_1'   [by dut.CS.root.a <- 0]
[           307035786] <dut.CS.left>  WARNING: unstable transition on `fd_a__w_1'   [by dut.CS.left.a <- 0]
[           307072447] <dut.US>  WARNING: unstable transition on `fd_a__w_1'   [by dut.US.a <- 0]
[           307664136] <dut.CS.right>  WARNING: unstable transition on `fd_a__w_1'   [by dut.CS.right.a <- 0]
[           308051750] <dut.CS.root>  WARNING: unstable transition on `fd_a__w_1'   [by dut.CS.root.a <- 0]
[           309194459] <dut.CS.right>  WARNING: unstable transition on `fd_a__w_1'   [by dut.CS.right.a <- 0]
[           309303334] <dut.US>  WARNING: unstable transition on `fd_a__w_1'   [by dut.US.a <- 0]
[           309635592] <dut.CS.root>  WARNING: unstable transition on `fd_a__w_1'   [by dut.CS.root.a <- 0]
[           310104158] <dut.US>  WARNING: unstable transition on `fd_a__w_1'   [by dut.US.a <- 0]
[           311333316] <dut.US>  WARNING: unstable transition on `fd_a__w_1'   [by dut.US.a <- 0]
[           313839454] <dut.US>  WARNING: unstable transition on `fd_a__w_1'   [by dut.US.a <- 0]
[           314439870] <dut.US>  WARNING: unstable transition on `fd_a__w_1'   [by dut.US.a <- 0]
[           314698043] <dut.CS.root>  WARNING: unstable transition on `fd_a__w_1'   [by dut.CS.root.a <- 0]
[           314976467] <dut.US>  WARNING: unstable transition on `fd_a__w_1'   [by dut.US.a <- 0]
[           315167664] <dut.CS.right>  WARNING: unstable transition on `fd_a__w_1'   [by dut.CS.right.a <- 0]
[           315444994] <dut.US>  WARNING: unstable transition on `fd_a__w_1'   [by dut.US.a <- 0]
[           315798797] <dut.US>  WARNING: unstable transition on `fd_a__w_1'   [by dut.US.a <- 0]
[           316179887] <dut.US>  WARNING: unstable transition on `fd_a__w_1'   [by dut.US.a <- 0]
[           316572208] <dut.CS.root>  WARNING: unstable transition on `fd_a__w_1'   [by dut.CS.root.a <- 0]
[           317208177] <dut.CS.root>  WARNING: unstable transition on `fd_a__w_1'   [by dut.CS.root.a <- 0]
[           319222496] <dut.CS.root>  WARNING: unstable transition on `fd_a__w_1'   [by dut.CS.root.a <- 0]
[           323301564] <dut.US>  WARNING: unstable transition on `fd_a__w_1'   [by dut.US.a <- 0]
[           323500406] <dut.US>  WARNING: unstable transition on `fd_a__w_1'   [by dut.US.a <- 0]
[           323519520] <dut.US>  WARNING: unstable transition on `fd_a__w_1'   [by dut.US.a <- 0]
[           325628210] <dut.CS.root>  WARNING: unstable transition on `fd_a__w_1'   [by dut.CS.root.a <- 0]
[           325882575] <dut.CS.left>  WARNING: unstable transition on `fd_a__w_1'   [by dut.CS.left.a <- 0]
[           328172661] <dut.US>  WARNING: unstable transition on `fd_a__w_1'   [by dut.US.a <- 0]
[           330345426] <dut.US>  WARNING: unstable transition on `fd_a__w_1'   [by dut.US.a <- 0]
[           330601266] <dut.CS.root>  WARNING: unstable transition on `fd_a__w_1'   [by dut.CS.root.a <- 0]
[           330679891] <dut.US>  WARNING: unstable transition on `fd_a__w_1'   [by dut.US.a <- 0]
[           333023484] <dut.CS.right>  WARNING: unstable transition on `fd_a__w_1'   [by dut.CS.right.a <- 0]
[           333587985] <dut.US>  WARNING: unstable transition on `fd_a__w_1'   [by dut.US.a <- 0]
[           334371339] <dut.US>  WARNING: unstable transition on `fd_a__w_1'   [by dut.US.a <- 0]
[           334502608] <dut.US>  WARNING: unstable transition on `fd_a__w_1'   [by dut.US.a <- 0]
[           334641492] <dut.US>  WARNING: unstable transition on `fd_a__w_1'   [by dut.US.a <- 0]
[           335271678] <dut.US>  WARNING: unstable transition on `fd_a__w_1'   [by dut.US.a <- 0]
[           335415342] <dut.CS.right>  WARNING: unstable transition on `fd_a__w_1'   [by dut.CS.right.a <- 0]
[           336329880] <dut.US>  WARNING: unstable transition on `fd_a__w_1'   [by dut.US.a <- 0]
[           336507623] <dut.US>  WARNING: unstable transition on `fd_a__w_1'   [by dut.US.a <- 0]
[           337181634] <dut.US>  WARNING: unstable transition on `fd_a__w_1'   [by dut.US.a <- 0]
[           337355689] <dut.CS.right>  WARNING: unstable transition on `fd_a__w_1'   [by dut.CS.right.a <- 0]
[           337679972] <dut.CS.root>  WARNING: unstable transition on `fd_a__w_1'   [by dut.CS.root.a <- 0]
[           337812122] <dut.CS.root>  WARNING: unstable transition on `fd_a__w_1'   [by dut.CS.root.a <- 0]
[           338363544] <dut.US>  WARNING: unstable transition on `fd_a__w_1'   [by dut.US.a <- 0]
[           338520553] <dut.US>  WARNING: unstable transition on `fd_a__w_1'   [by dut.US.a <- 0]
[           339407166] <dut.CS.left>  WARNING: unstable transition on `fd_a__w_1'   [by dut.CS.left.a <- 0]
[           339475812] <dut.US>  WARNING: unstable transition on `fd_a__w_1'   [by dut.US.a <- 0]
[           339674789] <dut.CS.left>  WARNING: unstable transition on `fd_a__w_1'   [by dut.CS.left.a <- 0]
[           342191698] <dut.US>  WARNING: unstable transition on `fd_a__w_1'   [by dut.US.a <- 0]
[           343052212] <dut.US>  WARNING: unstable transition on `fd_a__w_1'   [by dut.US.a <- 0]
[           343295695] <dut.CS.left>  WARNING: unstable transition on `fd_a__w_1'   [by dut.CS.left.a <- 0]
[           343363079] <dut.CS.left>  WARNING: unstable transition on `fd_a__w_1'   [by dut.CS.left.a <- 0]
[           343771737] <dut.US>  WARNING: unstable transition on `fd_a__w_1'   [by dut.US.a <- 0]
[           343888328] <dut.US>  WARNING: unstable transition on `fd_a__w_1'   [by dut.US.a <- 0]
[           344291611] <dut.US>  WARNING: unstable transition on `fd_a__w_1'   [by dut.US.a <- 0]
[           344576453] <dut.CS.root>  WARNING: unstable transition on `fd_a__w_1'   [by dut.CS.root.a <- 0]
[           344790606] <dut.US>  WARNING: unstable transition on `fd_a__w_1'   [by dut.US.a <- 0]
[           346400008] <dut.CS.root>  WARNING: unstable transition on `fd_a__w_1'   [by dut.CS.root.a <- 0]
[           348297610] <dut.CS.right>  WARNING: unstable transition on `fd_a__w_1'   [by dut.CS.right.a <- 0]
[           348365341] <dut.US>  WARNING: unstable transition on `fd_a__w_1'   [by dut.US.a <- 0]
[           348405871] <dut.CS.left>  WARNING: unstable transition on `fd_a__w_1'   [by dut.CS.left.a <- 0]
[           348512542] <dut.US>  WARNING: unstable transition on `fd_a__w_1'   [by dut.US.a <- 0]
[           348631377] <dut.CS.right>  WARNING: unstable transition on `fd_a__w_1'   [by dut.CS.right.a <- 0]
[           348662507] <dut.US>  WARNING: unstable transition on `fd_a__w_1'   [by dut.US.a <- 0]
[           348779930] <dut.US>  WARNING: unstable transition on `fd_a__w_1'   [by dut.US.a <- 0]
[           349167498] <dut.CS.root>  WARNING: unstable transition on `fd_a__w_1'   [by dut.CS.root.a <- 0]
[           349490271] <dut.CS.root>  WARNING: unstable transition on `fd_a__w_1'   [by dut.CS.root.a <- 0]
[           350439547] <dut.CS.right>  WARNING: unstable transition on `fd_a__w_1'   [by dut.CS.right.a <- 0]
[           351229399] <dut.CS.right>  WARNING: unstable transition on `fd_a__w_1'   [by dut.CS.right.a <- 0]
[           351252813] <dut.US>  WARNING: unstable transition on `fd_a__w_1'   [by dut.US.a <- 0]
[           354558757] <dut.CS.left>  WARNING: unstable transition on `fd_a__w_1'   [by dut.CS.left.a <- 0]
[           354705315] <dut.CS.left>  WARNING: unstable transition on `fd_a__w_1'   [by dut.CS.left.a <- 0]
[           354732005] <dut.US>  WARNING: unstable transition on `fd_a__w_1'   [by dut.US.a <- 0]
[           356324779] <dut.CS.right>  WARNING: unstable transition on `fd_a__w_1'   [by dut.CS.right.a <- 0]
[           357304222] <dut.US>  WARNING: unstable transition on `fd_a__w_1'   [by dut.US.a <- 0]
[           358763762] <dut.US>  WARNING: unstable transition on `fd_a__w_1'   [by dut.US.a <- 0]
[           358859760] <dut.CS.left>  WARNING: unstable transition on `fd_a__w_1'   [by dut.CS.left.a <- 0]
[           360279145] <dut.CS.right>  WARNING: unstable transition on `fd_a__w_1'   [by dut.CS.right.a <- 0]
[           361939050] <dut.US>  WARNING: unstable transition on `fd_a__w_1'   [by dut.US.a <- 0]
[           362388635] <dut.US>  WARNING: unstable transition on `fd_a__w_1'   [by dut.US.a <- 0]
[           362738755] <dut.CS.left>  WARNING: unstable transition on `fd_a__w_1'   [by dut.CS.left.a <- 0]
[           363970352] <dut.CS.right>  WARNING: unstable transition on `fd_a__w_1'   [by dut.CS.right.a <- 0]
[           365155808] <dut.CS.left>  WARNING: unstable transition on `fd_a__w_1'   [by dut.CS.left.a <- 0]
[           365501970] <dut.CS.left>  WARNING: unstable transition on `fd_a__w_1'   [by dut.CS.left.a <- 0]
[           365595778] <dut.CS.root>  WARNING: unstable transition on `fd_a__w_1'   [by dut.CS.root.a <- 0]
[           367100204] <dut.CS.left>  WARNING: unstable transition on `fd_a__w_1'   [by dut.CS.left.a <- 0]
[           367325170] <dut.CS.right>  WARNING: unstable transition on `fd_a__w_1'   [by dut.CS.right.a <- 0]
[           367755135] <dut.US>  WARNING: unstable transition on `fd_a__w_1'   [by dut.US.a <- 0]
[           367785977] <dut.CS.left>  WARNING: unstable transition on `fd_a__w_1'   [by dut.CS.left.a <- 0]
[           368391805] <dut.CS.left>  WARNING: unstable transition on `fd_a__w_1'   [by dut.CS.left.a <- 0]
[           369082602] <dut.CS.right>  WARNING: unstable transition on `fd_a__w_1'   [by dut.CS.right.a <- 0]
[           372127841] <dut.CS.right>  WARNING: unstable transition on `fd_a__w_1'   [by dut.CS.right.a <- 0]
[           372450173] <dut.CS.root>  WARNING: unstable transition on `fd_a__w_1'   [by dut.CS.root.a <- 0]
[           372493403] <dut.US>  WARNING: unstable transition on `fd_a__w_1'   [by dut.US.a <- 0]
[           373978746] <dut.CS.root>  WARNING: unstable transition on `fd_a__w_1'   [by dut.CS.root.a <- 0]
[           374125419] <dut.US>  WARNING: unstable transition on `fd_a__w_1'   [by dut.US.a <- 0]
[           374429758] <dut.CS.root>  WARNING: unstable transition on `fd_a__w_1'   [by dut.CS.root.a <- 0]
[           376479319] <dut.CS.root>  WARNING: unstable transition on `fd_a__w_1'   [by dut.CS.root.a <- 0]
[           377402231] <dut.CS.root>  WARNING: unstable transition on `fd_a__w_1'   [by dut.CS.root.a <- 0]
[           377846293] <dut.CS.root>  WARNING: unstable transition on `fd_a__w_1'   [by dut.CS.root.a <- 0]
[           378676525] <dut.US>  WARNING: unstable transition on `fd_a__w_1'   [by dut.US.a <- 0]
[           381440789] <dut.CS.root>  WARNING: unstable transition on `fd_a__w_1'   [by dut.CS.root.a <- 0]
[           381614581] <dut.CS.root>  WARNING: unstable transition on `fd_a__w_1'   [by dut.CS.root.a <- 0]
[           381745834] <dut.CS.left>  WARNING: unstable transition on `fd_a__w_1'   [by dut.CS.left.a <- 0]
[           382292560] <dut.CS.root>  WARNING: unstable transition on `fd_a__w_1'   [by dut.CS.root.a <- 0]
[           382304203] <dut.CS.right>  WARNING: unstable transition on `fd_a__w_1'   [by dut.CS.right.a <- 0]
[           382371510] <dut.CS.right>  WARNING: unstable transition on `fd_a__w_1'   [by dut.CS.right.a <- 0]
[           382693180] <dut.CS.right>  WARNING: unstable transition on `fd_a__w_1'   [by dut.CS.right.a <- 0]
[           383442481] <dut.CS.root>  WARNING: unstable transition on `fd_a__w_1'   [by dut.CS.root.a <- 0]
[           383484834] <dut.US>  WARNING: unstable transition on `fd_a__w_1'   [by dut.US.a <- 0]
[           383831022] <dut.CS.root>  WARNING: unstable transition on `fd_a__w_1'   [by dut.CS.root.a <- 0]
[           384913407] <dut.US>  WARNING: unstable transition on `fd_a__w_1'   [by dut.US.a <- 0]
[           385789990] <dut.US>  WARNING: unstable transition on `fd_a__w_1'   [by dut.US.a <- 0]
[           386249772] <dut.CS.root>  WARNING: unstable transition on `fd_a__w_1'   [by dut.CS.root.a <- 0]
[           386823070] <dut.CS.root>  WARNING: unstable transition on `fd_a__w_1'   [by dut.CS.root.a <- 0]
[           387294631] <dut.CS.left>  WARNING: unstable transition on `fd_a__w_1'   [by dut.CS.left.a <- 0]
[           388308544] <dut.CS.left>  WARNING: unstable transition on `fd_a__w_1'   [by dut.CS.left.a <- 0]
[           388912472] <dut.CS.root>  WARNING: unstable transition on `fd_a__w_1'   [by dut.CS.root.a <- 0]
[           388937365] <dut.US>  WARNING: unstable transition on `fd_a__w_1'   [by dut.US.a <- 0]
[           389454899] <dut.CS.left>  WARNING: unstable transition on `fd_a__w_1'   [by dut.CS.left.a <- 0]
[           389613046] <dut.CS.right>  WARNING: unstable transition on `fd_a__w_1'   [by dut.CS.right.a <- 0]
[           391556094] <dut.CS.root>  WARNING: unstable transition on `fd_a__w_1'   [by dut.CS.root.a <- 0]
[           392000787] <dut.CS.root>  WARNING: unstable transition on `fd_a__w_1'   [by dut.CS.root.a <- 0]
[           392405332] <dut.CS.root>  WARNING: unstable transition on `fd_a__w_1'   [by dut.CS.root.a <- 0]
[           392953951] <dut.CS.root>  WARNING: unstable transition on `fd_a__w_1'   [by dut.CS.root.a <- 0]
[           393169091] <dut.CS.root>  WARNING: unstable transition on `fd_a__w_1'   [by dut.CS.root.a <- 0]
[           393468050] <dut.US>  WARNING: unstable transition on `fd_a__w_1'   [by dut.US.a <- 0]
[           393548395] <dut.CS.root>  WARNING: unstable transition on `fd_a__w_1'   [by dut.CS.root.a <- 0]
[           393737036] <dut.CS.left>  WARNING: unstable transition on `fd_a__w_1'   [by dut.CS.left.a <- 0]
[           394610517] <dut.US>  WARNING: unstable transition on `fd_a__w_1'   [by dut.US.a <- 0]
[           395035947] <dut.US>  WARNING: unstable transition on `fd_a__w_1'   [by dut.US.a <- 0]
[           395305021] <dut.CS.root>  WARNING: unstable transition on `fd_a__w_1'   [by dut.CS.root.a <- 0]
[           395828156] <dut.CS.left>  WARNING: unstable transition on `fd_a__w_1'   [by dut.CS.left.a <- 0]
[           395987030] <dut.US>  WARNING: unstable transition on `fd_a__w_1'   [by dut.US.a <- 0]
[           396991426] <dut.CS.right>  WARNING: unstable transition on `fd_a__w_1'   [by dut.CS.right.a <- 0]
[           397636873] <dut.US>  WARNING: unstable transition on `fd_a__w_1'   [by dut.US.a <- 0]
[           397660193] <dut.CS.root>  WARNING: unstable transition on `fd_a__w_1'   [by dut.CS.root.a <- 0]
[           398332843] <dut.CS.root>  WARNING: unstable transition on `fd_a__w_1'   [by dut.CS.root.a <- 0]
[           399731978] <dut.CS.right>  WARNING: unstable transition on `fd_a__w_1'   [by dut.CS.right.a <- 0]
[           400267426] <dut.CS.root>  WARNING: unstable transition on `fd_a__w_1'   [by dut.CS.root.a <- 0]
[           400347711] <dut.CS.root>  WARNING: unstable transition on `fd_a__w_1'   [by dut.CS.root.a <- 0]
[           401420601] <dut.CS.root>  WARNING: unstable transition on `fd_a__w_1'   [by dut.CS.root.a <- 0]
[           402266982] <dut.CS.root>  WARNING: unstable transition on `fd_a__w_1'   [by dut.CS.root.a <- 0]
[           402560764] <dut.US>  WARNING: unstable transition on `fd_a__w_1'   [by dut.US.a <- 0]
[           403369353] <dut.CS.right>  WARNING: unstable transition on `fd_a__w_1'   [by dut.CS.right.a <- 0]
[           403384332] <dut.US>  WARNING: unstable transition on `fd_a__w_1'   [by dut.US.a <- 0]
[           403872171] <dut.US>  WARNING: unstable transition on `fd_a__w_1'   [by dut.US.a <- 0]
[           404057064] <dut.US>  WARNING: unstable transition on `fd_a__w_1'   [by dut.US.a <- 0]
[           404412442] <dut.CS.root>  WARNING: unstable transition on `fd_a__w_1'   [by dut.CS.root.a <- 0]
[           404504073] <dut.CS.root>  WARNING: unstable transition on `fd_a__w_1'   [by dut.CS.root.a <- 0]
[           404625285] <dut.CS.root>  WARNING: unstable transition on `fd_a__w_1'   [by dut.CS.root.a <- 0]
[           404796044] <dut.US>  WARNING: unstable transition on `fd_a__w_1'   [by dut.US.a <- 0]
[           404849804] <dut.CS.root>  WARNING: unstable transition on `fd_a__w_1'   [by dut.CS.root.a <- 0]
[           404860458] <dut.US>  WARNING: unstable transition on `fd_a__w_1'   [by dut.US.a <- 0]
[           405559120] <dut.CS.root>  WARNING: unstable transition on `fd_a__w_1'   [by dut.CS.root.a <- 0]
[           405852680] <dut.CS.root>  WARNING: unstable transition on `fd_a__w_1'   [by dut.CS.root.a <- 0]
[           406450158] <dut.CS.right>  WARNING: unstable transition on `fd_a__w_1'   [by dut.CS.right.a <- 0]
[           406746522] <dut.CS.left>  WARNING: unstable transition on `fd_a__w_1'   [by dut.CS.left.a <- 0]
[           410741365] <dut.CS.root>  WARNING: unstable transition on `fd_a__w_1'   [by dut.CS.root.a <- 0]
[           411683141] <dut.US>  WARNING: unstable transition on `fd_a__w_1'   [by dut.US.a <- 0]
[           412516768] <dut.CS.root>  WARNING: unstable transition on `fd_a__w_1'   [by dut.CS.root.a <- 0]
[           414143889] <dut.CS.root>  WARNING: unstable transition on `fd_a__w_1'   [by dut.CS.root.a <- 0]
[           414750564] <dut.CS.root>  WARNING: unstable transition on `fd_a__w_1'   [by dut.CS.root.a <- 0]
[           414853566] <dut.US>  WARNING: unstable transition on `fd_a__w_1'   [by dut.US.a <- 0]
[           414940085] <dut.US>  WARNING: unstable transition on `fd_a__w_1'   [by dut.US.a <- 0]
[           416725916] <dut.US>  WARNING: unstable transition on `fd_a__w_1'   [by dut.US.a <- 0]
[           416955618] <dut.CS.root>  WARNING: unstable transition on `fd_a__w_1'   [by dut.CS.root.a <- 0]
[           417294252] <dut.US>  WARNING: unstable transition on `fd_a__w_1'   [by dut.US.a <- 0]
[           418107140] <dut.US>  WARNING: unstable transition on `fd_a__w_1'   [by dut.US.a <- 0]
[           418118357] <dut.CS.left>  WARNING: unstable transition on `fd_a__w_1'   [by dut.CS.left.a <- 0]
[           418286346] <dut.US>  WARNING: unstable transition on `fd_a__w_1'   [by dut.US.a <- 0]
[           418841458] <dut.CS.left>  WARNING: unstable transition on `fd_a__w_1'   [by dut.CS.left.a <- 0]
[           419628522] <dut.US>  WARNING: unstable transition on `fd_a__w_1'   [by dut.US.a <- 0]
[           420070387] <dut.CS.root>  WARNING: unstable transition on `fd_a__w_1'   [by dut.CS.root.a <- 0]
[           420178912] <dut.CS.root>  WARNING: unstable transition on `fd_a__w_1'   [by dut.CS.root.a <- 0]
[           420922232] <dut.US>  WARNING: unstable transition on `fd_a__w_1'   [by dut.US.a <- 0]
[           421067820] <dut.CS.root>  WARNING: unstable transition on `fd_a__w_1'   [by dut.CS.root.a <- 0]
[           421507459] <dut.US>  WARNING: unstable transition on `fd_a__w_1'   [by dut.US.a <- 0]
[           421724579] <dut.CS.left>  WARNING: unstable transition on `fd_a__w_1'   [by dut.CS.left.a <- 0]
[           421817758] <dut.US>  WARNING: unstable transition on `fd_a__w_1'   [by dut.US.a <- 0]
[           423464266] <dut.CS.root>  WARNING: unstable transition on `fd_a__w_1'   [by dut.CS.root.a <- 0]
[           424593683] <dut.US>  WARNING: unstable transition on `fd_a__w_1'   [by dut.US.a <- 0]
[           428102536] <dut.CS.root>  WARNING: unstable transition on `fd_a__w_1'   [by dut.CS.root.a <- 0]
[           428853817] <dut.US>  WARNING: unstable transition on `fd_a__w_1'   [by dut.US.a <- 0]
[           431013693] <dut.US>  WARNING: unstable transition on `fd_a__w_1'   [by dut.US.a <- 0]
[           431267784] <dut.CS.root>  WARNING: unstable transition on `fd_a__w_1'   [by dut.CS.root.a <- 0]
[           432109618] <dut.US>  WARNING: unstable transition on `fd_a__w_1'   [by dut.US.a <- 0]
[           433650464] <dut.US>  WARNING: unstable transition on `fd_a__w_1'   [by dut.US.a <- 0]
[           433873208] <dut.CS.left>  WARNING: unstable transition on `fd_a__w_1'   [by dut.CS.left.a <- 0]
[           433899345] <dut.US>  WARNING: unstable transition on `fd_a__w_1'   [by dut.US.a <- 0]
[           434086084] <dut.CS.root>  WARNING: unstable transition on `fd_a__w_1'   [by dut.CS.root.a <- 0]
[           434365937] <dut.CS.right>  WARNING: unstable transition on `fd_a__w_1'   [by dut.CS.right.a <- 0]
[           435037259] <dut.CS.right>  WARNING: unstable transition on `fd_a__w_1'   [by dut.CS.right.a <- 0]
[           435249574] <dut.CS.root>  WARNING: unstable transition on `fd_a__w_1'   [by dut.CS.root.a <- 0]
[           435963773] <dut.CS.left>  WARNING: unstable transition on `fd_a__w_1'   [by dut.CS.left.a <- 0]
[           435977248] <dut.US>  WARNING: unstable transition on `fd_a__w_1'   [by dut.US.a <- 0]
[           436287143] <dut.CS.left>  WARNING: unstable transition on `fd_a__w_1'   [by dut.CS.left.a <- 0]
[           437379730] <dut.CS.root>  WARNING: unstable transition on `fd_a__w_1'   [by dut.CS.root.a <- 0]
[           437503035] <dut.CS.root>  WARNING: unstable transition on `fd_a__w_1'   [by dut.CS.root.a <- 0]
[           438798962] <dut.US>  WARNING: unstable transition on `fd_a__w_1'   [by dut.US.a <- 0]
[           440287195] <dut.CS.root>  WARNING: unstable transition on `fd_a__w_1'   [by dut.CS.root.a <- 0]
[           440299333] <dut.CS.root>  WARNING: unstable transition on `fd_a__w_1'   [by dut.CS.root.a <- 0]
[           440942900] <dut.US>  WARNING: unstable transition on `fd_a__w_1'   [by dut.US.a <- 0]
[           441410665] <dut.CS.left>  WARNING: unstable transition on `fd_a__w_1'   [by dut.CS.left.a <- 0]
[           441772832] <dut.CS.root>  WARNING: unstable transition on `fd_a__w_1'   [by dut.CS.root.a <- 0]
[           442326624] <dut.US>  WARNING: unstable transition on `fd_a__w_1'   [by dut.US.a <- 0]
[           443760595] <dut.US>  WARNING: unstable transition on `fd_a__w_1'   [by dut.US.a <- 0]
[           444566333] <dut.CS.root>  WARNING: unstable transition on `fd_a__w_1'   [by dut.CS.root.a <- 0]
[           444822276] <dut.CS.left>  WARNING: unstable transition on `fd_a__w_1'   [by dut.CS.left.a <- 0]
[           444859708] <dut.CS.root>  WARNING: unstable transition on `fd_a__w_1'   [by dut.CS.root.a <- 0]
[           445250476] <dut.CS.root>  WARNING: unstable transition on `fd_a__w_1'   [by dut.CS.root.a <- 0]
[           445538203] <dut.US>  WARNING: unstable transition on `fd_a__w_1'   [by dut.US.a <- 0]
[           445623847] <dut.CS.left>  WARNING: unstable transition on `fd_a__w_1'   [by dut.CS.left.a <- 0]
[           445770732] <dut.CS.left>  WARNING: unstable transition on `fd_a__w_1'   [by dut.CS.left.a <- 0]
[           446384176] <dut.CS.right>  WARNING: unstable transition on `fd_a__w_1'   [by dut.CS.right.a <- 0]
[           446384462] <dut.CS.root>  WARNING: unstable transition on `fd_a__w_1'   [by dut.CS.root.a <- 0]
[           446437793] <dut.CS.left>  WARNING: unstable transition on `fd_a__w_1'   [by dut.CS.left.a <- 0]
[           446933329] <dut.CS.root>  WARNING: unstable transition on `fd_a__w_1'   [by dut.CS.root.a <- 0]
[           447123235] <dut.US>  WARNING: unstable transition on `fd_a__w_1'   [by dut.US.a <- 0]
[           447749711] <dut.US>  WARNING: unstable transition on `fd_a__w_1'   [by dut.US.a <- 0]
[           448480172] <dut.US>  WARNING: unstable transition on `fd_a__w_1'   [by dut.US.a <- 0]
[           448671988] <dut.CS.root>  WARNING: unstable transition on `fd_a__w_1'   [by dut.CS.root.a <- 0]
[           448701134] <dut.CS.root>  WARNING: unstable transition on `fd_a__w_1'   [by dut.CS.root.a <- 0]
[           449062855] <dut.CS.root>  WARNING: unstable transition on `fd_a__w_1'   [by dut.CS.root.a <- 0]
[           449439457] <dut.CS.root>  WARNING: unstable transition on `fd_a__w_1'   [by dut.CS.root.a <- 0]
[           450323982] <dut.CS.left>  WARNING: unstable transition on `fd_a__w_1'   [by dut.CS.left.a <- 0]
[           450536064] <dut.CS.root>  WARNING: unstable transition on `fd_a__w_1'   [by dut.CS.root.a <- 0]
[           450713119] <dut.CS.root>  WARNING: unstable transition on `fd_a__w_1'   [by dut.CS.root.a <- 0]
[           450828297] <dut.US>  WARNING: unstable transition on `fd_a__w_1'   [by dut.US.a <- 0]
[           450859505] <dut.US>  WARNING: unstable transition on `fd_a__w_1'   [by dut.US.a <- 0]
[           450884198] <dut.US>  WARNING: unstable transition on `fd_a__w_1'   [by dut.US.a <- 0]
[           452866968] <dut.CS.root>  WARNING: unstable transition on `fd_a__w_1'   [by dut.CS.root.a <- 0]
[           453687389] <dut.CS.root>  WARNING: unstable transition on `fd_a__w_1'   [by dut.CS.root.a <- 0]
[           453767157] <dut.CS.right>  WARNING: unstable transition on `fd_a__w_1'   [by dut.CS.right.a <- 0]
[           453983691] <dut.US>  WARNING: unstable transition on `fd_a__w_1'   [by dut.US.a <- 0]
[           454115150] <dut.US>  WARNING: unstable transition on `fd_a__w_1'   [by dut.US.a <- 0]
[           455765316] <dut.CS.root>  WARNING: unstable transition on `fd_a__w_1'   [by dut.CS.root.a <- 0]
[           455807512] <dut.US>  WARNING: unstable transition on `fd_a__w_1'   [by dut.US.a <- 0]
[           456961621] <dut.CS.root>  WARNING: unstable transition on `fd_a__w_1'   [by dut.CS.root.a <- 0]
[           457875286] <dut.US>  WARNING: unstable transition on `fd_a__w_1'   [by dut.US.a <- 0]
[           457981279] <dut.CS.right>  WARNING: unstable transition on `fd_a__w_1'   [by dut.CS.right.a <- 0]
[           458025382] <dut.US>  WARNING: unstable transition on `fd_a__w_1'   [by dut.US.a <- 0]
[           458761730] <dut.US>  WARNING: unstable transition on `fd_a__w_1'   [by dut.US.a <- 0]
[           459446099] <dut.US>  WARNING: unstable transition on `fd_a__w_1'   [by dut.US.a <- 0]
[           459804334] <dut.CS.right>  WARNING: unstable transition on `fd_a__w_1'   [by dut.CS.right.a <- 0]
[           459870625] <dut.CS.right>  WARNING: unstable transition on `fd_a__w_1'   [by dut.CS.right.a <- 0]
[           460402524] <dut.CS.right>  WARNING: unstable transition on `fd_a__w_1'   [by dut.CS.right.a <- 0]
[           460753037] <dut.US>  WARNING: unstable transition on `fd_a__w_1'   [by dut.US.a <- 0]
[           460768638] <dut.US>  WARNING: unstable transition on `fd_a__w_1'   [by dut.US.a <- 0]
[           461060502] <dut.CS.right>  WARNING: unstable transition on `fd_a__w_1'   [by dut.CS.right.a <- 0]
[           461419489] <dut.US>  WARNING: unstable transition on `fd_a__w_1'   [by dut.US.a <- 0]
[           461463298] <dut.US>  WARNING: unstable transition on `fd_a__w_1'   [by dut.US.a <- 0]
[           462938919] <dut.CS.right>  WARNING: unstable transition on `fd_a__w_1'   [by dut.CS.right.a <- 0]
[           463424260] <dut.CS.right>  WARNING: unstable transition on `fd_a__w_1'   [by dut.CS.right.a <- 0]
[           463836786] <dut.US>  WARNING: unstable transition on `fd_a__w_1'   [by dut.US.a <- 0]
[           464026761] <dut.CS.root>  WARNING: unstable transition on `fd_a__w_1'   [by dut.CS.root.a <- 0]
[           464094146] <dut.CS.root>  WARNING: unstable transition on `fd_a__w_1'   [by dut.CS.root.a <- 0]
[           465314913] <dut.US>  WARNING: unstable transition on `fd_a__w_1'   [by dut.US.a <- 0]
[           465334678] <dut.US>  WARNING: unstable transition on `fd_a__w_1'   [by dut.US.a <- 0]
[           466218320] <dut.CS.root>  WARNING: unstable transition on `fd_a__w_1'   [by dut.CS.root.a <- 0]
[           466352110] <dut.US>  WARNING: unstable transition on `fd_a__w_1'   [by dut.US.a <- 0]
[           466521350] <dut.US>  WARNING: unstable transition on `fd_a__w_1'   [by dut.US.a <- 0]
[           466541259] <dut.CS.root>  WARNING: unstable transition on `fd_a__w_1'   [by dut.CS.root.a <- 0]
[           467367908] <dut.US>  WARNING: unstable transition on `fd_a__w_1'   [by dut.US.a <- 0]
[           467681243] <dut.US>  WARNING: unstable transition on `fd_a__w_1'   [by dut.US.a <- 0]
[           467918377] <dut.CS.right>  WARNING: unstable transition on `fd_a__w_1'   [by dut.CS.right.a <- 0]
[           469092216] <dut.CS.left>  WARNING: unstable transition on `fd_a__w_1'   [by dut.CS.left.a <- 0]
[           469266419] <dut.CS.root>  WARNING: unstable transition on `fd_a__w_1'   [by dut.CS.root.a <- 0]
[           469431955] <dut.CS.root>  WARNING: unstable transition on `fd_a__w_1'   [by dut.CS.root.a <- 0]
[           469523555] <dut.US>  WARNING: unstable transition on `fd_a__w_1'   [by dut.US.a <- 0]
[           469613617] <dut.US>  WARNING: unstable transition on `fd_a__w_1'   [by dut.US.a <- 0]
[           469645539] <dut.CS.root>  WARNING: unstable transition on `fd_a__w_1'   [by dut.CS.root.a <- 0]
[           470383305] <dut.US>  WARNING: unstable transition on `fd_a__w_1'   [by dut.US.a <- 0]
[           470450042] <dut.US>  WARNING: unstable transition on `fd_a__w_1'   [by dut.US.a <- 0]
[           470580849] <dut.CS.root>  WARNING: unstable transition on `fd_a__w_1'   [by dut.CS.root.a <- 0]
[           471774656] <dut.US>  WARNING: unstable transition on `fd_a__w_1'   [by dut.US.a <- 0]
[           472091040] <dut.US>  WARNING: unstable transition on `fd_a__w_1'   [by dut.US.a <- 0]
[           472240480] <dut.CS.root>  WARNING: unstable transition on `fd_a__w_1'   [by dut.CS.root.a <- 0]
[           472412965] <dut.US>  WARNING: unstable transition on `fd_a__w_1'   [by dut.US.a <- 0]
[           472843854] <dut.CS.root>  WARNING: unstable transition on `fd_a__w_1'   [by dut.CS.root.a <- 0]
[           473014339] <dut.CS.root>  WARNING: unstable transition on `fd_a__w_1'   [by dut.CS.root.a <- 0]
[           474271593] <dut.US>  WARNING: unstable transition on `fd_a__w_1'   [by dut.US.a <- 0]
[           475325500] <dut.CS.left>  WARNING: unstable transition on `fd_a__w_1'   [by dut.CS.left.a <- 0]
[           476569279] <dut.US>  WARNING: unstable transition on `fd_a__w_1'   [by dut.US.a <- 0]
[           476783758] <dut.CS.left>  WARNING: unstable transition on `fd_a__w_1'   [by dut.CS.left.a <- 0]
[           476821029] <dut.CS.root>  WARNING: unstable transition on `fd_a__w_1'   [by dut.CS.root.a <- 0]
[           477793641] <dut.CS.left>  WARNING: unstable transition on `fd_a__w_1'   [by dut.CS.left.a <- 0]
[           477886810] <dut.CS.root>  WARNING: unstable transition on `fd_a__w_1'   [by dut.CS.root.a <- 0]
[           479005898] <dut.CS.left>  WARNING: unstable transition on `fd_a__w_1'   [by dut.CS.left.a <- 0]
[           479968690] <dut.CS.right>  WARNING: unstable transition on `fd_a__w_1'   [by dut.CS.right.a <- 0]
[           480906705] <dut.CS.root>  WARNING: unstable transition on `fd_a__w_1'   [by dut.CS.root.a <- 0]
[           481272762] <dut.US>  WARNING: unstable transition on `fd_a__w_1'   [by dut.US.a <- 0]
[           483021965] <dut.US>  WARNING: unstable transition on `fd_a__w_1'   [by dut.US.a <- 0]
[           483236524] <dut.CS.root>  WARNING: unstable transition on `fd_a__w_1'   [by dut.CS.root.a <- 0]
[           483653605] <dut.CS.root>  WARNING: unstable transition on `fd_a__w_1'   [by dut.CS.root.a <- 0]
[           483683837] <dut.US>  WARNING: unstable transition on `fd_a__w_1'   [by dut.US.a <- 0]
[           484258804] <dut.CS.right>  WARNING: unstable transition on `fd_a__w_1'   [by dut.CS.right.a <- 0]
[           484673374] <dut.US>  WARNING: unstable transition on `fd_a__w_1'   [by dut.US.a <- 0]
[           486150940] <dut.US>  WARNING: unstable transition on `fd_a__w_1'   [by dut.US.a <- 0]
[           486504082] <dut.US>  WARNING: unstable transition on `fd_a__w_1'   [by dut.US.a <- 0]
[           486999383] <dut.US>  WARNING: unstable transition on `fd_a__w_1'   [by dut.US.a <- 0]
[           487334544] <dut.US>  WARNING: unstable transition on `fd_a__w_1'   [by dut.US.a <- 0]
[           489524183] <dut.CS.left>  WARNING: unstable transition on `fd_a__w_1'   [by dut.CS.left.a <- 0]
[           489683387] <dut.CS.right>  WARNING: unstable transition on `fd_a__w_1'   [by dut.CS.right.a <- 0]
[           489710376] <dut.US>  WARNING: unstable transition on `fd_a__w_1'   [by dut.US.a <- 0]
[           489749308] <dut.CS.right>  WARNING: unstable transition on `fd_a__w_1'   [by dut.CS.right.a <- 0]
[           490096909] <dut.CS.right>  WARNING: unstable transition on `fd_a__w_1'   [by dut.CS.right.a <- 0]
[           490287185] <dut.CS.root>  WARNING: unstable transition on `fd_a__w_1'   [by dut.CS.root.a <- 0]
[           490378330] <dut.US>  WARNING: unstable transition on `fd_a__w_1'   [by dut.US.a <- 0]
[           490448758] <dut.US>  WARNING: unstable transition on `fd_a__w_1'   [by dut.US.a <- 0]
[           491612125] <dut.CS.root>  WARNING: unstable transition on `fd_a__w_1'   [by dut.CS.root.a <- 0]
[           493371270] <dut.CS.root>  WARNING: unstable transition on `fd_a__w_1'   [by dut.CS.root.a <- 0]
[           495292570] <dut.CS.left>  WARNING: unstable transition on `fd_a__w_1'   [by dut.CS.left.a <- 0]
[           495478771] <dut.US>  WARNING: unstable transition on `fd_a__w_1'   [by dut.US.a <- 0]
[           495748404] <dut.US>  WARNING: unstable transition on `fd_a__w_1'   [by dut.US.a <- 0]
[           496268498] <dut.CS.right>  WARNING: unstable transition on `fd_a__w_1'   [by dut.CS.right.a <- 0]
[           496865519] <dut.US>  WARNING: unstable transition on `fd_a__w_1'   [by dut.US.a <- 0]
[           496934005] <dut.US>  WARNING: unstable transition on `fd_a__w_1'   [by dut.US.a <- 0]
[           498542478] <dut.CS.root>  WARNING: unstable transition on `fd_a__w_1'   [by dut.CS.root.a <- 0]
[           498788569] <dut.CS.root>  WARNING: unstable transition on `fd_a__w_1'   [by dut.CS.root.a <- 0]
[           499954286] <dut.US>  WARNING: unstable transition on `fd_a__w_1'   [by dut.US.a <- 0]
TB_STRESS_END 500009999
[           500057093] <driver>  PASSED: rounds=7456
TB_FINAL
done: 1
fail: 0
rounds: 7456  (0x1d20)
TB_PROGRESS_BEGIN
issued: 7456  (0x1d20)
tx_count: 104384  (0x197c0)
tx_last: 4294967135  (0xffffff5f)
tx_next: 0  (0x0)
rx_count[0]: 14912  (0x3a40)
rx_last[0]: 4294967055  (0xffffff0f)
rx_next[0]: 4294909710  (0xffff1f0e)
rx_count[1]: 14912  (0x3a40)
rx_last[1]: 4294967071  (0xffffff1f)
rx_next[1]: 4294909726  (0xffff1f1e)
rx_count[2]: 14912  (0x3a40)
rx_last[2]: 4294967087  (0xffffff2f)
rx_next[2]: 4294909742  (0xffff1f2e)
rx_count[3]: 14912  (0x3a40)
rx_last[3]: 4294967103  (0xffffff3f)
rx_next[3]: 4294909758  (0xffff1f3e)
rx_count[4]: 14912  (0x3a40)
rx_last[4]: 4294967135  (0xffffff5f)
rx_next[4]: 4294967134  (0xffffff5e)
rx_count[5]: 22368  (0x5760)
rx_last[5]: 4294967119  (0xffffff4f)
rx_next[5]: 4294958926  (0xffffdf4e)
TB_PROGRESS_END
TB_X_BEGIN
TB_X_END
TB_COMPLETION_ASSERTIONS
