WARNING: SubsystemCheck<5,{4294967118,4294967118,4294967119,4294967132,4294967135},4>: substituting chp model (requested prs, not found)
WARNING: ParentRouterDriver<>: substituting chp model (requested prs, not found)
WARNING: SubsystemCheck<2,{4294942524,4294967103},3>: substituting chp model (requested prs, not found)
WARNING: TbFailure<6>: substituting chp model (requested prs, not found)
WARNING: SubsystemCheck<2,{4294942508,4294967087},2>: substituting chp model (requested prs, not found)
WARNING: SubsystemCheck<2,{4294942476,4294967055},0>: substituting chp model (requested prs, not found)
WARNING: SubsystemCheck<2,{4294942492,4294967071},1>: substituting chp model (requested prs, not found)
TB_RANDOM_CHOICE off
TB_WARNING_POLICY resume-on-warn
TB_STRESS_BEGIN 10000
[               14817] <check_C3>  TB_RX channel=3 count=1 value=4294942524
[               16398] <driver>  TB_TX count=1 value=4294967100
[               20048] <check_C3>  TB_RX channel=3 count=2 value=4294967103
[               22329] <driver>  TB_TX count=2 value=4294967103
[               26396] <check_C2>  TB_RX channel=2 count=1 value=4294942508
[               28313] <driver>  TB_TX count=3 value=3221225260
[               32256] <check_C2>  TB_RX channel=2 count=2 value=4294967087
[               34287] <driver>  TB_TX count=4 value=4294967087
[               38529] <check_C1>  TB_RX channel=1 count=1 value=4294942492
[               40828] <driver>  TB_TX count=5 value=2147483420
[               44492] <check_C1>  TB_RX channel=1 count=2 value=4294967071
[               46787] <driver>  TB_TX count=6 value=4294967071
[               50989] <check_C0>  TB_RX channel=0 count=1 value=4294942476
[               52993] <driver>  TB_TX count=7 value=1073741580
[               56915] <check_C0>  TB_RX channel=0 count=2 value=4294967055
[               59054] <driver>  TB_TX count=8 value=4294967055
[               62119] <check_M>  TB_RX channel=4 count=1 value=4294967118
[               62550] <driver>  TB_TX count=9 value=4294967118
[               64885] <check_M>  TB_RX channel=4 count=2 value=4294967118
[               65314] <driver>  TB_TX count=10 value=4294967118
[               67509] <check_M>  TB_RX channel=4 count=3 value=4294967119
[               68017] <driver>  TB_TX count=11 value=4294967119
[               70858] <driver>  TB_TX count=12 value=2147491676
[               73968] <check_M>  TB_RX channel=4 count=4 value=4294967132
[               75009] <driver>  TB_TX count=13 value=4294967132
[               78087] <check_M>  TB_RX channel=4 count=5 value=4294967135
[               79262] <driver>  TB_TX count=14 value=4294967135
[              602296] <dut.CS.root>  WARNING: unstable transition on `fd_a__w_1'   [by dut.CS.root.a <- 0]
[             2262400] <dut.CS.root>  WARNING: unstable transition on `fd_a__w_1'   [by dut.CS.root.a <- 0]
[             5680710] <dut.CS.root>  WARNING: unstable transition on `fd_a__w_1'   [by dut.CS.root.a <- 0]
[             7634203] <dut.CS.left>  WARNING: unstable transition on `fd_a__w_1'   [by dut.CS.left.a <- 0]
[             8412249] <dut.CS.right>  WARNING: unstable transition on `fd_a__w_1'   [by dut.CS.right.a <- 0]
[             8424313] <dut.CS.right>  WARNING: unstable transition on `fd_a__w_1'   [by dut.CS.right.a <- 0]
[             9149661] <dut.CS.root>  WARNING: unstable transition on `fd_a__w_1'   [by dut.CS.root.a <- 0]
[             9632894] <dut.CS.left>  WARNING: unstable transition on `fd_a__w_1'   [by dut.CS.left.a <- 0]
[            11432172] <dut.CS.root>  WARNING: unstable transition on `fd_a__w_1'   [by dut.CS.root.a <- 0]
[            13524508] <dut.CS.left>  WARNING: unstable transition on `fd_a__w_1'   [by dut.CS.left.a <- 0]
[            13802869] <dut.CS.left>  WARNING: unstable transition on `fd_a__w_1'   [by dut.CS.left.a <- 0]
[            16703647] <dut.CS.left>  WARNING: unstable transition on `fd_a__w_1'   [by dut.CS.left.a <- 0]
[            17349864] <dut.CS.root>  WARNING: unstable transition on `fd_a__w_1'   [by dut.CS.root.a <- 0]
[            19914424] <dut.CS.right>  WARNING: unstable transition on `fd_a__w_1'   [by dut.CS.right.a <- 0]
[            20964302] <dut.CS.right>  WARNING: unstable transition on `fd_a__w_1'   [by dut.CS.right.a <- 0]
[            21274238] <dut.CS.left>  WARNING: unstable transition on `fd_a__w_1'   [by dut.CS.left.a <- 0]
[            21286183] <dut.CS.left>  WARNING: unstable transition on `fd_a__w_1'   [by dut.CS.left.a <- 0]
[            21425035] <dut.CS.root>  WARNING: unstable transition on `fd_a__w_1'   [by dut.CS.root.a <- 0]
[            21632905] <dut.CS.root>  WARNING: unstable transition on `fd_a__w_1'   [by dut.CS.root.a <- 0]
[            22187029] <dut.CS.root>  WARNING: unstable transition on `fd_a__w_1'   [by dut.CS.root.a <- 0]
[            23228687] <dut.CS.left>  WARNING: unstable transition on `fd_a__w_1'   [by dut.CS.left.a <- 0]
[            25377747] <dut.CS.root>  WARNING: unstable transition on `fd_a__w_1'   [by dut.CS.root.a <- 0]
[            26160648] <dut.CS.root>  WARNING: unstable transition on `fd_a__w_1'   [by dut.CS.root.a <- 0]
[            27040494] <dut.CS.root>  WARNING: unstable transition on `fd_a__w_1'   [by dut.CS.root.a <- 0]
[            28787535] <dut.CS.right>  WARNING: unstable transition on `fd_a__w_1'   [by dut.CS.right.a <- 0]
[            31414680] <dut.CS.root>  WARNING: unstable transition on `fd_a__w_1'   [by dut.CS.root.a <- 0]
[            31865190] <dut.CS.root>  WARNING: unstable transition on `fd_a__w_1'   [by dut.CS.root.a <- 0]
[            32381681] <dut.CS.right>  WARNING: unstable transition on `fd_a__w_1'   [by dut.CS.right.a <- 0]
[            35556057] <dut.CS.right>  WARNING: unstable transition on `fd_a__w_1'   [by dut.CS.right.a <- 0]
[            37822132] <dut.CS.root>  WARNING: unstable transition on `fd_a__w_1'   [by dut.CS.root.a <- 0]
[            38400156] <dut.CS.root>  WARNING: unstable transition on `fd_a__w_1'   [by dut.CS.root.a <- 0]
[            40478447] <dut.CS.right>  WARNING: unstable transition on `fd_a__w_1'   [by dut.CS.right.a <- 0]
[            40591049] <dut.CS.left>  WARNING: unstable transition on `fd_a__w_1'   [by dut.CS.left.a <- 0]
[            41147254] <dut.CS.left>  WARNING: unstable transition on `fd_a__w_1'   [by dut.CS.left.a <- 0]
[            42274185] <dut.CS.right>  WARNING: unstable transition on `fd_a__w_1'   [by dut.CS.right.a <- 0]
[            43858202] <dut.CS.root>  WARNING: unstable transition on `fd_a__w_1'   [by dut.CS.root.a <- 0]
[            43985037] <dut.CS.left>  WARNING: unstable transition on `fd_a__w_1'   [by dut.CS.left.a <- 0]
[            45115567] <dut.CS.root>  WARNING: unstable transition on `fd_a__w_1'   [by dut.CS.root.a <- 0]
[            45586352] <dut.CS.left>  WARNING: unstable transition on `fd_a__w_1'   [by dut.CS.left.a <- 0]
[            46860127] <dut.CS.right>  WARNING: unstable transition on `fd_a__w_1'   [by dut.CS.right.a <- 0]
[            47401730] <dut.CS.right>  WARNING: unstable transition on `fd_a__w_1'   [by dut.CS.right.a <- 0]
[            48626457] <dut.CS.root>  WARNING: unstable transition on `fd_a__w_1'   [by dut.CS.root.a <- 0]
[            49004516] <dut.CS.root>  WARNING: unstable transition on `fd_a__w_1'   [by dut.CS.root.a <- 0]
[            51139950] <dut.CS.right>  WARNING: unstable transition on `fd_a__w_1'   [by dut.CS.right.a <- 0]
[            51322736] <dut.CS.left>  WARNING: unstable transition on `fd_a__w_1'   [by dut.CS.left.a <- 0]
[            53766114] <dut.CS.root>  WARNING: unstable transition on `fd_a__w_1'   [by dut.CS.root.a <- 0]
[            54469156] <dut.CS.root>  WARNING: unstable transition on `fd_a__w_1'   [by dut.CS.root.a <- 0]
[            55076764] <dut.CS.left>  WARNING: unstable transition on `fd_a__w_1'   [by dut.CS.left.a <- 0]
[            55830785] <dut.CS.left>  WARNING: unstable transition on `fd_a__w_1'   [by dut.CS.left.a <- 0]
[            55831111] <dut.CS.root>  WARNING: unstable transition on `fd_a__w_1'   [by dut.CS.root.a <- 0]
[            60218086] <dut.CS.right>  WARNING: unstable transition on `fd_a__w_1'   [by dut.CS.right.a <- 0]
[            60988051] <dut.CS.right>  WARNING: unstable transition on `fd_a__w_1'   [by dut.CS.right.a <- 0]
[            63452943] <dut.CS.left>  WARNING: unstable transition on `fd_a__w_1'   [by dut.CS.left.a <- 0]
[            63615247] <dut.CS.right>  WARNING: unstable transition on `fd_a__w_1'   [by dut.CS.right.a <- 0]
[            64205027] <dut.CS.left>  WARNING: unstable transition on `fd_a__w_1'   [by dut.CS.left.a <- 0]
[            64550631] <dut.CS.root>  WARNING: unstable transition on `fd_a__w_1'   [by dut.CS.root.a <- 0]
[            66762916] <dut.CS.root>  WARNING: unstable transition on `fd_a__w_1'   [by dut.CS.root.a <- 0]
[            69330524] <dut.CS.root>  WARNING: unstable transition on `fd_a__w_1'   [by dut.CS.root.a <- 0]
[            69399980] <dut.CS.left>  WARNING: unstable transition on `fd_a__w_1'   [by dut.CS.left.a <- 0]
[            70435723] <dut.CS.root>  WARNING: unstable transition on `fd_a__w_1'   [by dut.CS.root.a <- 0]
[            70599467] <dut.CS.root>  WARNING: unstable transition on `fd_a__w_1'   [by dut.CS.root.a <- 0]
[            71816093] <dut.CS.left>  WARNING: unstable transition on `fd_a__w_1'   [by dut.CS.left.a <- 0]
[            72941106] <dut.CS.root>  WARNING: unstable transition on `fd_a__w_1'   [by dut.CS.root.a <- 0]
[            73021586] <dut.CS.right>  WARNING: unstable transition on `fd_a__w_1'   [by dut.CS.right.a <- 0]
[            73657781] <dut.CS.root>  WARNING: unstable transition on `fd_a__w_1'   [by dut.CS.root.a <- 0]
[            73758348] <dut.CS.root>  WARNING: unstable transition on `fd_a__w_1'   [by dut.CS.root.a <- 0]
[            75179511] <dut.CS.right>  WARNING: unstable transition on `fd_a__w_1'   [by dut.CS.right.a <- 0]
[            76950412] <dut.CS.root>  WARNING: unstable transition on `fd_a__w_1'   [by dut.CS.root.a <- 0]
[            77390265] <dut.CS.root>  WARNING: unstable transition on `fd_a__w_1'   [by dut.CS.root.a <- 0]
[            77767910] <dut.CS.root>  WARNING: unstable transition on `fd_a__w_1'   [by dut.CS.root.a <- 0]
[            77917575] <dut.CS.left>  WARNING: unstable transition on `fd_a__w_1'   [by dut.CS.left.a <- 0]
[            78744177] <dut.CS.left>  WARNING: unstable transition on `fd_a__w_1'   [by dut.CS.left.a <- 0]
[            80252584] <dut.CS.root>  WARNING: unstable transition on `fd_a__w_1'   [by dut.CS.root.a <- 0]
[            80288792] <dut.CS.right>  WARNING: unstable transition on `fd_a__w_1'   [by dut.CS.right.a <- 0]
[            81949470] <dut.CS.root>  WARNING: unstable transition on `fd_a__w_1'   [by dut.CS.root.a <- 0]
[            82051546] <dut.CS.root>  WARNING: unstable transition on `fd_a__w_1'   [by dut.CS.root.a <- 0]
[            82156509] <dut.CS.root>  WARNING: unstable transition on `fd_a__w_1'   [by dut.CS.root.a <- 0]
[            82755211] <dut.CS.left>  WARNING: unstable transition on `fd_a__w_1'   [by dut.CS.left.a <- 0]
[            83263948] <dut.CS.root>  WARNING: unstable transition on `fd_a__w_1'   [by dut.CS.root.a <- 0]
[            84686910] <dut.CS.root>  WARNING: unstable transition on `fd_a__w_1'   [by dut.CS.root.a <- 0]
[            85451796] <dut.CS.left>  WARNING: unstable transition on `fd_a__w_1'   [by dut.CS.left.a <- 0]
[            85866556] <dut.CS.root>  WARNING: unstable transition on `fd_a__w_1'   [by dut.CS.root.a <- 0]
[            87685941] <dut.CS.right>  WARNING: unstable transition on `fd_a__w_1'   [by dut.CS.right.a <- 0]
[            87730884] <dut.CS.left>  WARNING: unstable transition on `fd_a__w_1'   [by dut.CS.left.a <- 0]
[            87906982] <dut.CS.right>  WARNING: unstable transition on `fd_a__w_1'   [by dut.CS.right.a <- 0]
[            89358788] <dut.CS.right>  WARNING: unstable transition on `fd_a__w_1'   [by dut.CS.right.a <- 0]
[            89426959] <dut.CS.right>  WARNING: unstable transition on `fd_a__w_1'   [by dut.CS.right.a <- 0]
[            89770829] <dut.CS.right>  WARNING: unstable transition on `fd_a__w_1'   [by dut.CS.right.a <- 0]
[            90856565] <dut.CS.root>  WARNING: unstable transition on `fd_a__w_1'   [by dut.CS.root.a <- 0]
[            92598126] <dut.CS.root>  WARNING: unstable transition on `fd_a__w_1'   [by dut.CS.root.a <- 0]
[            93430246] <dut.CS.left>  WARNING: unstable transition on `fd_a__w_1'   [by dut.CS.left.a <- 0]
[            94700513] <dut.CS.root>  WARNING: unstable transition on `fd_a__w_1'   [by dut.CS.root.a <- 0]
[            95931349] <dut.CS.root>  WARNING: unstable transition on `fd_a__w_1'   [by dut.CS.root.a <- 0]
[           100098981] <dut.CS.root>  WARNING: unstable transition on `fd_a__w_1'   [by dut.CS.root.a <- 0]
[           106171740] <dut.CS.root>  WARNING: unstable transition on `fd_a__w_1'   [by dut.CS.root.a <- 0]
[           107063701] <dut.CS.left>  WARNING: unstable transition on `fd_a__w_1'   [by dut.CS.left.a <- 0]
[           107368966] <dut.CS.root>  WARNING: unstable transition on `fd_a__w_1'   [by dut.CS.root.a <- 0]
[           110562542] <dut.CS.right>  WARNING: unstable transition on `fd_a__w_1'   [by dut.CS.right.a <- 0]
[           114430035] <dut.CS.right>  WARNING: unstable transition on `fd_a__w_1'   [by dut.CS.right.a <- 0]
[           115963296] <dut.CS.root>  WARNING: unstable transition on `fd_a__w_1'   [by dut.CS.root.a <- 0]
[           116616021] <dut.CS.root>  WARNING: unstable transition on `fd_a__w_1'   [by dut.CS.root.a <- 0]
[           117583494] <dut.CS.root>  WARNING: unstable transition on `fd_a__w_1'   [by dut.CS.root.a <- 0]
[           118354730] <dut.CS.left>  WARNING: unstable transition on `fd_a__w_1'   [by dut.CS.left.a <- 0]
[           118797380] <dut.CS.root>  WARNING: unstable transition on `fd_a__w_1'   [by dut.CS.root.a <- 0]
[           118842445] <dut.CS.root>  WARNING: unstable transition on `fd_a__w_1'   [by dut.CS.root.a <- 0]
[           121336501] <dut.CS.left>  WARNING: unstable transition on `fd_a__w_1'   [by dut.CS.left.a <- 0]
[           122788944] <dut.CS.left>  WARNING: unstable transition on `fd_a__w_1'   [by dut.CS.left.a <- 0]
[           122845074] <dut.CS.left>  WARNING: unstable transition on `fd_a__w_1'   [by dut.CS.left.a <- 0]
[           123958063] <dut.CS.root>  WARNING: unstable transition on `fd_a__w_1'   [by dut.CS.root.a <- 0]
[           124602079] <dut.CS.root>  WARNING: unstable transition on `fd_a__w_1'   [by dut.CS.root.a <- 0]
[           126530962] <dut.CS.left>  WARNING: unstable transition on `fd_a__w_1'   [by dut.CS.left.a <- 0]
[           127798252] <dut.CS.root>  WARNING: unstable transition on `fd_a__w_1'   [by dut.CS.root.a <- 0]
[           129700459] <dut.CS.left>  WARNING: unstable transition on `fd_a__w_1'   [by dut.CS.left.a <- 0]
[           129792793] <dut.CS.right>  WARNING: unstable transition on `fd_a__w_1'   [by dut.CS.right.a <- 0]
[           130187387] <dut.CS.root>  WARNING: unstable transition on `fd_a__w_1'   [by dut.CS.root.a <- 0]
[           130694745] <dut.CS.right>  WARNING: unstable transition on `fd_a__w_1'   [by dut.CS.right.a <- 0]
[           130776033] <dut.CS.right>  WARNING: unstable transition on `fd_a__w_1'   [by dut.CS.right.a <- 0]
[           132950236] <dut.CS.left>  WARNING: unstable transition on `fd_a__w_1'   [by dut.CS.left.a <- 0]
[           133996875] <dut.CS.left>  WARNING: unstable transition on `fd_a__w_1'   [by dut.CS.left.a <- 0]
[           137177620] <dut.CS.left>  WARNING: unstable transition on `fd_a__w_1'   [by dut.CS.left.a <- 0]
[           138347142] <dut.CS.root>  WARNING: unstable transition on `fd_a__w_1'   [by dut.CS.root.a <- 0]
[           139733314] <dut.CS.root>  WARNING: unstable transition on `fd_a__w_1'   [by dut.CS.root.a <- 0]
[           139872510] <dut.CS.left>  WARNING: unstable transition on `fd_a__w_1'   [by dut.CS.left.a <- 0]
[           144936894] <dut.CS.root>  WARNING: unstable transition on `fd_a__w_1'   [by dut.CS.root.a <- 0]
[           145631820] <dut.CS.right>  WARNING: unstable transition on `fd_a__w_1'   [by dut.CS.right.a <- 0]
[           145757603] <dut.CS.root>  WARNING: unstable transition on `fd_a__w_1'   [by dut.CS.root.a <- 0]
[           146381794] <dut.CS.right>  WARNING: unstable transition on `fd_a__w_1'   [by dut.CS.right.a <- 0]
[           147920404] <dut.CS.root>  WARNING: unstable transition on `fd_a__w_1'   [by dut.CS.root.a <- 0]
[           149428776] <dut.CS.right>  WARNING: unstable transition on `fd_a__w_1'   [by dut.CS.right.a <- 0]
[           150202514] <dut.CS.root>  WARNING: unstable transition on `fd_a__w_1'   [by dut.CS.root.a <- 0]
[           150522815] <dut.CS.left>  WARNING: unstable transition on `fd_a__w_1'   [by dut.CS.left.a <- 0]
[           152727593] <dut.CS.root>  WARNING: unstable transition on `fd_a__w_1'   [by dut.CS.root.a <- 0]
[           157251101] <dut.CS.root>  WARNING: unstable transition on `fd_a__w_1'   [by dut.CS.root.a <- 0]
[           157571756] <dut.CS.root>  WARNING: unstable transition on `fd_a__w_1'   [by dut.CS.root.a <- 0]
[           157983619] <dut.CS.root>  WARNING: unstable transition on `fd_a__w_1'   [by dut.CS.root.a <- 0]
[           160414235] <dut.CS.root>  WARNING: unstable transition on `fd_a__w_1'   [by dut.CS.root.a <- 0]
[           161064901] <dut.CS.right>  WARNING: unstable transition on `fd_a__w_1'   [by dut.CS.right.a <- 0]
[           161109868] <dut.CS.left>  WARNING: unstable transition on `fd_a__w_1'   [by dut.CS.left.a <- 0]
[           161478739] <dut.CS.root>  WARNING: unstable transition on `fd_a__w_1'   [by dut.CS.root.a <- 0]
[           162228309] <dut.CS.left>  WARNING: unstable transition on `fd_a__w_1'   [by dut.CS.left.a <- 0]
[           162456438] <dut.CS.root>  WARNING: unstable transition on `fd_a__w_1'   [by dut.CS.root.a <- 0]
[           162928928] <dut.CS.right>  WARNING: unstable transition on `fd_a__w_1'   [by dut.CS.right.a <- 0]
[           163691766] <dut.CS.root>  WARNING: unstable transition on `fd_a__w_1'   [by dut.CS.root.a <- 0]
[           163966721] <dut.CS.right>  WARNING: unstable transition on `fd_a__w_1'   [by dut.CS.right.a <- 0]
[           165908955] <dut.CS.right>  WARNING: unstable transition on `fd_a__w_1'   [by dut.CS.right.a <- 0]
[           168123966] <dut.CS.root>  WARNING: unstable transition on `fd_a__w_1'   [by dut.CS.root.a <- 0]
[           168248894] <dut.CS.left>  WARNING: unstable transition on `fd_a__w_1'   [by dut.CS.left.a <- 0]
[           168792472] <dut.CS.root>  WARNING: unstable transition on `fd_a__w_1'   [by dut.CS.root.a <- 0]
[           168873395] <dut.CS.left>  WARNING: unstable transition on `fd_a__w_1'   [by dut.CS.left.a <- 0]
[           170673460] <dut.CS.left>  WARNING: unstable transition on `fd_a__w_1'   [by dut.CS.left.a <- 0]
[           170730995] <dut.CS.left>  WARNING: unstable transition on `fd_a__w_1'   [by dut.CS.left.a <- 0]
[           171230574] <dut.CS.left>  WARNING: unstable transition on `fd_a__w_1'   [by dut.CS.left.a <- 0]
[           171426579] <dut.CS.root>  WARNING: unstable transition on `fd_a__w_1'   [by dut.CS.root.a <- 0]
[           172400132] <dut.CS.root>  WARNING: unstable transition on `fd_a__w_1'   [by dut.CS.root.a <- 0]
[           172842931] <dut.CS.root>  WARNING: unstable transition on `fd_a__w_1'   [by dut.CS.root.a <- 0]
[           173026056] <dut.CS.left>  WARNING: unstable transition on `fd_a__w_1'   [by dut.CS.left.a <- 0]
[           173543867] <dut.CS.right>  WARNING: unstable transition on `fd_a__w_1'   [by dut.CS.right.a <- 0]
[           173804738] <dut.CS.root>  WARNING: unstable transition on `fd_a__w_1'   [by dut.CS.root.a <- 0]
[           173874686] <dut.CS.right>  WARNING: unstable transition on `fd_a__w_1'   [by dut.CS.right.a <- 0]
[           173874903] <dut.CS.root>  WARNING: unstable transition on `fd_a__w_1'   [by dut.CS.root.a <- 0]
[           174782651] <dut.CS.root>  WARNING: unstable transition on `fd_a__w_1'   [by dut.CS.root.a <- 0]
[           177640748] <dut.CS.root>  WARNING: unstable transition on `fd_a__w_1'   [by dut.CS.root.a <- 0]
[           178086215] <dut.CS.left>  WARNING: unstable transition on `fd_a__w_1'   [by dut.CS.left.a <- 0]
[           178257777] <dut.CS.right>  WARNING: unstable transition on `fd_a__w_1'   [by dut.CS.right.a <- 0]
[           178862156] <dut.CS.root>  WARNING: unstable transition on `fd_a__w_1'   [by dut.CS.root.a <- 0]
[           182894968] <dut.CS.root>  WARNING: unstable transition on `fd_a__w_1'   [by dut.CS.root.a <- 0]
[           183312177] <dut.CS.root>  WARNING: unstable transition on `fd_a__w_1'   [by dut.CS.root.a <- 0]
[           186881007] <dut.CS.root>  WARNING: unstable transition on `fd_a__w_1'   [by dut.CS.root.a <- 0]
[           188579226] <dut.CS.right>  WARNING: unstable transition on `fd_a__w_1'   [by dut.CS.right.a <- 0]
[           190086962] <dut.CS.right>  WARNING: unstable transition on `fd_a__w_1'   [by dut.CS.right.a <- 0]
[           191123306] <dut.CS.right>  WARNING: unstable transition on `fd_a__w_1'   [by dut.CS.right.a <- 0]
[           191883320] <dut.CS.right>  WARNING: unstable transition on `fd_a__w_1'   [by dut.CS.right.a <- 0]
[           192369233] <dut.CS.root>  WARNING: unstable transition on `fd_a__w_1'   [by dut.CS.root.a <- 0]
[           192495720] <dut.CS.left>  WARNING: unstable transition on `fd_a__w_1'   [by dut.CS.left.a <- 0]
[           193134667] <dut.CS.right>  WARNING: unstable transition on `fd_a__w_1'   [by dut.CS.right.a <- 0]
[           195684667] <dut.CS.left>  WARNING: unstable transition on `fd_a__w_1'   [by dut.CS.left.a <- 0]
[           197440921] <dut.CS.right>  WARNING: unstable transition on `fd_a__w_1'   [by dut.CS.right.a <- 0]
[           197753052] <dut.CS.root>  WARNING: unstable transition on `fd_a__w_1'   [by dut.CS.root.a <- 0]
[           198305384] <dut.CS.root>  WARNING: unstable transition on `fd_a__w_1'   [by dut.CS.root.a <- 0]
[           198948941] <dut.CS.root>  WARNING: unstable transition on `fd_a__w_1'   [by dut.CS.root.a <- 0]
[           199985385] <dut.CS.right>  WARNING: unstable transition on `fd_a__w_1'   [by dut.CS.right.a <- 0]
[           203204355] <dut.CS.root>  WARNING: unstable transition on `fd_a__w_1'   [by dut.CS.root.a <- 0]
[           204240274] <dut.CS.left>  WARNING: unstable transition on `fd_a__w_1'   [by dut.CS.left.a <- 0]
[           205215564] <dut.CS.left>  WARNING: unstable transition on `fd_a__w_1'   [by dut.CS.left.a <- 0]
[           205596925] <dut.CS.right>  WARNING: unstable transition on `fd_a__w_1'   [by dut.CS.right.a <- 0]
[           209616990] <dut.CS.root>  WARNING: unstable transition on `fd_a__w_1'   [by dut.CS.root.a <- 0]
[           210089203] <dut.CS.root>  WARNING: unstable transition on `fd_a__w_1'   [by dut.CS.root.a <- 0]
[           210379483] <dut.CS.root>  WARNING: unstable transition on `fd_a__w_1'   [by dut.CS.root.a <- 0]
[           211904724] <dut.CS.right>  WARNING: unstable transition on `fd_a__w_1'   [by dut.CS.right.a <- 0]
[           211962797] <dut.CS.root>  WARNING: unstable transition on `fd_a__w_1'   [by dut.CS.root.a <- 0]
[           212494551] <dut.CS.left>  WARNING: unstable transition on `fd_a__w_1'   [by dut.CS.left.a <- 0]
[           214261826] <dut.CS.root>  WARNING: unstable transition on `fd_a__w_1'   [by dut.CS.root.a <- 0]
[           216859884] <dut.CS.left>  WARNING: unstable transition on `fd_a__w_1'   [by dut.CS.left.a <- 0]
[           217577500] <dut.CS.right>  WARNING: unstable transition on `fd_a__w_1'   [by dut.CS.right.a <- 0]
[           220412676] <dut.CS.root>  WARNING: unstable transition on `fd_a__w_1'   [by dut.CS.root.a <- 0]
[           221372674] <dut.CS.root>  WARNING: unstable transition on `fd_a__w_1'   [by dut.CS.root.a <- 0]
[           223238705] <dut.CS.left>  WARNING: unstable transition on `fd_a__w_1'   [by dut.CS.left.a <- 0]
[           224790306] <dut.CS.right>  WARNING: unstable transition on `fd_a__w_1'   [by dut.CS.right.a <- 0]
[           224790671] <dut.CS.root>  WARNING: unstable transition on `fd_a__w_1'   [by dut.CS.root.a <- 0]
[           226483423] <dut.CS.root>  WARNING: unstable transition on `fd_a__w_1'   [by dut.CS.root.a <- 0]
[           231258146] <dut.CS.root>  WARNING: unstable transition on `fd_a__w_1'   [by dut.CS.root.a <- 0]
[           232005041] <dut.CS.root>  WARNING: unstable transition on `fd_a__w_1'   [by dut.CS.root.a <- 0]
[           232632823] <dut.CS.root>  WARNING: unstable transition on `fd_a__w_1'   [by dut.CS.root.a <- 0]
[           234002717] <dut.CS.root>  WARNING: unstable transition on `fd_a__w_1'   [by dut.CS.root.a <- 0]
[           235849538] <dut.CS.right>  WARNING: unstable transition on `fd_a__w_1'   [by dut.CS.right.a <- 0]
[           236456948] <dut.CS.right>  WARNING: unstable transition on `fd_a__w_1'   [by dut.CS.right.a <- 0]
[           238187108] <dut.CS.right>  WARNING: unstable transition on `fd_a__w_1'   [by dut.CS.right.a <- 0]
[           239623821] <dut.CS.left>  WARNING: unstable transition on `fd_a__w_1'   [by dut.CS.left.a <- 0]
[           240231180] <dut.CS.left>  WARNING: unstable transition on `fd_a__w_1'   [by dut.CS.left.a <- 0]
[           241127688] <dut.CS.left>  WARNING: unstable transition on `fd_a__w_1'   [by dut.CS.left.a <- 0]
[           242135669] <dut.CS.root>  WARNING: unstable transition on `fd_a__w_1'   [by dut.CS.root.a <- 0]
[           242887193] <dut.CS.right>  WARNING: unstable transition on `fd_a__w_1'   [by dut.CS.right.a <- 0]
[           246990334] <dut.CS.root>  WARNING: unstable transition on `fd_a__w_1'   [by dut.CS.root.a <- 0]
[           247506742] <dut.CS.left>  WARNING: unstable transition on `fd_a__w_1'   [by dut.CS.left.a <- 0]
[           247645631] <dut.CS.left>  WARNING: unstable transition on `fd_a__w_1'   [by dut.CS.left.a <- 0]
[           248912446] <dut.CS.right>  WARNING: unstable transition on `fd_a__w_1'   [by dut.CS.right.a <- 0]
[           250562488] <dut.CS.left>  WARNING: unstable transition on `fd_a__w_1'   [by dut.CS.left.a <- 0]
[           254791494] <dut.CS.right>  WARNING: unstable transition on `fd_a__w_1'   [by dut.CS.right.a <- 0]
[           255148195] <dut.CS.root>  WARNING: unstable transition on `fd_a__w_1'   [by dut.CS.root.a <- 0]
[           257022848] <dut.CS.root>  WARNING: unstable transition on `fd_a__w_1'   [by dut.CS.root.a <- 0]
[           257759189] <dut.CS.left>  WARNING: unstable transition on `fd_a__w_1'   [by dut.CS.left.a <- 0]
[           257977490] <dut.CS.right>  WARNING: unstable transition on `fd_a__w_1'   [by dut.CS.right.a <- 0]
[           259579588] <dut.CS.right>  WARNING: unstable transition on `fd_a__w_1'   [by dut.CS.right.a <- 0]
[           259983324] <dut.CS.right>  WARNING: unstable transition on `fd_a__w_1'   [by dut.CS.right.a <- 0]
[           261091034] <dut.CS.root>  WARNING: unstable transition on `fd_a__w_1'   [by dut.CS.root.a <- 0]
[           262346629] <dut.CS.right>  WARNING: unstable transition on `fd_a__w_1'   [by dut.CS.right.a <- 0]
[           264547194] <dut.CS.root>  WARNING: unstable transition on `fd_a__w_1'   [by dut.CS.root.a <- 0]
[           264663041] <dut.CS.root>  WARNING: unstable transition on `fd_a__w_1'   [by dut.CS.root.a <- 0]
[           265323784] <dut.CS.root>  WARNING: unstable transition on `fd_a__w_1'   [by dut.CS.root.a <- 0]
[           265729318] <dut.CS.right>  WARNING: unstable transition on `fd_a__w_1'   [by dut.CS.right.a <- 0]
[           266132930] <dut.CS.left>  WARNING: unstable transition on `fd_a__w_1'   [by dut.CS.left.a <- 0]
[           267855331] <dut.CS.left>  WARNING: unstable transition on `fd_a__w_1'   [by dut.CS.left.a <- 0]
[           271391798] <dut.CS.left>  WARNING: unstable transition on `fd_a__w_1'   [by dut.CS.left.a <- 0]
[           276106546] <dut.CS.root>  WARNING: unstable transition on `fd_a__w_1'   [by dut.CS.root.a <- 0]
[           277134903] <dut.CS.root>  WARNING: unstable transition on `fd_a__w_1'   [by dut.CS.root.a <- 0]
[           277894191] <dut.CS.root>  WARNING: unstable transition on `fd_a__w_1'   [by dut.CS.root.a <- 0]
[           278883839] <dut.CS.right>  WARNING: unstable transition on `fd_a__w_1'   [by dut.CS.right.a <- 0]
[           280373210] <dut.CS.root>  WARNING: unstable transition on `fd_a__w_1'   [by dut.CS.root.a <- 0]
[           280663504] <dut.CS.root>  WARNING: unstable transition on `fd_a__w_1'   [by dut.CS.root.a <- 0]
[           282254449] <dut.CS.root>  WARNING: unstable transition on `fd_a__w_1'   [by dut.CS.root.a <- 0]
[           284077466] <dut.CS.right>  WARNING: unstable transition on `fd_a__w_1'   [by dut.CS.right.a <- 0]
[           284338153] <dut.CS.right>  WARNING: unstable transition on `fd_a__w_1'   [by dut.CS.right.a <- 0]
[           284544912] <dut.CS.root>  WARNING: unstable transition on `fd_a__w_1'   [by dut.CS.root.a <- 0]
[           288607569] <dut.CS.left>  WARNING: unstable transition on `fd_a__w_1'   [by dut.CS.left.a <- 0]
[           290076759] <dut.CS.root>  WARNING: unstable transition on `fd_a__w_1'   [by dut.CS.root.a <- 0]
[           290504414] <dut.CS.root>  WARNING: unstable transition on `fd_a__w_1'   [by dut.CS.root.a <- 0]
[           291106168] <dut.CS.root>  WARNING: unstable transition on `fd_a__w_1'   [by dut.CS.root.a <- 0]
[           293290206] <dut.CS.right>  WARNING: unstable transition on `fd_a__w_1'   [by dut.CS.right.a <- 0]
[           293430621] <dut.CS.right>  WARNING: unstable transition on `fd_a__w_1'   [by dut.CS.right.a <- 0]
[           295749899] <dut.CS.root>  WARNING: unstable transition on `fd_a__w_1'   [by dut.CS.root.a <- 0]
[           297934529] <dut.CS.root>  WARNING: unstable transition on `fd_a__w_1'   [by dut.CS.root.a <- 0]
[           299287988] <dut.CS.left>  WARNING: unstable transition on `fd_a__w_1'   [by dut.CS.left.a <- 0]
[           300174016] <dut.CS.left>  WARNING: unstable transition on `fd_a__w_1'   [by dut.CS.left.a <- 0]
[           300819289] <dut.CS.right>  WARNING: unstable transition on `fd_a__w_1'   [by dut.CS.right.a <- 0]
[           302676968] <dut.CS.root>  WARNING: unstable transition on `fd_a__w_1'   [by dut.CS.root.a <- 0]
[           302875020] <dut.CS.left>  WARNING: unstable transition on `fd_a__w_1'   [by dut.CS.left.a <- 0]
[           302980533] <dut.CS.root>  WARNING: unstable transition on `fd_a__w_1'   [by dut.CS.root.a <- 0]
[           304987110] <dut.CS.root>  WARNING: unstable transition on `fd_a__w_1'   [by dut.CS.root.a <- 0]
[           305516260] <dut.CS.root>  WARNING: unstable transition on `fd_a__w_1'   [by dut.CS.root.a <- 0]
[           305607922] <dut.CS.right>  WARNING: unstable transition on `fd_a__w_1'   [by dut.CS.right.a <- 0]
[           306160970] <dut.CS.root>  WARNING: unstable transition on `fd_a__w_1'   [by dut.CS.root.a <- 0]
[           307446635] <dut.CS.left>  WARNING: unstable transition on `fd_a__w_1'   [by dut.CS.left.a <- 0]
[           307888957] <dut.CS.right>  WARNING: unstable transition on `fd_a__w_1'   [by dut.CS.right.a <- 0]
[           308418903] <dut.CS.root>  WARNING: unstable transition on `fd_a__w_1'   [by dut.CS.root.a <- 0]
[           309249569] <dut.CS.root>  WARNING: unstable transition on `fd_a__w_1'   [by dut.CS.root.a <- 0]
[           309934362] <dut.CS.left>  WARNING: unstable transition on `fd_a__w_1'   [by dut.CS.left.a <- 0]
[           310248329] <dut.CS.root>  WARNING: unstable transition on `fd_a__w_1'   [by dut.CS.root.a <- 0]
[           311399136] <dut.CS.root>  WARNING: unstable transition on `fd_a__w_1'   [by dut.CS.root.a <- 0]
[           312355178] <dut.CS.root>  WARNING: unstable transition on `fd_a__w_1'   [by dut.CS.root.a <- 0]
[           313889959] <dut.CS.root>  WARNING: unstable transition on `fd_a__w_1'   [by dut.CS.root.a <- 0]
[           314869690] <dut.CS.root>  WARNING: unstable transition on `fd_a__w_1'   [by dut.CS.root.a <- 0]
[           315571822] <dut.CS.right>  WARNING: unstable transition on `fd_a__w_1'   [by dut.CS.right.a <- 0]
[           316021794] <dut.CS.root>  WARNING: unstable transition on `fd_a__w_1'   [by dut.CS.root.a <- 0]
[           316379642] <dut.CS.root>  WARNING: unstable transition on `fd_a__w_1'   [by dut.CS.root.a <- 0]
[           318345925] <dut.CS.right>  WARNING: unstable transition on `fd_a__w_1'   [by dut.CS.right.a <- 0]
[           318601415] <dut.CS.left>  WARNING: unstable transition on `fd_a__w_1'   [by dut.CS.left.a <- 0]
[           319711502] <dut.CS.left>  WARNING: unstable transition on `fd_a__w_1'   [by dut.CS.left.a <- 0]
[           321354608] <dut.CS.left>  WARNING: unstable transition on `fd_a__w_1'   [by dut.CS.left.a <- 0]
[           324283753] <dut.CS.right>  WARNING: unstable transition on `fd_a__w_1'   [by dut.CS.right.a <- 0]
[           325041207] <dut.CS.right>  WARNING: unstable transition on `fd_a__w_1'   [by dut.CS.right.a <- 0]
[           326074593] <dut.CS.root>  WARNING: unstable transition on `fd_a__w_1'   [by dut.CS.root.a <- 0]
[           327194136] <dut.CS.root>  WARNING: unstable transition on `fd_a__w_1'   [by dut.CS.root.a <- 0]
[           327470919] <dut.CS.root>  WARNING: unstable transition on `fd_a__w_1'   [by dut.CS.root.a <- 0]
[           328410142] <dut.CS.root>  WARNING: unstable transition on `fd_a__w_1'   [by dut.CS.root.a <- 0]
[           329127582] <dut.CS.right>  WARNING: unstable transition on `fd_a__w_1'   [by dut.CS.right.a <- 0]
[           330012903] <dut.CS.root>  WARNING: unstable transition on `fd_a__w_1'   [by dut.CS.root.a <- 0]
[           333814174] <dut.CS.root>  WARNING: unstable transition on `fd_a__w_1'   [by dut.CS.root.a <- 0]
[           342688145] <dut.CS.right>  WARNING: unstable transition on `fd_a__w_1'   [by dut.CS.right.a <- 0]
[           346550357] <dut.CS.root>  WARNING: unstable transition on `fd_a__w_1'   [by dut.CS.root.a <- 0]
[           347172964] <dut.CS.root>  WARNING: unstable transition on `fd_a__w_1'   [by dut.CS.root.a <- 0]
[           347287862] <dut.CS.root>  WARNING: unstable transition on `fd_a__w_1'   [by dut.CS.root.a <- 0]
[           347323531] <dut.CS.right>  WARNING: unstable transition on `fd_a__w_1'   [by dut.CS.right.a <- 0]
[           348821638] <dut.CS.root>  WARNING: unstable transition on `fd_a__w_1'   [by dut.CS.root.a <- 0]
[           349327490] <dut.CS.root>  WARNING: unstable transition on `fd_a__w_1'   [by dut.CS.root.a <- 0]
[           351430216] <dut.CS.left>  WARNING: unstable transition on `fd_a__w_1'   [by dut.CS.left.a <- 0]
[           351511510] <dut.CS.root>  WARNING: unstable transition on `fd_a__w_1'   [by dut.CS.root.a <- 0]
[           352462687] <dut.CS.root>  WARNING: unstable transition on `fd_a__w_1'   [by dut.CS.root.a <- 0]
[           352530532] <dut.CS.left>  WARNING: unstable transition on `fd_a__w_1'   [by dut.CS.left.a <- 0]
[           352892073] <dut.CS.root>  WARNING: unstable transition on `fd_a__w_1'   [by dut.CS.root.a <- 0]
[           354285936] <dut.CS.root>  WARNING: unstable transition on `fd_a__w_1'   [by dut.CS.root.a <- 0]
[           354985754] <dut.CS.root>  WARNING: unstable transition on `fd_a__w_1'   [by dut.CS.root.a <- 0]
[           358105605] <dut.CS.root>  WARNING: unstable transition on `fd_a__w_1'   [by dut.CS.root.a <- 0]
[           358531409] <dut.CS.right>  WARNING: unstable transition on `fd_a__w_1'   [by dut.CS.right.a <- 0]
[           359203525] <dut.CS.root>  WARNING: unstable transition on `fd_a__w_1'   [by dut.CS.root.a <- 0]
[           359353627] <dut.CS.right>  WARNING: unstable transition on `fd_a__w_1'   [by dut.CS.right.a <- 0]
[           361216287] <dut.CS.right>  WARNING: unstable transition on `fd_a__w_1'   [by dut.CS.right.a <- 0]
[           361469212] <dut.CS.left>  WARNING: unstable transition on `fd_a__w_1'   [by dut.CS.left.a <- 0]
[           361713916] <dut.CS.root>  WARNING: unstable transition on `fd_a__w_1'   [by dut.CS.root.a <- 0]
[           362436790] <dut.CS.left>  WARNING: unstable transition on `fd_a__w_1'   [by dut.CS.left.a <- 0]
[           362528680] <dut.CS.right>  WARNING: unstable transition on `fd_a__w_1'   [by dut.CS.right.a <- 0]
[           365697152] <dut.CS.root>  WARNING: unstable transition on `fd_a__w_1'   [by dut.CS.root.a <- 0]
[           367276505] <dut.CS.left>  WARNING: unstable transition on `fd_a__w_1'   [by dut.CS.left.a <- 0]
[           368338208] <dut.CS.root>  WARNING: unstable transition on `fd_a__w_1'   [by dut.CS.root.a <- 0]
[           368659627] <dut.CS.root>  WARNING: unstable transition on `fd_a__w_1'   [by dut.CS.root.a <- 0]
[           369459967] <dut.CS.root>  WARNING: unstable transition on `fd_a__w_1'   [by dut.CS.root.a <- 0]
[           370754517] <dut.CS.left>  WARNING: unstable transition on `fd_a__w_1'   [by dut.CS.left.a <- 0]
[           373273167] <dut.CS.root>  WARNING: unstable transition on `fd_a__w_1'   [by dut.CS.root.a <- 0]
[           374522042] <dut.CS.root>  WARNING: unstable transition on `fd_a__w_1'   [by dut.CS.root.a <- 0]
[           374766631] <dut.CS.root>  WARNING: unstable transition on `fd_a__w_1'   [by dut.CS.root.a <- 0]
[           375064407] <dut.CS.right>  WARNING: unstable transition on `fd_a__w_1'   [by dut.CS.right.a <- 0]
[           375317755] <dut.CS.left>  WARNING: unstable transition on `fd_a__w_1'   [by dut.CS.left.a <- 0]
[           376378244] <dut.CS.right>  WARNING: unstable transition on `fd_a__w_1'   [by dut.CS.right.a <- 0]
[           378664118] <dut.CS.right>  WARNING: unstable transition on `fd_a__w_1'   [by dut.CS.right.a <- 0]
[           379472251] <dut.CS.root>  WARNING: unstable transition on `fd_a__w_1'   [by dut.CS.root.a <- 0]
[           380478732] <dut.CS.right>  WARNING: unstable transition on `fd_a__w_1'   [by dut.CS.right.a <- 0]
[           380650393] <dut.CS.root>  WARNING: unstable transition on `fd_a__w_1'   [by dut.CS.root.a <- 0]
[           380859758] <dut.CS.left>  WARNING: unstable transition on `fd_a__w_1'   [by dut.CS.left.a <- 0]
[           380999487] <dut.CS.root>  WARNING: unstable transition on `fd_a__w_1'   [by dut.CS.root.a <- 0]
[           381299236] <dut.CS.right>  WARNING: unstable transition on `fd_a__w_1'   [by dut.CS.right.a <- 0]
[           382179561] <dut.CS.root>  WARNING: unstable transition on `fd_a__w_1'   [by dut.CS.root.a <- 0]
[           384075241] <dut.CS.right>  WARNING: unstable transition on `fd_a__w_1'   [by dut.CS.right.a <- 0]
[           384814012] <dut.CS.left>  WARNING: unstable transition on `fd_a__w_1'   [by dut.CS.left.a <- 0]
[           385270152] <dut.CS.right>  WARNING: unstable transition on `fd_a__w_1'   [by dut.CS.right.a <- 0]
[           385590254] <dut.CS.root>  WARNING: unstable transition on `fd_a__w_1'   [by dut.CS.root.a <- 0]
[           389685298] <dut.CS.right>  WARNING: unstable transition on `fd_a__w_1'   [by dut.CS.right.a <- 0]
[           394938775] <dut.CS.right>  WARNING: unstable transition on `fd_a__w_1'   [by dut.CS.right.a <- 0]
[           395064639] <dut.CS.root>  WARNING: unstable transition on `fd_a__w_1'   [by dut.CS.root.a <- 0]
[           396577623] <dut.CS.root>  WARNING: unstable transition on `fd_a__w_1'   [by dut.CS.root.a <- 0]
[           396881983] <dut.CS.root>  WARNING: unstable transition on `fd_a__w_1'   [by dut.CS.root.a <- 0]
[           398761523] <dut.CS.right>  WARNING: unstable transition on `fd_a__w_1'   [by dut.CS.right.a <- 0]
[           400107765] <dut.CS.left>  WARNING: unstable transition on `fd_a__w_1'   [by dut.CS.left.a <- 0]
[           400271086] <dut.CS.root>  WARNING: unstable transition on `fd_a__w_1'   [by dut.CS.root.a <- 0]
[           400591166] <dut.CS.root>  WARNING: unstable transition on `fd_a__w_1'   [by dut.CS.root.a <- 0]
[           400659189] <dut.CS.root>  WARNING: unstable transition on `fd_a__w_1'   [by dut.CS.root.a <- 0]
[           400671839] <dut.CS.root>  WARNING: unstable transition on `fd_a__w_1'   [by dut.CS.root.a <- 0]
[           401212969] <dut.CS.left>  WARNING: unstable transition on `fd_a__w_1'   [by dut.CS.left.a <- 0]
[           401628729] <dut.CS.root>  WARNING: unstable transition on `fd_a__w_1'   [by dut.CS.root.a <- 0]
[           402978709] <dut.CS.right>  WARNING: unstable transition on `fd_a__w_1'   [by dut.CS.right.a <- 0]
[           404918562] <dut.CS.right>  WARNING: unstable transition on `fd_a__w_1'   [by dut.CS.right.a <- 0]
[           404964597] <dut.CS.left>  WARNING: unstable transition on `fd_a__w_1'   [by dut.CS.left.a <- 0]
[           405446660] <dut.CS.left>  WARNING: unstable transition on `fd_a__w_1'   [by dut.CS.left.a <- 0]
[           412662145] <dut.CS.right>  WARNING: unstable transition on `fd_a__w_1'   [by dut.CS.right.a <- 0]
[           413412335] <dut.CS.root>  WARNING: unstable transition on `fd_a__w_1'   [by dut.CS.root.a <- 0]
[           413954256] <dut.CS.root>  WARNING: unstable transition on `fd_a__w_1'   [by dut.CS.root.a <- 0]
[           419798287] <dut.CS.right>  WARNING: unstable transition on `fd_a__w_1'   [by dut.CS.right.a <- 0]
[           422101686] <dut.CS.left>  WARNING: unstable transition on `fd_a__w_1'   [by dut.CS.left.a <- 0]
[           425988614] <dut.CS.left>  WARNING: unstable transition on `fd_a__w_1'   [by dut.CS.left.a <- 0]
[           426265272] <dut.CS.left>  WARNING: unstable transition on `fd_a__w_1'   [by dut.CS.left.a <- 0]
[           427327556] <dut.CS.root>  WARNING: unstable transition on `fd_a__w_1'   [by dut.CS.root.a <- 0]
[           429953124] <dut.CS.right>  WARNING: unstable transition on `fd_a__w_1'   [by dut.CS.right.a <- 0]
[           430385802] <dut.CS.root>  WARNING: unstable transition on `fd_a__w_1'   [by dut.CS.root.a <- 0]
[           433127565] <dut.CS.root>  WARNING: unstable transition on `fd_a__w_1'   [by dut.CS.root.a <- 0]
[           433207764] <dut.CS.right>  WARNING: unstable transition on `fd_a__w_1'   [by dut.CS.right.a <- 0]
[           433496890] <dut.CS.right>  WARNING: unstable transition on `fd_a__w_1'   [by dut.CS.right.a <- 0]
[           436733333] <dut.CS.right>  WARNING: unstable transition on `fd_a__w_1'   [by dut.CS.right.a <- 0]
[           437197295] <dut.CS.root>  WARNING: unstable transition on `fd_a__w_1'   [by dut.CS.root.a <- 0]
[           439650993] <dut.CS.right>  WARNING: unstable transition on `fd_a__w_1'   [by dut.CS.right.a <- 0]
[           440182813] <dut.CS.root>  WARNING: unstable transition on `fd_a__w_1'   [by dut.CS.root.a <- 0]
[           441351496] <dut.CS.left>  WARNING: unstable transition on `fd_a__w_1'   [by dut.CS.left.a <- 0]
[           442391213] <dut.CS.left>  WARNING: unstable transition on `fd_a__w_1'   [by dut.CS.left.a <- 0]
[           444153135] <dut.CS.right>  WARNING: unstable transition on `fd_a__w_1'   [by dut.CS.right.a <- 0]
[           447043202] <dut.CS.root>  WARNING: unstable transition on `fd_a__w_1'   [by dut.CS.root.a <- 0]
[           447135088] <dut.CS.right>  WARNING: unstable transition on `fd_a__w_1'   [by dut.CS.right.a <- 0]
[           450000828] <dut.CS.root>  WARNING: unstable transition on `fd_a__w_1'   [by dut.CS.root.a <- 0]
[           450314702] <dut.CS.right>  WARNING: unstable transition on `fd_a__w_1'   [by dut.CS.right.a <- 0]
[           451875863] <dut.CS.root>  WARNING: unstable transition on `fd_a__w_1'   [by dut.CS.root.a <- 0]
[           453605232] <dut.CS.left>  WARNING: unstable transition on `fd_a__w_1'   [by dut.CS.left.a <- 0]
[           454408579] <dut.CS.right>  WARNING: unstable transition on `fd_a__w_1'   [by dut.CS.right.a <- 0]
[           456236740] <dut.CS.root>  WARNING: unstable transition on `fd_a__w_1'   [by dut.CS.root.a <- 0]
[           457584709] <dut.CS.right>  WARNING: unstable transition on `fd_a__w_1'   [by dut.CS.right.a <- 0]
[           458754167] <dut.CS.right>  WARNING: unstable transition on `fd_a__w_1'   [by dut.CS.right.a <- 0]
[           460609439] <dut.CS.root>  WARNING: unstable transition on `fd_a__w_1'   [by dut.CS.root.a <- 0]
[           462139708] <dut.CS.right>  WARNING: unstable transition on `fd_a__w_1'   [by dut.CS.right.a <- 0]
[           462461842] <dut.CS.left>  WARNING: unstable transition on `fd_a__w_1'   [by dut.CS.left.a <- 0]
[           463604770] <dut.CS.right>  WARNING: unstable transition on `fd_a__w_1'   [by dut.CS.right.a <- 0]
[           463924943] <dut.CS.root>  WARNING: unstable transition on `fd_a__w_1'   [by dut.CS.root.a <- 0]
[           465479997] <dut.CS.root>  WARNING: unstable transition on `fd_a__w_1'   [by dut.CS.root.a <- 0]
[           466479571] <dut.CS.root>  WARNING: unstable transition on `fd_a__w_1'   [by dut.CS.root.a <- 0]
[           466710255] <dut.CS.root>  WARNING: unstable transition on `fd_a__w_1'   [by dut.CS.root.a <- 0]
[           468941250] <dut.CS.right>  WARNING: unstable transition on `fd_a__w_1'   [by dut.CS.right.a <- 0]
[           469666500] <dut.CS.root>  WARNING: unstable transition on `fd_a__w_1'   [by dut.CS.root.a <- 0]
[           472852833] <dut.CS.root>  WARNING: unstable transition on `fd_a__w_1'   [by dut.CS.root.a <- 0]
[           472958836] <dut.CS.right>  WARNING: unstable transition on `fd_a__w_1'   [by dut.CS.right.a <- 0]
[           473611544] <dut.CS.left>  WARNING: unstable transition on `fd_a__w_1'   [by dut.CS.left.a <- 0]
[           475934654] <dut.CS.right>  WARNING: unstable transition on `fd_a__w_1'   [by dut.CS.right.a <- 0]
[           476211676] <dut.CS.right>  WARNING: unstable transition on `fd_a__w_1'   [by dut.CS.right.a <- 0]
[           477379242] <dut.CS.root>  WARNING: unstable transition on `fd_a__w_1'   [by dut.CS.root.a <- 0]
[           478740178] <dut.CS.left>  WARNING: unstable transition on `fd_a__w_1'   [by dut.CS.left.a <- 0]
[           478763851] <dut.CS.right>  WARNING: unstable transition on `fd_a__w_1'   [by dut.CS.right.a <- 0]
[           479331543] <dut.CS.root>  WARNING: unstable transition on `fd_a__w_1'   [by dut.CS.root.a <- 0]
[           479375378] <dut.CS.left>  WARNING: unstable transition on `fd_a__w_1'   [by dut.CS.left.a <- 0]
[           479661847] <dut.CS.right>  WARNING: unstable transition on `fd_a__w_1'   [by dut.CS.right.a <- 0]
[           479867674] <dut.CS.root>  WARNING: unstable transition on `fd_a__w_1'   [by dut.CS.root.a <- 0]
[           480405018] <dut.CS.left>  WARNING: unstable transition on `fd_a__w_1'   [by dut.CS.left.a <- 0]
[           481050905] <dut.CS.root>  WARNING: unstable transition on `fd_a__w_1'   [by dut.CS.root.a <- 0]
[           482292691] <dut.CS.root>  WARNING: unstable transition on `fd_a__w_1'   [by dut.CS.root.a <- 0]
[           483752767] <dut.CS.root>  WARNING: unstable transition on `fd_a__w_1'   [by dut.CS.root.a <- 0]
[           483808820] <dut.CS.right>  WARNING: unstable transition on `fd_a__w_1'   [by dut.CS.right.a <- 0]
[           486831912] <dut.CS.left>  WARNING: unstable transition on `fd_a__w_1'   [by dut.CS.left.a <- 0]
[           487352780] <dut.CS.right>  WARNING: unstable transition on `fd_a__w_1'   [by dut.CS.right.a <- 0]
[           487675282] <dut.CS.left>  WARNING: unstable transition on `fd_a__w_1'   [by dut.CS.left.a <- 0]
[           488794230] <dut.CS.right>  WARNING: unstable transition on `fd_a__w_1'   [by dut.CS.right.a <- 0]
[           490943126] <dut.CS.root>  WARNING: unstable transition on `fd_a__w_1'   [by dut.CS.root.a <- 0]
[           490954505] <dut.CS.right>  WARNING: unstable transition on `fd_a__w_1'   [by dut.CS.right.a <- 0]
[           491217951] <dut.CS.right>  WARNING: unstable transition on `fd_a__w_1'   [by dut.CS.right.a <- 0]
[           491356510] <dut.CS.right>  WARNING: unstable transition on `fd_a__w_1'   [by dut.CS.right.a <- 0]
[           491553445] <dut.CS.root>  WARNING: unstable transition on `fd_a__w_1'   [by dut.CS.root.a <- 0]
[           493238341] <dut.CS.root>  WARNING: unstable transition on `fd_a__w_1'   [by dut.CS.root.a <- 0]
[           493431759] <dut.CS.root>  WARNING: unstable transition on `fd_a__w_1'   [by dut.CS.root.a <- 0]
[           493892640] <dut.CS.root>  WARNING: unstable transition on `fd_a__w_1'   [by dut.CS.root.a <- 0]
[           494378199] <dut.CS.root>  WARNING: unstable transition on `fd_a__w_1'   [by dut.CS.root.a <- 0]
[           495105975] <dut.CS.right>  WARNING: unstable transition on `fd_a__w_1'   [by dut.CS.right.a <- 0]
[           495207298] <dut.CS.root>  WARNING: unstable transition on `fd_a__w_1'   [by dut.CS.root.a <- 0]
[           496479641] <dut.CS.root>  WARNING: unstable transition on `fd_a__w_1'   [by dut.CS.root.a <- 0]
[           496549989] <dut.CS.root>  WARNING: unstable transition on `fd_a__w_1'   [by dut.CS.root.a <- 0]
[           497944516] <dut.CS.root>  WARNING: unstable transition on `fd_a__w_1'   [by dut.CS.root.a <- 0]
[           498287564] <dut.CS.right>  WARNING: unstable transition on `fd_a__w_1'   [by dut.CS.right.a <- 0]
[           499314576] <dut.CS.root>  WARNING: unstable transition on `fd_a__w_1'   [by dut.CS.root.a <- 0]
TB_STRESS_END 500010000
[           500042622] <driver>  PASSED: rounds=7224
TB_FINAL
done: 1
fail: 0
rounds: 7224  (0x1c38)
TB_PROGRESS_BEGIN
issued: 7224  (0x1c38)
tx_count: 101136  (0x18b10)
tx_last: 4294967135  (0xffffff5f)
tx_next: 0  (0x0)
rx_count[0]: 14448  (0x3870)
rx_last[0]: 4294967055  (0xffffff0f)
rx_next[0]: 4294942476  (0xffff9f0c)
rx_count[1]: 14448  (0x3870)
rx_last[1]: 4294967071  (0xffffff1f)
rx_next[1]: 4294942492  (0xffff9f1c)
rx_count[2]: 14448  (0x3870)
rx_last[2]: 4294967087  (0xffffff2f)
rx_next[2]: 4294942508  (0xffff9f2c)
rx_count[3]: 14448  (0x3870)
rx_last[3]: 4294967103  (0xffffff3f)
rx_next[3]: 4294942524  (0xffff9f3c)
rx_count[4]: 36120  (0x8d18)
rx_last[4]: 4294967135  (0xffffff5f)
rx_next[4]: 4294967118  (0xffffff4e)
rx_count[5]: 0  (0x0)
rx_last[5]: 0  (0x0)
rx_next[5]: 0  (0x0)
TB_PROGRESS_END
TB_X_BEGIN
TB_X_END
TB_COMPLETION_ASSERTIONS
